0 verbose cli C:\Program Files\nodejs\node.exe C:\Users\21260\AppData\Roaming\npm\node_modules\npm\bin\npm-cli.js
1 info using npm@11.1.0
2 info using node@v20.17.0
3 silly config load:file:C:\Users\21260\AppData\Roaming\npm\node_modules\npm\npmrc
4 silly config load:file:C:\impresslola\.npmrc
5 silly config load:file:C:\Users\21260\.npmrc
6 silly config load:file:C:\Users\21260\AppData\Roaming\npm\etc\npmrc
7 verbose title npm i @angular-devkit/build-angular@19.2.0 @angular/compiler-cli@19.2.0 @angular/language-service@19.2.0 @angular/localize@19.2.0
8 verbose argv "i" "--save-dev" "--save-exact" "@angular-devkit/build-angular@19.2.0" "@angular/compiler-cli@19.2.0" "@angular/language-service@19.2.0" "@angular/localize@19.2.0"
9 verbose logfile logs-max:10 dir:C:\impresslola\clear\_logs\2025-09-01T17_10_10_118Z-
10 verbose logfile C:\impresslola\clear\_logs\2025-09-01T17_10_10_118Z-debug-0.log
11 silly logfile start cleaning logs, removing 1 files
12 silly packumentCache heap:4345298944 maxSize:1086324736 maxEntrySize:543162368
13 silly logfile done cleaning log files
14 silly idealTree buildDeps
15 silly fetch manifest @angular-devkit/build-angular@19.2.0
16 silly packumentCache full:https://registry.npmjs.org/@angular-devkit%2fbuild-angular cache-miss
17 http fetch GET 200 https://registry.npmjs.org/@angular-devkit%2fbuild-angular 934ms (cache updated)
18 silly packumentCache full:https://registry.npmjs.org/@angular-devkit%2fbuild-angular set size:undefined disposed:false
19 silly fetch manifest @angular/compiler-cli@19.2.0
20 silly packumentCache full:https://registry.npmjs.org/@angular%2fcompiler-cli cache-miss
21 http fetch GET 200 https://registry.npmjs.org/@angular%2fcompiler-cli 178ms (cache updated)
22 silly packumentCache full:https://registry.npmjs.org/@angular%2fcompiler-cli set size:undefined disposed:false
23 silly fetch manifest @angular/compiler@^19.2.0
24 silly packumentCache full:https://registry.npmjs.org/@angular%2fcompiler cache-miss
25 http cache https://registry.npmjs.org/@angular%2fcompiler 30ms (cache hit)
26 silly packumentCache full:https://registry.npmjs.org/@angular%2fcompiler set size:2484251 disposed:false
27 silly fetch manifest @angular/compiler@19.2.0
28 silly packumentCache full:https://registry.npmjs.org/@angular%2fcompiler cache-miss
29 http cache https://registry.npmjs.org/@angular%2fcompiler 24ms (cache hit)
30 silly packumentCache full:https://registry.npmjs.org/@angular%2fcompiler set size:2484251 disposed:false
31 silly fetch manifest @angular/core@^19.2.0
32 silly packumentCache full:https://registry.npmjs.org/@angular%2fcore cache-miss
33 http cache https://registry.npmjs.org/@angular%2fcore 26ms (cache hit)
34 silly packumentCache full:https://registry.npmjs.org/@angular%2fcore set size:2676256 disposed:false
35 silly fetch manifest @angular/core@19.2.0
36 silly packumentCache full:https://registry.npmjs.org/@angular%2fcore cache-miss
37 http cache https://registry.npmjs.org/@angular%2fcore 25ms (cache hit)
38 silly packumentCache full:https://registry.npmjs.org/@angular%2fcore set size:2676256 disposed:false
39 silly fetch manifest rxjs@~7.8.0
40 silly packumentCache full:https://registry.npmjs.org/rxjs cache-miss
41 http cache https://registry.npmjs.org/rxjs 20ms (cache hit)
42 silly packumentCache full:https://registry.npmjs.org/rxjs set size:980097 disposed:false
43 silly fetch manifest zone.js@^0.15.1
44 silly packumentCache full:https://registry.npmjs.org/zone.js cache-miss
45 http cache https://registry.npmjs.org/zone.js 16ms (cache hit)
46 silly packumentCache full:https://registry.npmjs.org/zone.js set size:365274 disposed:false
47 silly fetch manifest typescript@~5.5.4
48 silly packumentCache full:https://registry.npmjs.org/typescript cache-miss
49 http fetch GET 200 https://registry.npmjs.org/typescript 431ms (cache updated)
50 silly packumentCache full:https://registry.npmjs.org/typescript set size:undefined disposed:false
51 silly fetch manifest @angular/localize@19.2.0
52 silly packumentCache full:https://registry.npmjs.org/@angular%2flocalize cache-miss
53 http fetch GET 200 https://registry.npmjs.org/@angular%2flocalize 148ms (cache updated)
54 silly packumentCache full:https://registry.npmjs.org/@angular%2flocalize set size:undefined disposed:false
55 silly fetch manifest @angular/platform-server@^19.0.0 || ^19.2.0-next.0
56 silly packumentCache full:https://registry.npmjs.org/@angular%2fplatform-server cache-miss
57 http fetch GET 200 https://registry.npmjs.org/@angular%2fplatform-server 138ms (cache updated)
58 silly packumentCache full:https://registry.npmjs.org/@angular%2fplatform-server set size:undefined disposed:false
59 silly fetch manifest @angular/common@^19.2.0
60 silly packumentCache full:https://registry.npmjs.org/@angular%2fcommon cache-miss
61 http cache https://registry.npmjs.org/@angular%2fcommon 24ms (cache hit)
62 silly packumentCache full:https://registry.npmjs.org/@angular%2fcommon set size:2828063 disposed:false
63 silly fetch manifest @angular/core@19.2.14
64 silly packumentCache full:https://registry.npmjs.org/@angular%2fcore cache-miss
65 http cache https://registry.npmjs.org/@angular%2fcore 17ms (cache hit)
66 silly packumentCache full:https://registry.npmjs.org/@angular%2fcore set size:2676256 disposed:false
67 silly fetch manifest rxjs@^6.5.3 || ^7.4.0
68 silly packumentCache full:https://registry.npmjs.org/rxjs cache-hit
69 silly fetch manifest zone.js@~0.15.0
70 silly packumentCache full:https://registry.npmjs.org/zone.js cache-hit
71 silly fetch manifest @angular/compiler@19.2.14
72 silly packumentCache full:https://registry.npmjs.org/@angular%2fcompiler cache-miss
73 http cache https://registry.npmjs.org/@angular%2fcompiler 20ms (cache hit)
74 silly packumentCache full:https://registry.npmjs.org/@angular%2fcompiler set size:2484251 disposed:false
75 silly fetch manifest @angular/platform-browser@^19.2.0
76 silly packumentCache full:https://registry.npmjs.org/@angular%2fplatform-browser cache-miss
77 http cache https://registry.npmjs.org/@angular%2fplatform-browser 16ms (cache hit)
78 silly packumentCache full:https://registry.npmjs.org/@angular%2fplatform-browser set size:2825909 disposed:false
79 silly fetch manifest @angular/animations@^19.2.14
80 silly packumentCache full:https://registry.npmjs.org/@angular%2fanimations cache-miss
81 http cache https://registry.npmjs.org/@angular%2fanimations 18ms (cache hit)
82 silly packumentCache full:https://registry.npmjs.org/@angular%2fanimations set size:2564299 disposed:false
83 silly fetch manifest @angular/service-worker@^19.0.0 || ^19.2.0-next.0
84 silly packumentCache full:https://registry.npmjs.org/@angular%2fservice-worker cache-miss
85 http fetch GET 200 https://registry.npmjs.org/@angular%2fservice-worker 142ms (cache updated)
86 silly packumentCache full:https://registry.npmjs.org/@angular%2fservice-worker set size:undefined disposed:false
87 silly fetch manifest @angular/ssr@^19.2.0
88 silly packumentCache full:https://registry.npmjs.org/@angular%2fssr cache-miss
89 http fetch GET 200 https://registry.npmjs.org/@angular%2fssr 118ms (cache updated)
90 silly packumentCache full:https://registry.npmjs.org/@angular%2fssr set size:undefined disposed:false
91 silly fetch manifest @angular/router@^19.2.0
92 silly packumentCache full:https://registry.npmjs.org/@angular%2frouter cache-miss
93 http cache https://registry.npmjs.org/@angular%2frouter 16ms (cache hit)
94 silly packumentCache full:https://registry.npmjs.org/@angular%2frouter set size:2737883 disposed:false
95 silly fetch manifest @web/test-runner@^0.20.0
96 silly packumentCache full:https://registry.npmjs.org/@web%2ftest-runner cache-miss
97 http fetch GET 200 https://registry.npmjs.org/@web%2ftest-runner 254ms (cache revalidated)
98 silly packumentCache full:https://registry.npmjs.org/@web%2ftest-runner set size:1297676 disposed:false
99 silly fetch manifest browser-sync@^3.0.2
100 silly packumentCache full:https://registry.npmjs.org/browser-sync cache-miss
101 http fetch GET 200 https://registry.npmjs.org/browser-sync 95ms (cache revalidated)
102 silly packumentCache full:https://registry.npmjs.org/browser-sync set size:919464 disposed:false
103 silly fetch manifest jest@^29.5.0
104 silly packumentCache full:https://registry.npmjs.org/jest cache-miss
105 http fetch GET 200 https://registry.npmjs.org/jest 144ms (cache updated)
106 silly packumentCache full:https://registry.npmjs.org/jest set size:undefined disposed:false
107 silly fetch manifest node-notifier@^8.0.1 || ^9.0.0 || ^10.0.0
108 silly packumentCache full:https://registry.npmjs.org/node-notifier cache-miss
109 http fetch GET 200 https://registry.npmjs.org/node-notifier 81ms (cache revalidated)
110 silly packumentCache full:https://registry.npmjs.org/node-notifier set size:171533 disposed:false
111 silly fetch manifest jest-environment-jsdom@^29.5.0
112 silly packumentCache full:https://registry.npmjs.org/jest-environment-jsdom cache-miss
113 http fetch GET 200 https://registry.npmjs.org/jest-environment-jsdom 100ms (cache updated)
114 silly packumentCache full:https://registry.npmjs.org/jest-environment-jsdom set size:undefined disposed:false
115 silly fetch manifest canvas@^2.5.0
116 silly packumentCache full:https://registry.npmjs.org/canvas cache-miss
117 http fetch GET 200 https://registry.npmjs.org/canvas 91ms (cache revalidated)
118 silly packumentCache full:https://registry.npmjs.org/canvas set size:363722 disposed:false
119 silly fetch manifest karma@~6.4.0
120 silly packumentCache full:https://registry.npmjs.org/karma cache-miss
121 http fetch GET 200 https://registry.npmjs.org/karma 104ms (cache revalidated)
122 silly packumentCache full:https://registry.npmjs.org/karma set size:3361521 disposed:false
123 silly fetch manifest ng-packagr@^19.0.0 || ^19.2.0-next.0
124 silly packumentCache full:https://registry.npmjs.org/ng-packagr cache-miss
125 http fetch GET 200 https://registry.npmjs.org/ng-packagr 91ms (cache revalidated)
126 silly packumentCache full:https://registry.npmjs.org/ng-packagr set size:1034753 disposed:false
127 silly fetch manifest tailwindcss@^3.4.17
128 silly packumentCache full:https://registry.npmjs.org/tailwindcss cache-miss
129 http fetch GET 200 https://registry.npmjs.org/tailwindcss 336ms (cache updated)
130 silly packumentCache full:https://registry.npmjs.org/tailwindcss set size:undefined disposed:false
131 silly fetch manifest tslib@^2.3.0
132 silly packumentCache full:https://registry.npmjs.org/tslib cache-miss
133 http fetch GET 200 https://registry.npmjs.org/tslib 79ms (cache revalidated)
134 silly packumentCache full:https://registry.npmjs.org/tslib set size:108820 disposed:false
135 silly fetch manifest protractor@^7.0.0
136 silly packumentCache full:https://registry.npmjs.org/protractor cache-miss
137 http fetch GET 200 https://registry.npmjs.org/protractor 77ms (cache revalidated)
138 silly packumentCache full:https://registry.npmjs.org/protractor set size:265914 disposed:false
139 silly fetch manifest @angular/language-service@19.2.0
140 silly packumentCache full:https://registry.npmjs.org/@angular%2flanguage-service cache-miss
141 http fetch GET 200 https://registry.npmjs.org/@angular%2flanguage-service 184ms (cache updated)
142 silly packumentCache full:https://registry.npmjs.org/@angular%2flanguage-service set size:undefined disposed:false
143 silly placeDep ROOT @angular-devkit/build-angular@19.2.0 REPLACE for: impress-lola@0.0.0 want: 19.2.0
144 verbose stack Error: could not resolve
144 verbose stack     at PlaceDep.failPeerConflict (C:\Users\21260\AppData\Roaming\npm\node_modules\npm\node_modules\@npmcli\arborist\lib\place-dep.js:503:25)
144 verbose stack     at new PlaceDep (C:\Users\21260\AppData\Roaming\npm\node_modules\npm\node_modules\@npmcli\arborist\lib\place-dep.js:157:21)
144 verbose stack     at #buildDepStep (C:\Users\21260\AppData\Roaming\npm\node_modules\npm\node_modules\@npmcli\arborist\lib\arborist\build-ideal-tree.js:920:18)
144 verbose stack     at async Arborist.buildIdealTree (C:\Users\21260\AppData\Roaming\npm\node_modules\npm\node_modules\@npmcli\arborist\lib\arborist\build-ideal-tree.js:181:7)
144 verbose stack     at async Promise.all (index 1)
144 verbose stack     at async Arborist.reify (C:\Users\21260\AppData\Roaming\npm\node_modules\npm\node_modules\@npmcli\arborist\lib\arborist\reify.js:131:5)
144 verbose stack     at async Install.exec (C:\Users\21260\AppData\Roaming\npm\node_modules\npm\lib\commands\install.js:149:5)
144 verbose stack     at async Npm.exec (C:\Users\21260\AppData\Roaming\npm\node_modules\npm\lib\npm.js:207:9)
144 verbose stack     at async module.exports (C:\Users\21260\AppData\Roaming\npm\node_modules\npm\lib\cli\entry.js:67:5)
145 error code ERESOLVE
146 error ERESOLVE could not resolve
147 error
148 error While resolving: impress-lola@0.0.0
148 error Found: @angular/compiler-cli@19.2.14[2m[22m
148 error [2mnode_modules/@angular/compiler-cli[22m
148 error   [95mpeer[39m @angular/compiler-cli@"19.2.14" from @angular/localize@19.2.14[2m[22m
148 error   [2mnode_modules/@angular/localize[22m
148 error     [95mpeer[39m @angular/localize@"^19.0.0" from @ng-bootstrap/ng-bootstrap@18.0.0[2m[22m
148 error     [2mnode_modules/@ng-bootstrap/ng-bootstrap[22m
148 error       @ng-bootstrap/ng-bootstrap@"^18.0.0" from the root project
148 error     [34mdev[39m @angular/localize@"19.2.0" from the root project
148 error     1 more (@angular-devkit/build-angular)
148 error   [34mdev[39m @angular/compiler-cli@"19.2.0" from the root project
148 error   1 more (@angular-devkit/build-angular)
148 error
148 error Could not resolve dependency:
148 error [34mdev[39m @angular/compiler-cli@"19.2.0" from the root project
148 error
148 error Conflicting peer dependency: @angular/compiler@19.2.0[2m[22m
148 error [2mnode_modules/@angular/compiler[22m
148 error   [95mpeer[39m @angular/compiler@"19.2.0" from @angular/compiler-cli@19.2.0[2m[22m
148 error   [2mnode_modules/@angular/compiler-cli[22m
148 error     [34mdev[39m @angular/compiler-cli@"19.2.0" from the root project
148 error
148 error Fix the upstream dependency conflict, or retry
148 error this command with --force or --legacy-peer-deps
148 error to accept an incorrect (and potentially broken) dependency resolution.
149 error
149 error
149 error For a full report see:
149 error C:\impresslola\clear\_logs\2025-09-01T17_10_10_118Z-eresolve-report.txt
150 silly unfinished npm timer reify 1756746611219
151 silly unfinished npm timer reify:loadTrees 1756746611222
152 silly unfinished npm timer idealTree:buildDeps 1756746612262
153 silly unfinished npm timer idealTree:#root 1756746612262
154 verbose cwd C:\impresslola
155 verbose os Windows_NT 10.0.26100
156 verbose node v20.17.0
157 verbose npm  v11.1.0
158 verbose exit 1
159 verbose code 1
160 error A complete log of this run can be found in: C:\impresslola\clear\_logs\2025-09-01T17_10_10_118Z-debug-0.log
