0 verbose cli C:\Program Files\nodejs\node.exe C:\Users\21260\AppData\Roaming\npm\node_modules\npm\bin\npm-cli.js
1 info using npm@11.1.0
2 info using node@v20.17.0
3 silly config load:file:C:\Users\21260\AppData\Roaming\npm\node_modules\npm\npmrc
4 silly config load:file:C:\impresslola\.npmrc
5 silly config load:file:C:\Users\21260\.npmrc
6 silly config load:file:C:\Users\21260\AppData\Roaming\npm\etc\npmrc
7 verbose title npm install
8 verbose argv "install"
9 verbose logfile logs-max:10 dir:C:\impresslola\clear\_logs\2025-08-15T11_35_52_497Z-
10 verbose logfile C:\impresslola\clear\_logs\2025-08-15T11_35_52_497Z-debug-0.log
11 silly logfile start cleaning logs, removing 1 files
12 silly packumentCache heap:4345298944 maxSize:1086324736 maxEntrySize:543162368
13 silly logfile done cleaning log files
14 silly idealTree buildDeps
15 silly reify moves {}
16 verbose reify failed optional dependency C:\impresslola\node_modules\@tailwindcss\oxide-wasm32-wasi
17 silly reify mark deleted [ 'C:\\impresslola\\node_modules\\@tailwindcss\\oxide-wasm32-wasi' ]
18 silly audit bulk request {
18 silly audit   '@alloc/quick-lru': [ '5.2.0' ],
18 silly audit   '@ampproject/remapping': [ '2.3.0' ],
18 silly audit   '@angular-devkit/architect': [ '0.1902.15' ],
18 silly audit   rxjs: [ '7.8.1', '7.8.2' ],
18 silly audit   '@angular-devkit/build-angular': [ '19.2.15' ],
18 silly audit   autoprefixer: [ '10.4.20', '10.4.21' ],
18 silly audit   postcss: [ '8.5.2', '8.5.6' ],
18 silly audit   '@angular-devkit/build-webpack': [ '0.1902.15' ],
18 silly audit   '@angular-devkit/core': [ '19.2.15' ],
18 silly audit   '@angular-devkit/schematics': [ '19.2.15' ],
18 silly audit   '@angular/animations': [ '19.2.14' ],
18 silly audit   '@angular/build': [ '19.2.15' ],
18 silly audit   vite: [ '6.2.7', '6.3.5' ],
18 silly audit   '@angular/cli': [ '19.2.15' ],
18 silly audit   '@angular/common': [ '19.2.14' ],
18 silly audit   '@angular/compiler': [ '19.2.14' ],
18 silly audit   '@angular/compiler-cli': [ '19.2.14' ],
18 silly audit   '@babel/core': [ '7.26.9', '7.26.10' ],
18 silly audit   'convert-source-map': [ '2.0.0', '1.9.0' ],
18 silly audit   semver: [ '6.3.1', '5.7.2', '7.7.1' ],
18 silly audit   '@angular/core': [ '19.2.14' ],
18 silly audit   '@angular/forms': [ '19.2.14' ],
18 silly audit   '@angular/google-maps': [ '19.2.19' ],
18 silly audit   '@angular/platform-browser': [ '19.2.14' ],
18 silly audit   '@angular/platform-browser-dynamic': [ '19.2.14' ],
18 silly audit   '@angular/router': [ '19.2.14' ],
18 silly audit   '@babel/code-frame': [ '7.27.1' ],
18 silly audit   '@babel/compat-data': [ '7.28.0' ],
18 silly audit   '@babel/generator': [ '7.26.10', '7.28.0' ],
18 silly audit   '@babel/helper-annotate-as-pure': [ '7.25.9', '7.27.3' ],
18 silly audit   '@babel/helper-compilation-targets': [ '7.27.2' ],
18 silly audit   '@babel/helper-create-class-features-plugin': [ '7.27.1' ],
18 silly audit   '@babel/helper-create-regexp-features-plugin': [ '7.27.1' ],
18 silly audit   '@babel/helper-define-polyfill-provider': [ '0.6.5' ],
18 silly audit   '@babel/helper-globals': [ '7.28.0' ],
18 silly audit   '@babel/helper-member-expression-to-functions': [ '7.27.1' ],
18 silly audit   '@babel/helper-module-imports': [ '7.27.1' ],
18 silly audit   '@babel/helper-module-transforms': [ '7.27.3' ],
18 silly audit   '@babel/helper-optimise-call-expression': [ '7.27.1' ],
18 silly audit   '@babel/helper-plugin-utils': [ '7.27.1' ],
18 silly audit   '@babel/helper-remap-async-to-generator': [ '7.27.1' ],
18 silly audit   '@babel/helper-replace-supers': [ '7.27.1' ],
18 silly audit   '@babel/helper-skip-transparent-expression-wrappers': [ '7.27.1' ],
18 silly audit   '@babel/helper-split-export-declaration': [ '7.24.7' ],
18 silly audit   '@babel/helper-string-parser': [ '7.27.1' ],
18 silly audit   '@babel/helper-validator-identifier': [ '7.27.1' ],
18 silly audit   '@babel/helper-validator-option': [ '7.27.1' ],
18 silly audit   '@babel/helper-wrap-function': [ '7.27.1' ],
18 silly audit   '@babel/helpers': [ '7.27.6' ],
18 silly audit   '@babel/parser': [ '7.28.0' ],
18 silly audit   '@babel/plugin-bugfix-firefox-class-in-computed-class-key': [ '7.27.1' ],
18 silly audit   '@babel/plugin-bugfix-safari-class-field-initializer-scope': [ '7.27.1' ],
18 silly audit   '@babel/plugin-bugfix-safari-id-destructuring-collision-in-function-expression': [ '7.27.1' ],
18 silly audit   '@babel/plugin-bugfix-v8-spread-parameters-in-optional-chaining': [ '7.27.1' ],
18 silly audit   '@babel/plugin-bugfix-v8-static-class-fields-redefine-readonly': [ '7.27.1' ],
18 silly audit   '@babel/plugin-proposal-private-property-in-object': [ '7.21.0-placeholder-for-preset-env.2' ],
18 silly audit   '@babel/plugin-syntax-import-assertions': [ '7.27.1' ],
18 silly audit   '@babel/plugin-syntax-import-attributes': [ '7.26.0' ],
18 silly audit   '@babel/plugin-syntax-unicode-sets-regex': [ '7.18.6' ],
18 silly audit   '@babel/plugin-transform-arrow-functions': [ '7.27.1' ],
18 silly audit   '@babel/plugin-transform-async-generator-functions': [ '7.26.8' ],
18 silly audit   '@babel/plugin-transform-async-to-generator': [ '7.25.9' ],
18 silly audit   '@babel/plugin-transform-block-scoped-functions': [ '7.27.1' ],
18 silly audit   '@babel/plugin-transform-block-scoping': [ '7.28.0' ],
18 silly audit   '@babel/plugin-transform-class-properties': [ '7.27.1' ],
18 silly audit   '@babel/plugin-transform-class-static-block': [ '7.27.1' ],
18 silly audit   '@babel/plugin-transform-classes': [ '7.28.0' ],
18 silly audit   '@babel/plugin-transform-computed-properties': [ '7.27.1' ],
18 silly audit   '@babel/plugin-transform-destructuring': [ '7.28.0' ],
18 silly audit   '@babel/plugin-transform-dotall-regex': [ '7.27.1' ],
18 silly audit   '@babel/plugin-transform-duplicate-keys': [ '7.27.1' ],
18 silly audit   '@babel/plugin-transform-duplicate-named-capturing-groups-regex': [ '7.27.1' ],
18 silly audit   '@babel/plugin-transform-dynamic-import': [ '7.27.1' ],
18 silly audit   '@babel/plugin-transform-exponentiation-operator': [ '7.27.1' ],
18 silly audit   '@babel/plugin-transform-export-namespace-from': [ '7.27.1' ],
18 silly audit   '@babel/plugin-transform-for-of': [ '7.27.1' ],
18 silly audit   '@babel/plugin-transform-function-name': [ '7.27.1' ],
18 silly audit   '@babel/plugin-transform-json-strings': [ '7.27.1' ],
18 silly audit   '@babel/plugin-transform-literals': [ '7.27.1' ],
18 silly audit   '@babel/plugin-transform-logical-assignment-operators': [ '7.27.1' ],
18 silly audit   '@babel/plugin-transform-member-expression-literals': [ '7.27.1' ],
18 silly audit   '@babel/plugin-transform-modules-amd': [ '7.27.1' ],
18 silly audit   '@babel/plugin-transform-modules-commonjs': [ '7.27.1' ],
18 silly audit   '@babel/plugin-transform-modules-systemjs': [ '7.27.1' ],
18 silly audit   '@babel/plugin-transform-modules-umd': [ '7.27.1' ],
18 silly audit   '@babel/plugin-transform-named-capturing-groups-regex': [ '7.27.1' ],
18 silly audit   '@babel/plugin-transform-new-target': [ '7.27.1' ],
18 silly audit   '@babel/plugin-transform-nullish-coalescing-operator': [ '7.27.1' ],
18 silly audit   '@babel/plugin-transform-numeric-separator': [ '7.27.1' ],
18 silly audit   '@babel/plugin-transform-object-rest-spread': [ '7.28.0' ],
18 silly audit   '@babel/plugin-transform-object-super': [ '7.27.1' ],
18 silly audit   '@babel/plugin-transform-optional-catch-binding': [ '7.27.1' ],
18 silly audit   '@babel/plugin-transform-optional-chaining': [ '7.27.1' ],
18 silly audit   '@babel/plugin-transform-parameters': [ '7.27.7' ],
18 silly audit   '@babel/plugin-transform-private-methods': [ '7.27.1' ],
18 silly audit   '@babel/plugin-transform-private-property-in-object': [ '7.27.1' ],
18 silly audit   '@babel/plugin-transform-property-literals': [ '7.27.1' ],
18 silly audit   '@babel/plugin-transform-regenerator': [ '7.28.0' ],
18 silly audit   '@babel/plugin-transform-regexp-modifiers': [ '7.27.1' ],
18 silly audit   '@babel/plugin-transform-reserved-words': [ '7.27.1' ],
18 silly audit   '@babel/plugin-transform-runtime': [ '7.26.10' ],
18 silly audit   '@babel/plugin-transform-shorthand-properties': [ '7.27.1' ],
18 silly audit   '@babel/plugin-transform-spread': [ '7.27.1' ],
18 silly audit   '@babel/plugin-transform-sticky-regex': [ '7.27.1' ],
18 silly audit   '@babel/plugin-transform-template-literals': [ '7.27.1' ],
18 silly audit   '@babel/plugin-transform-typeof-symbol': [ '7.27.1' ],
18 silly audit   '@babel/plugin-transform-unicode-escapes': [ '7.27.1' ],
18 silly audit   '@babel/plugin-transform-unicode-property-regex': [ '7.27.1' ],
18 silly audit   '@babel/plugin-transform-unicode-regex': [ '7.27.1' ],
18 silly audit   '@babel/plugin-transform-unicode-sets-regex': [ '7.27.1' ],
18 silly audit   '@babel/preset-env': [ '7.26.9' ],
18 silly audit   '@babel/preset-modules': [ '0.1.6-no-external-plugins' ],
18 silly audit   '@babel/runtime': [ '7.26.10' ],
18 silly audit   '@babel/template': [ '7.27.2' ],
18 silly audit   '@babel/traverse': [ '7.28.0' ],
18 silly audit   '@babel/types': [ '7.28.0' ],
18 silly audit   '@colors/colors': [ '1.5.0' ],
18 silly audit   '@discoveryjs/json-ext': [ '0.6.3' ],
18 silly audit   '@esbuild/aix-ppc64': [ '0.25.4' ],
18 silly audit   '@esbuild/android-arm': [ '0.25.4' ],
18 silly audit   '@esbuild/android-arm64': [ '0.25.4' ],
18 silly audit   '@esbuild/android-x64': [ '0.25.4' ],
18 silly audit   '@esbuild/darwin-arm64': [ '0.25.4' ],
18 silly audit   '@esbuild/darwin-x64': [ '0.25.4' ],
18 silly audit   '@esbuild/freebsd-arm64': [ '0.25.4' ],
18 silly audit   '@esbuild/freebsd-x64': [ '0.25.4' ],
18 silly audit   '@esbuild/linux-arm': [ '0.25.4' ],
18 silly audit   '@esbuild/linux-arm64': [ '0.25.4' ],
18 silly audit   '@esbuild/linux-ia32': [ '0.25.4' ],
18 silly audit   '@esbuild/linux-loong64': [ '0.25.4' ],
18 silly audit   '@esbuild/linux-mips64el': [ '0.25.4' ],
18 silly audit   '@esbuild/linux-ppc64': [ '0.25.4' ],
18 silly audit   '@esbuild/linux-riscv64': [ '0.25.4' ],
18 silly audit   '@esbuild/linux-s390x': [ '0.25.4' ],
18 silly audit   '@esbuild/linux-x64': [ '0.25.4' ],
18 silly audit   '@esbuild/netbsd-arm64': [ '0.25.4' ],
18 silly audit   '@esbuild/netbsd-x64': [ '0.25.4' ],
18 silly audit   '@esbuild/openbsd-arm64': [ '0.25.4' ],
18 silly audit   '@esbuild/openbsd-x64': [ '0.25.4' ],
18 silly audit   '@esbuild/sunos-x64': [ '0.25.4' ],
18 silly audit   '@esbuild/win32-arm64': [ '0.25.4' ],
18 silly audit   '@esbuild/win32-ia32': [ '0.25.4' ],
18 silly audit   '@esbuild/win32-x64': [ '0.25.4' ],
18 silly audit   '@floating-ui/core': [ '1.7.3' ],
18 silly audit   '@floating-ui/dom': [ '1.7.3' ],
18 silly audit   '@floating-ui/react': [ '0.26.28' ],
18 silly audit   '@floating-ui/react-dom': [ '2.1.5' ],
18 silly audit   '@floating-ui/utils': [ '0.2.10' ],
18 silly audit   '@fortawesome/fontawesome-free': [ '7.0.0' ],
18 silly audit   '@headlessui/react': [ '2.2.7' ],
18 silly audit   '@heroicons/react': [ '2.2.0' ],
18 silly audit   '@inquirer/checkbox': [ '4.1.9' ],
18 silly audit   '@inquirer/confirm': [ '5.1.6' ],
18 silly audit   '@inquirer/core': [ '10.1.14' ],
18 silly audit   '@inquirer/editor': [ '4.2.14' ],
18 silly audit   '@inquirer/expand': [ '4.0.16' ],
18 silly audit   '@inquirer/figures': [ '1.0.12' ],
18 silly audit   '@inquirer/input': [ '4.2.0' ],
18 silly audit   '@inquirer/number': [ '3.0.16' ],
18 silly audit   '@inquirer/password': [ '4.0.16' ],
18 silly audit   '@inquirer/prompts': [ '7.3.2' ],
18 silly audit   '@inquirer/rawlist': [ '4.1.4' ],
18 silly audit   '@inquirer/search': [ '3.0.16' ],
18 silly audit   '@inquirer/select': [ '4.2.4' ],
18 silly audit   '@inquirer/type': [ '3.0.7', '1.5.5' ],
18 silly audit   '@isaacs/cliui': [ '8.0.2' ],
18 silly audit   'ansi-styles': [ '6.2.1', '4.3.0' ],
18 silly audit   'emoji-regex': [ '9.2.2', '8.0.0', '10.4.0' ],
18 silly audit   'string-width': [ '5.1.2', '4.2.3', '7.2.0' ],
18 silly audit   'wrap-ansi': [ '8.1.0', '7.0.0', '9.0.0', '6.2.0' ],
18 silly audit   '@isaacs/fs-minipass': [ '4.0.1' ],
18 silly audit   '@istanbuljs/schema': [ '0.1.3' ],
18 silly audit   '@jridgewell/gen-mapping': [ '0.3.12' ],
18 silly audit   '@jridgewell/resolve-uri': [ '3.1.2' ],
18 silly audit   '@jridgewell/source-map': [ '0.3.10' ],
18 silly audit   '@jridgewell/sourcemap-codec': [ '1.5.4' ],
18 silly audit   '@jridgewell/trace-mapping': [ '0.3.29' ],
18 silly audit   '@jsonjoy.com/base64': [ '1.1.2' ],
18 silly audit   '@jsonjoy.com/json-pack': [ '1.2.0' ],
18 silly audit   '@jsonjoy.com/util': [ '1.6.0' ],
18 silly audit   '@leichtgewicht/ip-codec': [ '2.0.5' ],
18 silly audit   '@listr2/prompt-adapter-inquirer': [ '2.0.18' ],
18 silly audit   'mute-stream': [ '1.0.0', '2.0.0' ],
18 silly audit   '@lmdb/lmdb-darwin-arm64': [ '3.2.6' ],
18 silly audit   '@lmdb/lmdb-darwin-x64': [ '3.2.6' ],
18 silly audit   '@lmdb/lmdb-linux-arm': [ '3.2.6' ],
18 silly audit   '@lmdb/lmdb-linux-arm64': [ '3.2.6' ],
18 silly audit   '@lmdb/lmdb-linux-x64': [ '3.2.6' ],
18 silly audit   '@lmdb/lmdb-win32-x64': [ '3.2.6' ],
18 silly audit   '@mapbox/jsonlint-lines-primitives': [ '2.0.2' ],
18 silly audit   '@mapbox/mapbox-gl-supported': [ '3.0.0' ],
18 silly audit   '@mapbox/point-geometry': [ '1.1.0' ],
18 silly audit   '@mapbox/tiny-sdf': [ '2.0.7' ],
18 silly audit   '@mapbox/unitbezier': [ '0.0.1' ],
18 silly audit   '@mapbox/vector-tile': [ '2.0.4' ],
18 silly audit   '@mapbox/whoots-js': [ '3.1.0' ],
18 silly audit   '@msgpackr-extract/msgpackr-extract-darwin-arm64': [ '3.0.3' ],
18 silly audit   '@msgpackr-extract/msgpackr-extract-darwin-x64': [ '3.0.3' ],
18 silly audit   '@msgpackr-extract/msgpackr-extract-linux-arm': [ '3.0.3' ],
18 silly audit   '@msgpackr-extract/msgpackr-extract-linux-arm64': [ '3.0.3' ],
18 silly audit   '@msgpackr-extract/msgpackr-extract-linux-x64': [ '3.0.3' ],
18 silly audit   '@msgpackr-extract/msgpackr-extract-win32-x64': [ '3.0.3' ],
18 silly audit   '@napi-rs/nice': [ '1.0.4' ],
18 silly audit   '@napi-rs/nice-android-arm-eabi': [ '1.0.4' ],
18 silly audit   '@napi-rs/nice-android-arm64': [ '1.0.4' ],
18 silly audit   '@napi-rs/nice-darwin-arm64': [ '1.0.4' ],
18 silly audit   '@napi-rs/nice-darwin-x64': [ '1.0.4' ],
18 silly audit   '@napi-rs/nice-freebsd-x64': [ '1.0.4' ],
18 silly audit   '@napi-rs/nice-linux-arm-gnueabihf': [ '1.0.4' ],
18 silly audit   '@napi-rs/nice-linux-arm64-gnu': [ '1.0.4' ],
18 silly audit   '@napi-rs/nice-linux-arm64-musl': [ '1.0.4' ],
18 silly audit   '@napi-rs/nice-linux-ppc64-gnu': [ '1.0.4' ],
18 silly audit   '@napi-rs/nice-linux-riscv64-gnu': [ '1.0.4' ],
18 silly audit   '@napi-rs/nice-linux-s390x-gnu': [ '1.0.4' ],
18 silly audit   '@napi-rs/nice-linux-x64-gnu': [ '1.0.4' ],
18 silly audit   '@napi-rs/nice-linux-x64-musl': [ '1.0.4' ],
18 silly audit   '@napi-rs/nice-win32-arm64-msvc': [ '1.0.4' ],
18 silly audit   '@napi-rs/nice-win32-ia32-msvc': [ '1.0.4' ],
18 silly audit   '@napi-rs/nice-win32-x64-msvc': [ '1.0.4' ],
18 silly audit   '@ngtools/webpack': [ '19.2.15' ],
18 silly audit   '@nodelib/fs.scandir': [ '2.1.5' ],
18 silly audit   '@nodelib/fs.stat': [ '2.0.5' ],
18 silly audit   '@nodelib/fs.walk': [ '1.2.8' ],
18 silly audit   '@npmcli/agent': [ '3.0.0' ],
18 silly audit   'lru-cache': [ '10.4.3', '5.1.1' ],
18 silly audit   '@npmcli/fs': [ '4.0.0' ],
18 silly audit   '@npmcli/git': [ '6.0.3' ],
18 silly audit   isexe: [ '3.1.1', '2.0.0' ],
18 silly audit   which: [ '5.0.0', '2.0.2', '1.3.1' ],
18 silly audit   '@npmcli/installed-package-contents': [ '3.0.0' ],
18 silly audit   '@npmcli/node-gyp': [ '4.0.0' ],
18 silly audit   '@npmcli/package-json': [ '6.2.0' ],
18 silly audit   'brace-expansion': [ '2.0.2', '1.1.12' ],
18 silly audit   glob: [ '10.4.5', '7.2.3' ],
18 silly audit   minimatch: [ '9.0.5', '3.1.2' ],
18 silly audit   '@npmcli/promise-spawn': [ '8.0.2' ],
18 silly audit   '@npmcli/redact': [ '3.2.2' ],
18 silly audit   '@npmcli/run-script': [ '9.1.0' ],
18 silly audit   '@parcel/watcher': [ '2.5.1' ],
18 silly audit   '@parcel/watcher-android-arm64': [ '2.5.1' ],
18 silly audit   '@parcel/watcher-darwin-arm64': [ '2.5.1' ],
18 silly audit   '@parcel/watcher-darwin-x64': [ '2.5.1' ],
18 silly audit   '@parcel/watcher-freebsd-x64': [ '2.5.1' ],
18 silly audit   '@parcel/watcher-linux-arm-glibc': [ '2.5.1' ],
18 silly audit   '@parcel/watcher-linux-arm-musl': [ '2.5.1' ],
18 silly audit   '@parcel/watcher-linux-arm64-glibc': [ '2.5.1' ],
18 silly audit   '@parcel/watcher-linux-arm64-musl': [ '2.5.1' ],
18 silly audit   '@parcel/watcher-linux-x64-glibc': [ '2.5.1' ],
18 silly audit   '@parcel/watcher-linux-x64-musl': [ '2.5.1' ],
18 silly audit   '@parcel/watcher-win32-arm64': [ '2.5.1' ],
18 silly audit   '@parcel/watcher-win32-ia32': [ '2.5.1' ],
18 silly audit   '@parcel/watcher-win32-x64': [ '2.5.1' ],
18 silly audit   'detect-libc': [ '1.0.3', '2.0.4' ],
18 silly audit   'node-addon-api': [ '7.1.1', '6.1.0' ],
18 silly audit   '@pkgjs/parseargs': [ '0.11.0' ],
18 silly audit   '@popperjs/core': [ '2.11.8' ],
18 silly audit   '@react-aria/focus': [ '3.21.0' ],
18 silly audit   '@react-aria/interactions': [ '3.25.4' ],
18 silly audit   '@react-aria/ssr': [ '3.9.10' ],
18 silly audit   '@react-aria/utils': [ '3.30.0' ],
18 silly audit   '@react-stately/flags': [ '3.1.2' ],
18 silly audit   '@react-stately/utils': [ '3.10.8' ],
18 silly audit   '@react-types/shared': [ '3.31.0' ],
18 silly audit   '@rollup/rollup-android-arm-eabi': [ '4.34.8', '4.46.2' ],
18 silly audit   '@rollup/rollup-android-arm64': [ '4.34.8', '4.46.2' ],
18 silly audit   '@rollup/rollup-darwin-arm64': [ '4.34.8', '4.46.2' ],
18 silly audit   '@rollup/rollup-darwin-x64': [ '4.34.8', '4.46.2' ],
18 silly audit   '@rollup/rollup-freebsd-arm64': [ '4.34.8', '4.46.2' ],
18 silly audit   '@rollup/rollup-freebsd-x64': [ '4.34.8', '4.46.2' ],
18 silly audit   '@rollup/rollup-linux-arm-gnueabihf': [ '4.34.8', '4.46.2' ],
18 silly audit   '@rollup/rollup-linux-arm-musleabihf': [ '4.34.8', '4.46.2' ],
18 silly audit   '@rollup/rollup-linux-arm64-gnu': [ '4.34.8', '4.46.2' ],
18 silly audit   '@rollup/rollup-linux-arm64-musl': [ '4.34.8', '4.46.2' ],
18 silly audit   '@rollup/rollup-linux-loongarch64-gnu': [ '4.34.8', '4.46.2' ],
18 silly audit   '@rollup/rollup-linux-powerpc64le-gnu': [ '4.34.8' ],
18 silly audit   '@rollup/rollup-linux-ppc64-gnu': [ '4.46.2' ],
18 silly audit   '@rollup/rollup-linux-riscv64-gnu': [ '4.34.8', '4.46.2' ],
18 silly audit   '@rollup/rollup-linux-riscv64-musl': [ '4.46.2' ],
18 silly audit   '@rollup/rollup-linux-s390x-gnu': [ '4.34.8', '4.46.2' ],
18 silly audit   '@rollup/rollup-linux-x64-gnu': [ '4.34.8', '4.46.2' ],
18 silly audit   '@rollup/rollup-linux-x64-musl': [ '4.34.8', '4.46.2' ],
18 silly audit   '@rollup/rollup-win32-arm64-msvc': [ '4.34.8', '4.46.2' ],
18 silly audit   '@rollup/rollup-win32-ia32-msvc': [ '4.34.8', '4.46.2' ],
18 silly audit   '@rollup/rollup-win32-x64-msvc': [ '4.34.8', '4.46.2' ],
18 silly audit   '@schematics/angular': [ '19.2.15' ],
18 silly audit   '@sigstore/bundle': [ '3.1.0' ],
18 silly audit   '@sigstore/core': [ '2.0.0' ],
18 silly audit   '@sigstore/protobuf-specs': [ '0.4.3' ],
18 silly audit   '@sigstore/sign': [ '3.1.0' ],
18 silly audit   '@sigstore/tuf': [ '3.1.1' ],
18 silly audit   '@sigstore/verify': [ '2.1.1' ],
18 silly audit   '@sindresorhus/merge-streams': [ '2.3.0' ],
18 silly audit   '@socket.io/component-emitter': [ '3.1.2' ],
18 silly audit   '@swc/helpers': [ '0.5.17' ],
18 silly audit   '@tailwindcss/aspect-ratio': [ '0.4.2' ],
18 silly audit   '@tailwindcss/forms': [ '0.5.10' ],
18 silly audit   '@tailwindcss/line-clamp': [ '0.4.4' ],
18 silly audit   '@tailwindcss/node': [ '4.1.11' ],
18 silly audit   jiti: [ '2.5.1', '1.21.7' ],
18 silly audit   '@tailwindcss/oxide': [ '4.1.11' ],
18 silly audit   '@tailwindcss/oxide-android-arm64': [ '4.1.11' ],
18 silly audit   '@tailwindcss/oxide-darwin-arm64': [ '4.1.11' ],
18 silly audit   '@tailwindcss/oxide-darwin-x64': [ '4.1.11' ],
18 silly audit   '@tailwindcss/oxide-freebsd-x64': [ '4.1.11' ],
18 silly audit   '@tailwindcss/oxide-linux-arm-gnueabihf': [ '4.1.11' ],
18 silly audit   '@tailwindcss/oxide-linux-arm64-gnu': [ '4.1.11' ],
18 silly audit   '@tailwindcss/oxide-linux-arm64-musl': [ '4.1.11' ],
18 silly audit   '@tailwindcss/oxide-linux-x64-gnu': [ '4.1.11' ],
18 silly audit   '@tailwindcss/oxide-linux-x64-musl': [ '4.1.11' ],
18 silly audit   '@tailwindcss/oxide-win32-arm64-msvc': [ '4.1.11' ],
18 silly audit   '@tailwindcss/oxide-win32-x64-msvc': [ '4.1.11' ],
18 silly audit   chownr: [ '3.0.0', '2.0.0' ],
18 silly audit   mkdirp: [ '3.0.1', '0.5.6', '1.0.4' ],
18 silly audit   tar: [ '7.4.3', '6.2.1' ],
18 silly audit   yallist: [ '5.0.0', '4.0.0', '3.1.1' ],
18 silly audit   '@tailwindcss/postcss': [ '4.1.11' ],
18 silly audit   '@tailwindcss/typography': [ '0.5.16' ],
18 silly audit   'postcss-selector-parser': [ '6.0.10', '7.1.0' ],
18 silly audit   '@tanstack/react-virtual': [ '3.13.12' ],
18 silly audit   '@tanstack/virtual-core': [ '3.13.12' ],
18 silly audit   '@tufjs/canonical-json': [ '2.0.0' ],
18 silly audit   '@tufjs/models': [ '3.0.1' ],
18 silly audit   '@types/aos': [ '3.0.7' ],
18 silly audit   '@types/body-parser': [ '1.19.6' ],
18 silly audit   '@types/bonjour': [ '3.5.13' ],
18 silly audit   '@types/connect': [ '3.4.38' ],
18 silly audit   '@types/connect-history-api-fallback': [ '1.5.4' ],
18 silly audit   '@types/cors': [ '2.8.19' ],
18 silly audit   '@types/eslint': [ '9.6.1' ],
18 silly audit   '@types/eslint-scope': [ '3.7.7' ],
18 silly audit   '@types/estree': [ '1.0.6', '1.0.8' ],
18 silly audit   '@types/express': [ '4.17.23' ],
18 silly audit   '@types/express-serve-static-core': [ '4.19.6' ],
18 silly audit   '@types/geojson': [ '7946.0.16' ],
18 silly audit   '@types/geojson-vt': [ '3.2.5' ],
18 silly audit   '@types/google.maps': [ '3.58.1' ],
18 silly audit   '@types/http-errors': [ '2.0.5' ],
18 silly audit   '@types/http-proxy': [ '1.17.16' ],
18 silly audit   '@types/jasmine': [ '5.1.8' ],
18 silly audit   '@types/json-schema': [ '7.0.15' ],
18 silly audit   '@types/leaflet': [ '1.9.20' ],
18 silly audit   '@types/mapbox__point-geometry': [ '0.1.4' ],
18 silly audit   '@types/mapbox-gl': [ '3.4.1' ],
18 silly audit   '@types/mime': [ '1.3.5' ],
18 silly audit   '@types/node': [ '24.0.10' ],
18 silly audit   '@types/node-forge': [ '1.3.12' ],
18 silly audit   '@types/pbf': [ '3.0.5' ],
18 silly audit   '@types/qs': [ '6.14.0' ],
18 silly audit   '@types/range-parser': [ '1.2.7' ],
18 silly audit   '@types/retry': [ '0.12.2' ],
18 silly audit   '@types/send': [ '0.17.5' ],
18 silly audit   '@types/serve-index': [ '1.9.4' ],
18 silly audit   '@types/serve-static': [ '1.15.8' ],
18 silly audit   '@types/sockjs': [ '0.3.36' ],
18 silly audit   '@types/supercluster': [ '7.1.3' ],
18 silly audit   '@types/ws': [ '8.18.1' ],
18 silly audit   '@vitejs/plugin-basic-ssl': [ '1.2.0' ],
18 silly audit   '@webassemblyjs/ast': [ '1.14.1' ],
18 silly audit   '@webassemblyjs/floating-point-hex-parser': [ '1.13.2' ],
18 silly audit   '@webassemblyjs/helper-api-error': [ '1.13.2' ],
18 silly audit   '@webassemblyjs/helper-buffer': [ '1.14.1' ],
18 silly audit   '@webassemblyjs/helper-numbers': [ '1.13.2' ],
18 silly audit   '@webassemblyjs/helper-wasm-bytecode': [ '1.13.2' ],
18 silly audit   '@webassemblyjs/helper-wasm-section': [ '1.14.1' ],
18 silly audit   '@webassemblyjs/ieee754': [ '1.13.2' ],
18 silly audit   '@webassemblyjs/leb128': [ '1.13.2' ],
18 silly audit   '@webassemblyjs/utf8': [ '1.13.2' ],
18 silly audit   '@webassemblyjs/wasm-edit': [ '1.14.1' ],
18 silly audit   '@webassemblyjs/wasm-gen': [ '1.14.1' ],
18 silly audit   '@webassemblyjs/wasm-opt': [ '1.14.1' ],
18 silly audit   '@webassemblyjs/wasm-parser': [ '1.14.1' ],
18 silly audit   '@webassemblyjs/wast-printer': [ '1.14.1' ],
18 silly audit   '@xtuc/ieee754': [ '1.2.0' ],
18 silly audit   '@xtuc/long': [ '4.2.2' ],
18 silly audit   '@yarnpkg/lockfile': [ '1.1.0' ],
18 silly audit   abbrev: [ '3.0.1' ],
18 silly audit   accepts: [ '1.3.8' ],
18 silly audit   negotiator: [ '0.6.3', '0.6.4', '1.0.0' ],
18 silly audit   acorn: [ '8.15.0' ],
18 silly audit   'adjust-sourcemap-loader': [ '4.0.0' ],
18 silly audit   'loader-utils': [ '2.0.4', '3.3.1' ],
18 silly audit   'agent-base': [ '7.1.3' ],
18 silly audit   ajv: [ '8.17.1' ],
18 silly audit   'ajv-formats': [ '3.0.1', '2.1.1' ],
18 silly audit   'ajv-keywords': [ '5.1.0' ],
18 silly audit   'ansi-colors': [ '4.1.3' ],
18 silly audit   'ansi-escapes': [ '4.3.2', '7.0.0' ],
18 silly audit   'ansi-html-community': [ '0.0.8' ],
18 silly audit   'ansi-regex': [ '6.1.0', '5.0.1' ],
18 silly audit   anymatch: [ '3.1.3' ],
18 silly audit   picomatch: [ '2.3.1', '4.0.2' ],
18 silly audit   aos: [ '2.3.4' ],
18 silly audit   argparse: [ '2.0.1' ],
18 silly audit   'array-flatten': [ '1.1.1' ],
18 silly audit   'babel-loader': [ '9.2.1' ],
18 silly audit   'babel-plugin-polyfill-corejs2': [ '0.4.14' ],
18 silly audit   'babel-plugin-polyfill-corejs3': [ '0.11.1' ],
18 silly audit   'babel-plugin-polyfill-regenerator': [ '0.6.5' ],
18 silly audit   'balanced-match': [ '1.0.2' ],
18 silly audit   'base64-js': [ '1.5.1' ],
18 silly audit   base64id: [ '2.0.0' ],
18 silly audit   batch: [ '0.6.1' ],
18 silly audit   beasties: [ '0.3.2' ],
18 silly audit   'big.js': [ '5.2.2' ],
18 silly audit   'binary-extensions': [ '2.3.0' ],
18 silly audit   bl: [ '4.1.0' ],
18 silly audit   'body-parser': [ '1.20.3' ],
18 silly audit   debug: [ '2.6.9', '4.4.1', '4.3.7' ],
18 silly audit   ms: [ '2.0.0', '2.1.3' ],
18 silly audit   'bonjour-service': [ '1.3.0' ],
18 silly audit   boolbase: [ '1.0.0' ],
18 silly audit   bootstrap: [ '5.3.7' ],
18 silly audit   braces: [ '3.0.3' ],
18 silly audit   browserslist: [ '4.25.1' ],
18 silly audit   buffer: [ '5.7.1' ],
18 silly audit   'buffer-from': [ '1.1.2' ],
18 silly audit   'bundle-name': [ '4.1.0' ],
18 silly audit   bytes: [ '3.1.2' ],
18 silly audit   cacache: [ '19.0.1' ],
18 silly audit   'call-bind-apply-helpers': [ '1.0.2' ],
18 silly audit   'call-bound': [ '1.0.4' ],
18 silly audit   callsites: [ '3.1.0' ],
18 silly audit   'caniuse-lite': [ '1.0.30001727' ],
18 silly audit   chalk: [ '4.1.2' ],
18 silly audit   chardet: [ '0.7.0' ],
18 silly audit   'cheap-ruler': [ '4.0.0' ],
18 silly audit   chokidar: [ '4.0.3', '3.6.0' ],
18 silly audit   'chrome-trace-event': [ '1.0.4' ],
18 silly audit   'classlist-polyfill': [ '1.2.0' ],
18 silly audit   'cli-cursor': [ '5.0.0', '3.1.0' ],
18 silly audit   'cli-spinners': [ '2.9.2' ],
18 silly audit   'cli-truncate': [ '4.0.0' ],
18 silly audit   'cli-width': [ '4.1.0' ],
18 silly audit   cliui: [ '8.0.1', '7.0.4' ],
18 silly audit   'is-fullwidth-code-point': [ '3.0.0', '4.0.0', '5.0.0' ],
18 silly audit   'strip-ansi': [ '6.0.1', '7.1.0' ],
18 silly audit   clone: [ '1.0.4' ],
18 silly audit   'clone-deep': [ '4.0.1' ],
18 silly audit   'is-plain-object': [ '2.0.4', '5.0.0' ],
18 silly audit   clsx: [ '2.1.1' ],
18 silly audit   'color-convert': [ '2.0.1' ],
18 silly audit   'color-name': [ '1.1.4' ],
18 silly audit   colorette: [ '2.0.20' ],
18 silly audit   commander: [ '2.20.3' ],
18 silly audit   'common-path-prefix': [ '3.0.0' ],
18 silly audit   compressible: [ '2.0.18' ],
18 silly audit   compression: [ '1.8.0' ],
18 silly audit   'concat-map': [ '0.0.1' ],
18 silly audit   connect: [ '3.7.0' ],
18 silly audit   'connect-history-api-fallback': [ '2.0.0' ],
18 silly audit   'content-disposition': [ '0.5.4' ],
18 silly audit   'content-type': [ '1.0.5' ],
18 silly audit   cookie: [ '0.7.2', '0.7.1' ],
18 silly audit   'cookie-signature': [ '1.0.6' ],
18 silly audit   'copy-anything': [ '2.0.6' ],
18 silly audit   'copy-webpack-plugin': [ '12.0.2' ],
18 silly audit   'core-js-compat': [ '3.44.0' ],
18 silly audit   'core-util-is': [ '1.0.3' ],
18 silly audit   cors: [ '2.8.5' ],
18 silly audit   cosmiconfig: [ '9.0.0' ],
18 silly audit   'cross-spawn': [ '7.0.6' ],
18 silly audit   'css-loader': [ '7.1.2' ],
18 silly audit   'css-select': [ '5.2.2' ],
18 silly audit   'css-what': [ '6.2.2' ],
18 silly audit   csscolorparser: [ '1.0.3' ],
18 silly audit   cssesc: [ '3.0.0' ],
18 silly audit   'custom-event': [ '1.0.1' ],
18 silly audit   'date-format': [ '4.0.14' ],
18 silly audit   'default-browser': [ '5.2.1' ],
18 silly audit   'default-browser-id': [ '5.0.0' ],
18 silly audit   defaults: [ '1.0.4' ],
18 silly audit   'define-lazy-prop': [ '3.0.0' ],
18 silly audit   depd: [ '2.0.0', '1.1.2' ],
18 silly audit   destroy: [ '1.2.0' ],
18 silly audit   'detect-node': [ '2.1.0' ],
18 silly audit   di: [ '0.0.1' ],
18 silly audit   'dns-packet': [ '5.6.1' ],
18 silly audit   'dom-serialize': [ '2.2.1' ],
18 silly audit   'dom-serializer': [ '2.0.0' ],
18 silly audit   domelementtype: [ '2.3.0' ],
18 silly audit   domhandler: [ '5.0.3' ],
18 silly audit   domutils: [ '3.2.2' ],
18 silly audit   'dunder-proto': [ '1.0.1' ],
18 silly audit   earcut: [ '3.0.2' ],
18 silly audit   eastasianwidth: [ '0.2.0' ],
18 silly audit   'ee-first': [ '1.1.1' ],
18 silly audit   'electron-to-chromium': [ '1.5.179' ],
18 silly audit   'emojis-list': [ '3.0.0' ],
18 silly audit   encodeurl: [ '1.0.2', '2.0.0' ],
18 silly audit   encoding: [ '0.1.13' ],
18 silly audit   'iconv-lite': [ '0.6.3', '0.4.24' ],
18 silly audit   'engine.io': [ '6.6.4' ],
18 silly audit   'engine.io-parser': [ '5.2.3' ],
18 silly audit   'enhanced-resolve': [ '5.18.2' ],
18 silly audit   ent: [ '2.2.2' ],
18 silly audit   entities: [ '4.5.0', '6.0.1' ],
18 silly audit   'env-paths': [ '2.2.1' ],
18 silly audit   environment: [ '1.1.0' ],
18 silly audit   'err-code': [ '2.0.3' ],
18 silly audit   errno: [ '0.1.8' ],
18 silly audit   'error-ex': [ '1.3.2' ],
18 silly audit   'es-define-property': [ '1.0.1' ],
18 silly audit   'es-errors': [ '1.3.0' ],
18 silly audit   'es-module-lexer': [ '1.7.0' ],
18 silly audit   'es-object-atoms': [ '1.1.1' ],
18 silly audit   esbuild: [ '0.25.4' ],
18 silly audit   'esbuild-wasm': [ '0.25.4' ],
18 silly audit   escalade: [ '3.2.0' ],
18 silly audit   'escape-html': [ '1.0.3' ],
18 silly audit   'eslint-scope': [ '5.1.1' ],
18 silly audit   esrecurse: [ '4.3.0' ],
18 silly audit   estraverse: [ '5.3.0', '4.3.0' ],
18 silly audit   esutils: [ '2.0.3' ],
18 silly audit   etag: [ '1.8.1' ],
18 silly audit   eventemitter3: [ '4.0.7', '5.0.1' ],
18 silly audit   events: [ '3.3.0' ],
18 silly audit   'exponential-backoff': [ '3.1.2' ],
18 silly audit   express: [ '4.21.2' ],
18 silly audit   finalhandler: [ '1.3.1', '1.1.2' ],
18 silly audit   statuses: [ '2.0.1', '1.5.0' ],
18 silly audit   extend: [ '3.0.2' ],
18 silly audit   'external-editor': [ '3.1.0' ],
18 silly audit   'fast-deep-equal': [ '3.1.3' ],
18 silly audit   'fast-glob': [ '3.3.3' ],
18 silly audit   'glob-parent': [ '5.1.2', '6.0.2' ],
18 silly audit   'fast-uri': [ '3.0.6' ],
18 silly audit   fastq: [ '1.19.1' ],
18 silly audit   'faye-websocket': [ '0.11.4' ],
18 silly audit   fdir: [ '6.4.6' ],
18 silly audit   'fill-range': [ '7.1.1' ],
18 silly audit   'on-finished': [ '2.3.0', '2.4.1' ],
18 silly audit   'find-cache-dir': [ '4.0.0' ],
18 silly audit   'find-up': [ '6.3.0' ],
18 silly audit   flat: [ '5.0.2' ],
18 silly audit   flatted: [ '3.3.3' ],
18 silly audit   'follow-redirects': [ '1.15.9' ],
18 silly audit   'foreground-child': [ '3.3.1' ],
18 silly audit   forwarded: [ '0.2.0' ],
18 silly audit   'fraction.js': [ '4.3.7' ],
18 silly audit   'framer-motion': [ '12.23.12' ],
18 silly audit   fresh: [ '0.5.2' ],
18 silly audit   'fs-extra': [ '8.1.0' ],
18 silly audit   'fs-minipass': [ '3.0.3', '2.1.0' ],
18 silly audit   'fs.realpath': [ '1.0.0' ],
18 silly audit   fsevents: [ '2.3.3' ],
18 silly audit   'function-bind': [ '1.1.2' ],
18 silly audit   gensync: [ '1.0.0-beta.2' ],
18 silly audit   'geojson-vt': [ '4.0.2' ],
18 silly audit   'get-caller-file': [ '2.0.5' ],
18 silly audit   'get-east-asian-width': [ '1.3.0' ],
18 silly audit   'get-intrinsic': [ '1.3.0' ],
18 silly audit   'get-proto': [ '1.0.1' ],
18 silly audit   'gl-matrix': [ '3.4.3' ],
18 silly audit   'glob-to-regexp': [ '0.4.1' ],
18 silly audit   globby: [ '14.1.0' ],
18 silly audit   gopd: [ '1.2.0' ],
18 silly audit   'graceful-fs': [ '4.2.11' ],
18 silly audit   'grid-index': [ '1.1.0' ],
18 silly audit   'handle-thing': [ '2.0.1' ],
18 silly audit   'has-flag': [ '4.0.0' ],
18 silly audit   'has-symbols': [ '1.1.0' ],
18 silly audit   'has-tostringtag': [ '1.0.2' ],
18 silly audit   hasown: [ '2.0.2' ],
18 silly audit   'hosted-git-info': [ '8.1.0' ],
18 silly audit   'hpack.js': [ '2.1.6' ],
18 silly audit   'readable-stream': [ '2.3.8', '3.6.2' ],
18 silly audit   'safe-buffer': [ '5.1.2', '5.2.1' ],
18 silly audit   string_decoder: [ '1.1.1', '1.3.0' ],
18 silly audit   'html-escaper': [ '2.0.2' ],
18 silly audit   htmlparser2: [ '10.0.0' ],
18 silly audit   'http-cache-semantics': [ '4.2.0' ],
18 silly audit   'http-deceiver': [ '1.2.7' ],
18 silly audit   'http-errors': [ '2.0.0', '1.6.3' ],
18 silly audit   'http-parser-js': [ '0.5.10' ],
18 silly audit   'http-proxy': [ '1.18.1' ],
18 silly audit   'http-proxy-agent': [ '7.0.2' ],
18 silly audit   'http-proxy-middleware': [ '3.0.5', '2.0.9' ],
18 silly audit   'https-proxy-agent': [ '7.0.6' ],
18 silly audit   hyperdyperid: [ '1.2.0' ],
18 silly audit   'icss-utils': [ '5.1.0' ],
18 silly audit   ieee754: [ '1.2.1' ],
18 silly audit   ignore: [ '7.0.5' ],
18 silly audit   'ignore-walk': [ '7.0.0' ],
18 silly audit   'image-size': [ '0.5.5' ],
18 silly audit   immutable: [ '5.1.3' ],
18 silly audit   'import-fresh': [ '3.3.1' ],
18 silly audit   imurmurhash: [ '0.1.4' ],
18 silly audit   inflight: [ '1.0.6' ],
18 silly audit   inherits: [ '2.0.4', '2.0.3' ],
18 silly audit   ini: [ '5.0.0' ],
18 silly audit   'ip-address': [ '9.0.5' ],
18 silly audit   'ipaddr.js': [ '2.2.0', '1.9.1' ],
18 silly audit   'is-arrayish': [ '0.2.1' ],
18 silly audit   'is-binary-path': [ '2.1.0' ],
18 silly audit   'is-core-module': [ '2.16.1' ],
18 silly audit   'is-docker': [ '3.0.0' ],
18 silly audit   'is-extglob': [ '2.1.1' ],
18 silly audit   'is-glob': [ '4.0.3' ],
18 silly audit   'is-inside-container': [ '1.0.0' ],
18 silly audit   'is-interactive': [ '1.0.0' ],
18 silly audit   'is-network-error': [ '1.1.0' ],
18 silly audit   'is-number': [ '7.0.0' ],
18 silly audit   'is-plain-obj': [ '3.0.0' ],
18 silly audit   'is-regex': [ '1.2.1' ],
18 silly audit   'is-unicode-supported': [ '0.1.0' ],
18 silly audit   'is-what': [ '3.14.1' ],
18 silly audit   'is-wsl': [ '3.1.0' ],
18 silly audit   isarray: [ '1.0.0' ],
18 silly audit   isbinaryfile: [ '4.0.10' ],
18 silly audit   isobject: [ '3.0.1' ],
18 silly audit   'istanbul-lib-coverage': [ '3.2.2' ],
18 silly audit   'istanbul-lib-instrument': [ '6.0.3', '5.2.1' ],
18 silly audit   'istanbul-lib-report': [ '3.0.1' ],
18 silly audit   'istanbul-lib-source-maps': [ '4.0.1' ],
18 silly audit   'source-map': [ '0.6.1', '0.7.4' ],
18 silly audit   'istanbul-reports': [ '3.1.7' ],
18 silly audit   jackspeak: [ '3.4.3' ],
18 silly audit   'jasmine-core': [ '5.6.0', '4.6.1' ],
18 silly audit   'jest-worker': [ '27.5.1' ],
18 silly audit   'supports-color': [ '8.1.1', '7.2.0' ],
18 silly audit   'js-tokens': [ '4.0.0' ],
18 silly audit   'js-yaml': [ '4.1.0' ],
18 silly audit   jsbn: [ '1.1.0' ],
18 silly audit   jsesc: [ '3.1.0', '3.0.2' ],
18 silly audit   'json-parse-even-better-errors': [ '4.0.0', '2.3.1' ],
18 silly audit   'json-schema-traverse': [ '1.0.0' ],
18 silly audit   json5: [ '2.2.3' ],
18 silly audit   'jsonc-parser': [ '3.3.1' ],
18 silly audit   jsonfile: [ '4.0.0' ],
18 silly audit   jsonparse: [ '1.3.1' ],
18 silly audit   karma: [ '6.4.4' ],
18 silly audit   'karma-chrome-launcher': [ '3.2.0' ],
18 silly audit   'karma-coverage': [ '2.2.1' ],
18 silly audit   'karma-jasmine': [ '5.1.0' ],
18 silly audit   'karma-jasmine-html-reporter': [ '2.1.0' ],
18 silly audit   'karma-source-map-support': [ '1.4.0' ],
18 silly audit   readdirp: [ '3.6.0', '4.1.2' ],
18 silly audit   tmp: [ '0.2.3', '0.0.33' ],
18 silly audit   yargs: [ '16.2.0', '17.7.2' ],
18 silly audit   'yargs-parser': [ '20.2.9', '21.1.1' ],
18 silly audit   kdbush: [ '4.0.2' ],
18 silly audit   'kind-of': [ '6.0.3' ],
18 silly audit   'launch-editor': [ '2.10.0' ],
18 silly audit   leaflet: [ '1.9.4' ],
18 silly audit   less: [ '4.2.2' ],
18 silly audit   'less-loader': [ '12.2.0' ],
18 silly audit   'make-dir': [ '2.1.0', '4.0.0' ],
18 silly audit   mime: [ '1.6.0', '2.6.0' ],
18 silly audit   'license-webpack-plugin': [ '4.0.2' ],
18 silly audit   lightningcss: [ '1.30.1' ],
18 silly audit   'lightningcss-darwin-arm64': [ '1.30.1' ],
18 silly audit   'lightningcss-darwin-x64': [ '1.30.1' ],
18 silly audit   'lightningcss-freebsd-x64': [ '1.30.1' ],
18 silly audit   'lightningcss-linux-arm-gnueabihf': [ '1.30.1' ],
18 silly audit   'lightningcss-linux-arm64-gnu': [ '1.30.1' ],
18 silly audit   'lightningcss-linux-arm64-musl': [ '1.30.1' ],
18 silly audit   'lightningcss-linux-x64-gnu': [ '1.30.1' ],
18 silly audit   'lightningcss-linux-x64-musl': [ '1.30.1' ],
18 silly audit   'lightningcss-win32-arm64-msvc': [ '1.30.1' ],
18 silly audit   'lightningcss-win32-x64-msvc': [ '1.30.1' ],
18 silly audit   'lines-and-columns': [ '1.2.4' ],
18 silly audit   listr2: [ '8.2.5' ],
18 silly audit   lmdb: [ '3.2.6' ],
18 silly audit   'loader-runner': [ '4.3.0' ],
18 silly audit   'locate-path': [ '7.2.0' ],
18 silly audit   lodash: [ '4.17.21' ],
18 silly audit   'lodash.castarray': [ '4.4.0' ],
18 silly audit   'lodash.debounce': [ '4.0.8' ],
18 silly audit   'lodash.isplainobject': [ '4.0.6' ],
18 silly audit   'lodash.merge': [ '4.6.2' ],
18 silly audit   'lodash.throttle': [ '4.1.1' ],
18 silly audit   'log-symbols': [ '4.1.0' ],
18 silly audit   'log-update': [ '6.1.0' ],
18 silly audit   'slice-ansi': [ '7.1.0', '5.0.0' ],
18 silly audit   log4js: [ '6.9.1' ],
18 silly audit   'lucide-react': [ '0.539.0' ],
18 silly audit   'magic-string': [ '0.30.17' ],
18 silly audit   'make-fetch-happen': [ '14.0.3' ],
18 silly audit   'mapbox-gl': [ '3.14.0' ],
18 silly audit   'martinez-polygon-clipping': [ '0.7.4' ],
18 silly audit   tinyqueue: [ '1.2.3', '3.0.0' ],
18 silly audit   'math-intrinsics': [ '1.1.0' ],
18 silly audit   'media-typer': [ '0.3.0' ],
18 silly audit   memfs: [ '4.17.2' ],
18 silly audit   'merge-descriptors': [ '1.0.3' ],
18 silly audit   'merge-stream': [ '2.0.0' ],
18 silly audit   merge2: [ '1.4.1' ],
18 silly audit   methods: [ '1.1.2' ],
18 silly audit   micromatch: [ '4.0.8' ],
18 silly audit   'mime-db': [ '1.52.0' ],
18 silly audit   'mime-types': [ '2.1.35' ],
18 silly audit   'mimic-fn': [ '2.1.0' ],
18 silly audit   'mimic-function': [ '5.0.1' ],
18 silly audit   'mini-css-extract-plugin': [ '2.9.2' ],
18 silly audit   'mini-svg-data-uri': [ '1.4.4' ],
18 silly audit   'minimalistic-assert': [ '1.0.1' ],
18 silly audit   minimist: [ '1.2.8' ],
18 silly audit   minipass: [ '7.1.2', '3.3.6', '5.0.0' ],
18 silly audit   'minipass-collect': [ '2.0.1' ],
18 silly audit   'minipass-fetch': [ '4.0.1' ],
18 silly audit   'minipass-flush': [ '1.0.5' ],
18 silly audit   'minipass-pipeline': [ '1.2.4' ],
18 silly audit   'minipass-sized': [ '1.0.3' ],
18 silly audit   minizlib: [ '3.0.2', '2.1.2' ],
18 silly audit   'motion-dom': [ '12.23.12' ],
18 silly audit   'motion-utils': [ '12.23.6' ],
18 silly audit   mrmime: [ '2.0.1' ],
18 silly audit   msgpackr: [ '1.11.4' ],
18 silly audit   'msgpackr-extract': [ '3.0.3' ],
18 silly audit   'multicast-dns': [ '7.2.5' ],
18 silly audit   'murmurhash-js': [ '1.0.0' ],
18 silly audit   nanoid: [ '3.3.11' ],
18 silly audit   needle: [ '3.3.1' ],
18 silly audit   'neo-async': [ '2.6.2' ],
18 silly audit   'ngx-swiper-wrapper': [ '10.0.0' ],
18 silly audit   'node-forge': [ '1.3.1' ],
18 silly audit   'node-gyp': [ '11.2.0' ],
18 silly audit   'node-gyp-build-optional-packages': [ '5.2.2' ],
18 silly audit   'node-releases': [ '2.0.19' ],
18 silly audit   nopt: [ '8.1.0' ],
18 silly audit   'normalize-path': [ '3.0.0' ],
18 silly audit   'normalize-range': [ '0.1.2' ],
18 silly audit   'npm-bundled': [ '4.0.0' ],
18 silly audit   'npm-install-checks': [ '7.1.1' ],
18 silly audit   'npm-normalize-package-bin': [ '4.0.0' ],
18 silly audit   'npm-package-arg': [ '12.0.2' ],
18 silly audit   'npm-packlist': [ '9.0.0' ],
18 silly audit   'npm-pick-manifest': [ '10.0.0' ],
18 silly audit   'npm-registry-fetch': [ '18.0.2' ],
18 silly audit   'nth-check': [ '2.1.1' ],
18 silly audit   'object-assign': [ '4.1.1' ],
18 silly audit   'object-inspect': [ '1.13.4' ],
18 silly audit   obuf: [ '1.1.2' ],
18 silly audit   'on-headers': [ '1.0.2' ],
18 silly audit   once: [ '1.4.0' ],
18 silly audit   onetime: [ '7.0.0', '5.1.2' ],
18 silly audit   open: [ '10.1.0' ],
18 silly audit   ora: [ '5.4.1' ],
18 silly audit   'restore-cursor': [ '3.1.0', '5.1.0' ],
18 silly audit   'signal-exit': [ '3.0.7', '4.1.0' ],
18 silly audit   'ordered-binary': [ '1.6.0' ],
18 silly audit   'os-tmpdir': [ '1.0.2' ],
18 silly audit   'p-limit': [ '4.0.0' ],
18 silly audit   'p-locate': [ '6.0.0' ],
18 silly audit   'p-map': [ '7.0.3' ],
18 silly audit   'p-retry': [ '6.2.1' ],
18 silly audit   retry: [ '0.13.1', '0.12.0' ],
18 silly audit   'package-json-from-dist': [ '1.0.1' ],
18 silly audit   pacote: [ '20.0.0' ],
18 silly audit   'parent-module': [ '1.0.1' ],
18 silly audit   'parse-json': [ '5.2.0' ],
18 silly audit   'parse-node-version': [ '1.0.1' ],
18 silly audit   parse5: [ '7.3.0' ],
18 silly audit   'parse5-html-rewriting-stream': [ '7.0.0' ],
18 silly audit   'parse5-sax-parser': [ '7.0.0' ],
18 silly audit   parseurl: [ '1.3.3' ],
18 silly audit   'path-exists': [ '5.0.0' ],
18 silly audit   'path-is-absolute': [ '1.0.1' ],
18 silly audit   'path-key': [ '3.1.1' ],
18 silly audit   'path-parse': [ '1.0.7' ],
18 silly audit   'path-scurry': [ '1.11.1' ],
18 silly audit   'path-to-regexp': [ '0.1.12' ],
18 silly audit   'path-type': [ '6.0.0' ],
18 silly audit   pbf: [ '4.0.1' ],
18 silly audit   picocolors: [ '1.1.1' ],
18 silly audit   pify: [ '4.0.1' ],
18 silly audit   piscina: [ '4.8.0' ],
18 silly audit   'pkg-dir': [ '7.0.0' ],
18 silly audit   'postcss-loader': [ '8.1.1' ],
18 silly audit   'postcss-media-query-parser': [ '0.2.3' ],
18 silly audit   'postcss-modules-extract-imports': [ '3.1.0' ],
18 silly audit   'postcss-modules-local-by-default': [ '4.2.0' ],
18 silly audit   'postcss-modules-scope': [ '3.2.1' ],
18 silly audit   'postcss-modules-values': [ '4.0.0' ],
18 silly audit   'postcss-value-parser': [ '4.2.0' ],
18 silly audit   potpack: [ '2.1.0' ],
18 silly audit   'proc-log': [ '5.0.0' ],
18 silly audit   'process-nextick-args': [ '2.0.1' ],
18 silly audit   'promise-retry': [ '2.0.1' ],
18 silly audit   'protocol-buffers-schema': [ '3.6.0' ],
18 silly audit   'proxy-addr': [ '2.0.7' ],
18 silly audit   prr: [ '1.0.1' ],
18 silly audit   punycode: [ '1.4.1' ],
18 silly audit   qjobs: [ '1.2.0' ],
18 silly audit   qs: [ '6.13.0' ],
18 silly audit   'queue-microtask': [ '1.2.3' ],
18 silly audit   quickselect: [ '3.0.0' ],
18 silly audit   randombytes: [ '2.1.0' ],
18 silly audit   'range-parser': [ '1.2.1' ],
18 silly audit   'raw-body': [ '2.5.2' ],
18 silly audit   react: [ '19.1.1' ],
18 silly audit   'react-dom': [ '19.1.1' ],
18 silly audit   'reflect-metadata': [ '0.2.2' ],
18 silly audit   regenerate: [ '1.4.2' ],
18 silly audit   'regenerate-unicode-properties': [ '10.2.0' ],
18 silly audit   'regenerator-runtime': [ '0.14.1' ],
18 silly audit   'regex-parser': [ '2.3.1' ],
18 silly audit   'regexpu-core': [ '6.2.0' ],
18 silly audit   regjsgen: [ '0.8.0' ],
18 silly audit   regjsparser: [ '0.12.0' ],
18 silly audit   'require-directory': [ '2.1.1' ],
18 silly audit   'require-from-string': [ '2.0.2' ],
18 silly audit   'requires-port': [ '1.0.0' ],
18 silly audit   resolve: [ '1.22.10' ],
18 silly audit   'resolve-from': [ '4.0.0' ],
18 silly audit   'resolve-protobuf-schema': [ '2.1.0' ],
18 silly audit   'resolve-url-loader': [ '5.0.0' ],
18 silly audit   reusify: [ '1.1.0' ],
18 silly audit   rfdc: [ '1.4.1' ],
18 silly audit   rimraf: [ '3.0.2' ],
18 silly audit   'robust-predicates': [ '2.0.4' ],
18 silly audit   rollup: [ '4.34.8', '4.46.2' ],
18 silly audit   'run-applescript': [ '7.0.0' ],
18 silly audit   'run-parallel': [ '1.2.0' ],
18 silly audit   'safe-regex-test': [ '1.1.0' ],
18 silly audit   'safer-buffer': [ '2.1.2' ],
18 silly audit   sass: [ '1.85.0' ],
18 silly audit   'sass-loader': [ '16.0.5' ],
18 silly audit   sax: [ '1.4.1' ],
18 silly audit   scheduler: [ '0.26.0' ],
18 silly audit   'schema-utils': [ '4.3.2' ],
18 silly audit   'select-hose': [ '2.0.0' ],
18 silly audit   selfsigned: [ '2.4.1' ],
18 silly audit   send: [ '0.19.0' ],
18 silly audit   'serialize-javascript': [ '6.0.2' ],
18 silly audit   'serialize-to-js': [ '3.1.2' ],
18 silly audit   'serve-index': [ '1.9.1' ],
18 silly audit   setprototypeof: [ '1.1.0', '1.2.0' ],
18 silly audit   'serve-static': [ '1.16.2' ],
18 silly audit   'shallow-clone': [ '3.0.1' ],
18 silly audit   'shebang-command': [ '2.0.0' ],
18 silly audit   'shebang-regex': [ '3.0.0' ],
18 silly audit   'shell-quote': [ '1.8.3' ],
18 silly audit   'side-channel': [ '1.1.0' ],
18 silly audit   'side-channel-list': [ '1.0.0' ],
18 silly audit   'side-channel-map': [ '1.0.1' ],
18 silly audit   'side-channel-weakmap': [ '1.0.2' ],
18 silly audit   sigstore: [ '3.1.0' ],
18 silly audit   slash: [ '5.1.0' ],
18 silly audit   'smart-buffer': [ '4.2.0' ],
18 silly audit   'socket.io': [ '4.8.1' ],
18 silly audit   'socket.io-adapter': [ '2.5.5' ],
18 silly audit   'socket.io-parser': [ '4.2.4' ],
18 silly audit   sockjs: [ '0.3.24' ],
18 silly audit   socks: [ '2.8.5' ],
18 silly audit   'socks-proxy-agent': [ '8.0.5' ],
18 silly audit   'source-map-js': [ '1.2.1' ],
18 silly audit   'source-map-loader': [ '5.0.0' ],
18 silly audit   'source-map-support': [ '0.5.21' ],
18 silly audit   'spdx-correct': [ '3.2.0' ],
18 silly audit   'spdx-exceptions': [ '2.5.0' ],
18 silly audit   'spdx-expression-parse': [ '3.0.1' ],
18 silly audit   'spdx-license-ids': [ '3.0.21' ],
18 silly audit   spdy: [ '4.0.2' ],
18 silly audit   'spdy-transport': [ '3.0.0' ],
18 silly audit   splaytree: [ '0.1.4' ],
18 silly audit   'sprintf-js': [ '1.1.3' ],
18 silly audit   ssri: [ '12.0.0' ],
18 silly audit   streamroller: [ '3.1.5' ],
18 silly audit   supercluster: [ '8.0.1' ],
18 silly audit   'supports-preserve-symlinks-flag': [ '1.0.0' ],
18 silly audit   swiper: [ '11.2.10' ],
18 silly audit   'symbol-observable': [ '4.0.0' ],
18 silly audit   tabbable: [ '6.2.0' ],
18 silly audit   tailwindcss: [ '4.1.11' ],
18 silly audit   tapable: [ '2.2.2' ],
18 silly audit   terser: [ '5.39.0' ],
18 silly audit   'terser-webpack-plugin': [ '5.3.14' ],
18 silly audit   thingies: [ '1.21.0' ],
18 silly audit   thunky: [ '1.1.0' ],
18 silly audit   tinyglobby: [ '0.2.14' ],
18 silly audit   'to-regex-range': [ '5.0.1' ],
18 silly audit   toidentifier: [ '1.0.1' ],
18 silly audit   'tree-dump': [ '1.0.3' ],
18 silly audit   'tree-kill': [ '1.2.2' ],
18 silly audit   tslib: [ '2.8.1' ],
18 silly audit   'tuf-js': [ '3.1.0' ],
18 silly audit   'type-fest': [ '0.21.3' ],
18 silly audit   'type-is': [ '1.6.18' ],
18 silly audit   'typed-assert': [ '1.0.9' ],
18 silly audit   typescript: [ '5.7.3' ],
18 silly audit   'ua-parser-js': [ '0.7.40' ],
18 silly audit   'undici-types': [ '7.8.0' ],
18 silly audit   'unicode-canonical-property-names-ecmascript': [ '2.0.1' ],
18 silly audit   'unicode-match-property-ecmascript': [ '2.0.0' ],
18 silly audit   'unicode-match-property-value-ecmascript': [ '2.2.0' ],
18 silly audit   'unicode-property-aliases-ecmascript': [ '2.1.0' ],
18 silly audit   'unicorn-magic': [ '0.3.0' ],
18 silly audit   'unique-filename': [ '4.0.0' ],
18 silly audit   'unique-slug': [ '5.0.0' ],
18 silly audit   universalify: [ '0.1.2' ],
18 silly audit   unpipe: [ '1.0.0' ],
18 silly audit   'update-browserslist-db': [ '1.1.3' ],
18 silly audit   'use-sync-external-store': [ '1.5.0' ],
18 silly audit   'util-deprecate': [ '1.0.2' ],
18 silly audit   'utils-merge': [ '1.0.1' ],
18 silly audit   uuid: [ '8.3.2' ],
18 silly audit   'validate-npm-package-license': [ '3.0.4' ],
18 silly audit   'validate-npm-package-name': [ '6.0.1' ],
18 silly audit   vary: [ '1.1.2' ],
18 silly audit   'void-elements': [ '2.0.1' ],
18 silly audit   watchpack: [ '2.4.2' ],
18 silly audit   wbuf: [ '1.7.3' ],
18 silly audit   wcwidth: [ '1.0.1' ],
18 silly audit   'weak-lru-cache': [ '1.2.2' ],
18 silly audit   webpack: [ '5.98.0' ],
18 silly audit   'webpack-dev-middleware': [ '7.4.2' ],
18 silly audit   'webpack-dev-server': [ '5.2.2' ],
18 silly audit   ws: [ '8.18.3', '8.17.1' ],
18 silly audit   'webpack-merge': [ '6.0.1' ],
18 silly audit   'webpack-sources': [ '3.3.3' ],
18 silly audit   'webpack-subresource-integrity': [ '5.1.0' ],
18 silly audit   'websocket-driver': [ '0.7.4' ],
18 silly audit   'websocket-extensions': [ '0.1.4' ],
18 silly audit   wildcard: [ '2.0.1' ],
18 silly audit   wrappy: [ '1.0.2' ],
18 silly audit   y18n: [ '5.0.8' ],
18 silly audit   'yocto-queue': [ '1.2.1' ],
18 silly audit   'yoctocolors-cjs': [ '2.1.2' ],
18 silly audit   'zone.js': [ '0.15.1' ],
18 silly audit   '@tailwindcss/oxide-wasm32-wasi': [ '4.1.11' ]
18 silly audit }
19 verbose reify failed optional dependency C:\impresslola\node_modules\lightningcss-win32-arm64-msvc
20 silly reify mark deleted [ 'C:\\impresslola\\node_modules\\lightningcss-win32-arm64-msvc' ]
21 verbose reify failed optional dependency C:\impresslola\node_modules\lightningcss-linux-x64-musl
22 silly reify mark deleted [ 'C:\\impresslola\\node_modules\\lightningcss-linux-x64-musl' ]
23 verbose reify failed optional dependency C:\impresslola\node_modules\lightningcss-linux-x64-gnu
24 silly reify mark deleted [ 'C:\\impresslola\\node_modules\\lightningcss-linux-x64-gnu' ]
25 verbose reify failed optional dependency C:\impresslola\node_modules\lightningcss-linux-arm64-musl
26 silly reify mark deleted [ 'C:\\impresslola\\node_modules\\lightningcss-linux-arm64-musl' ]
27 verbose reify failed optional dependency C:\impresslola\node_modules\lightningcss-linux-arm64-gnu
28 silly reify mark deleted [ 'C:\\impresslola\\node_modules\\lightningcss-linux-arm64-gnu' ]
29 verbose reify failed optional dependency C:\impresslola\node_modules\lightningcss-linux-arm-gnueabihf
30 silly reify mark deleted [ 'C:\\impresslola\\node_modules\\lightningcss-linux-arm-gnueabihf' ]
31 verbose reify failed optional dependency C:\impresslola\node_modules\lightningcss-freebsd-x64
32 silly reify mark deleted [ 'C:\\impresslola\\node_modules\\lightningcss-freebsd-x64' ]
33 verbose reify failed optional dependency C:\impresslola\node_modules\lightningcss-darwin-x64
34 silly reify mark deleted [ 'C:\\impresslola\\node_modules\\lightningcss-darwin-x64' ]
35 verbose reify failed optional dependency C:\impresslola\node_modules\lightningcss-darwin-arm64
36 silly reify mark deleted [ 'C:\\impresslola\\node_modules\\lightningcss-darwin-arm64' ]
37 verbose reify failed optional dependency C:\impresslola\node_modules\fsevents
38 silly reify mark deleted [ 'C:\\impresslola\\node_modules\\fsevents' ]
39 verbose reify failed optional dependency C:\impresslola\node_modules\@tailwindcss\oxide-win32-arm64-msvc
40 silly reify mark deleted [
40 silly reify   'C:\\impresslola\\node_modules\\@tailwindcss\\oxide-win32-arm64-msvc'
40 silly reify ]
41 verbose reify failed optional dependency C:\impresslola\node_modules\@tailwindcss\oxide-linux-x64-musl
42 silly reify mark deleted [ 'C:\\impresslola\\node_modules\\@tailwindcss\\oxide-linux-x64-musl' ]
43 verbose reify failed optional dependency C:\impresslola\node_modules\@tailwindcss\oxide-linux-x64-gnu
44 silly reify mark deleted [ 'C:\\impresslola\\node_modules\\@tailwindcss\\oxide-linux-x64-gnu' ]
45 verbose reify failed optional dependency C:\impresslola\node_modules\@tailwindcss\oxide-linux-arm64-musl
46 silly reify mark deleted [
46 silly reify   'C:\\impresslola\\node_modules\\@tailwindcss\\oxide-linux-arm64-musl'
46 silly reify ]
47 verbose reify failed optional dependency C:\impresslola\node_modules\@tailwindcss\oxide-linux-arm64-gnu
48 silly reify mark deleted [
48 silly reify   'C:\\impresslola\\node_modules\\@tailwindcss\\oxide-linux-arm64-gnu'
48 silly reify ]
49 verbose reify failed optional dependency C:\impresslola\node_modules\@tailwindcss\oxide-linux-arm-gnueabihf
50 silly reify mark deleted [
50 silly reify   'C:\\impresslola\\node_modules\\@tailwindcss\\oxide-linux-arm-gnueabihf'
50 silly reify ]
51 verbose reify failed optional dependency C:\impresslola\node_modules\@tailwindcss\oxide-freebsd-x64
52 silly reify mark deleted [ 'C:\\impresslola\\node_modules\\@tailwindcss\\oxide-freebsd-x64' ]
53 verbose reify failed optional dependency C:\impresslola\node_modules\@tailwindcss\oxide-darwin-x64
54 silly reify mark deleted [ 'C:\\impresslola\\node_modules\\@tailwindcss\\oxide-darwin-x64' ]
55 verbose reify failed optional dependency C:\impresslola\node_modules\@tailwindcss\oxide-darwin-arm64
56 silly reify mark deleted [ 'C:\\impresslola\\node_modules\\@tailwindcss\\oxide-darwin-arm64' ]
57 verbose reify failed optional dependency C:\impresslola\node_modules\@tailwindcss\oxide-android-arm64
58 silly reify mark deleted [ 'C:\\impresslola\\node_modules\\@tailwindcss\\oxide-android-arm64' ]
59 verbose reify failed optional dependency C:\impresslola\node_modules\@rollup\rollup-win32-ia32-msvc
60 silly reify mark deleted [ 'C:\\impresslola\\node_modules\\@rollup\\rollup-win32-ia32-msvc' ]
61 verbose reify failed optional dependency C:\impresslola\node_modules\@rollup\rollup-win32-arm64-msvc
62 silly reify mark deleted [ 'C:\\impresslola\\node_modules\\@rollup\\rollup-win32-arm64-msvc' ]
63 verbose reify failed optional dependency C:\impresslola\node_modules\@rollup\rollup-linux-x64-musl
64 silly reify mark deleted [ 'C:\\impresslola\\node_modules\\@rollup\\rollup-linux-x64-musl' ]
65 verbose reify failed optional dependency C:\impresslola\node_modules\@rollup\rollup-linux-x64-gnu
66 silly reify mark deleted [ 'C:\\impresslola\\node_modules\\@rollup\\rollup-linux-x64-gnu' ]
67 verbose reify failed optional dependency C:\impresslola\node_modules\@rollup\rollup-linux-s390x-gnu
68 silly reify mark deleted [ 'C:\\impresslola\\node_modules\\@rollup\\rollup-linux-s390x-gnu' ]
69 verbose reify failed optional dependency C:\impresslola\node_modules\@rollup\rollup-linux-riscv64-musl
70 silly reify mark deleted [ 'C:\\impresslola\\node_modules\\@rollup\\rollup-linux-riscv64-musl' ]
71 verbose reify failed optional dependency C:\impresslola\node_modules\@rollup\rollup-linux-riscv64-gnu
72 silly reify mark deleted [ 'C:\\impresslola\\node_modules\\@rollup\\rollup-linux-riscv64-gnu' ]
73 verbose reify failed optional dependency C:\impresslola\node_modules\@rollup\rollup-linux-ppc64-gnu
74 silly reify mark deleted [ 'C:\\impresslola\\node_modules\\@rollup\\rollup-linux-ppc64-gnu' ]
75 verbose reify failed optional dependency C:\impresslola\node_modules\@rollup\rollup-linux-powerpc64le-gnu
76 silly reify mark deleted [
76 silly reify   'C:\\impresslola\\node_modules\\@rollup\\rollup-linux-powerpc64le-gnu'
76 silly reify ]
77 verbose reify failed optional dependency C:\impresslola\node_modules\@rollup\rollup-linux-loongarch64-gnu
78 silly reify mark deleted [
78 silly reify   'C:\\impresslola\\node_modules\\@rollup\\rollup-linux-loongarch64-gnu'
78 silly reify ]
79 verbose reify failed optional dependency C:\impresslola\node_modules\@rollup\rollup-linux-arm64-musl
80 silly reify mark deleted [ 'C:\\impresslola\\node_modules\\@rollup\\rollup-linux-arm64-musl' ]
81 verbose reify failed optional dependency C:\impresslola\node_modules\@rollup\rollup-linux-arm64-gnu
82 silly reify mark deleted [ 'C:\\impresslola\\node_modules\\@rollup\\rollup-linux-arm64-gnu' ]
83 verbose reify failed optional dependency C:\impresslola\node_modules\@rollup\rollup-linux-arm-musleabihf
84 silly reify mark deleted [
84 silly reify   'C:\\impresslola\\node_modules\\@rollup\\rollup-linux-arm-musleabihf'
84 silly reify ]
85 verbose reify failed optional dependency C:\impresslola\node_modules\@rollup\rollup-linux-arm-gnueabihf
86 silly reify mark deleted [
86 silly reify   'C:\\impresslola\\node_modules\\@rollup\\rollup-linux-arm-gnueabihf'
86 silly reify ]
87 verbose reify failed optional dependency C:\impresslola\node_modules\@rollup\rollup-freebsd-x64
88 silly reify mark deleted [ 'C:\\impresslola\\node_modules\\@rollup\\rollup-freebsd-x64' ]
89 verbose reify failed optional dependency C:\impresslola\node_modules\@rollup\rollup-freebsd-arm64
90 silly reify mark deleted [ 'C:\\impresslola\\node_modules\\@rollup\\rollup-freebsd-arm64' ]
91 verbose reify failed optional dependency C:\impresslola\node_modules\@rollup\rollup-darwin-x64
92 silly reify mark deleted [ 'C:\\impresslola\\node_modules\\@rollup\\rollup-darwin-x64' ]
93 verbose reify failed optional dependency C:\impresslola\node_modules\@rollup\rollup-darwin-arm64
94 silly reify mark deleted [ 'C:\\impresslola\\node_modules\\@rollup\\rollup-darwin-arm64' ]
95 verbose reify failed optional dependency C:\impresslola\node_modules\@rollup\rollup-android-arm64
96 silly reify mark deleted [ 'C:\\impresslola\\node_modules\\@rollup\\rollup-android-arm64' ]
97 verbose reify failed optional dependency C:\impresslola\node_modules\@rollup\rollup-android-arm-eabi
98 silly reify mark deleted [ 'C:\\impresslola\\node_modules\\@rollup\\rollup-android-arm-eabi' ]
99 verbose reify failed optional dependency C:\impresslola\node_modules\@parcel\watcher-win32-ia32
100 silly reify mark deleted [ 'C:\\impresslola\\node_modules\\@parcel\\watcher-win32-ia32' ]
101 verbose reify failed optional dependency C:\impresslola\node_modules\@parcel\watcher-win32-arm64
102 silly reify mark deleted [ 'C:\\impresslola\\node_modules\\@parcel\\watcher-win32-arm64' ]
103 verbose reify failed optional dependency C:\impresslola\node_modules\@parcel\watcher-linux-x64-musl
104 silly reify mark deleted [ 'C:\\impresslola\\node_modules\\@parcel\\watcher-linux-x64-musl' ]
105 verbose reify failed optional dependency C:\impresslola\node_modules\@parcel\watcher-linux-x64-glibc
106 silly reify mark deleted [ 'C:\\impresslola\\node_modules\\@parcel\\watcher-linux-x64-glibc' ]
107 verbose reify failed optional dependency C:\impresslola\node_modules\@parcel\watcher-linux-arm64-musl
108 silly reify mark deleted [ 'C:\\impresslola\\node_modules\\@parcel\\watcher-linux-arm64-musl' ]
109 verbose reify failed optional dependency C:\impresslola\node_modules\@parcel\watcher-linux-arm64-glibc
110 silly reify mark deleted [ 'C:\\impresslola\\node_modules\\@parcel\\watcher-linux-arm64-glibc' ]
111 verbose reify failed optional dependency C:\impresslola\node_modules\@parcel\watcher-linux-arm-musl
112 silly reify mark deleted [ 'C:\\impresslola\\node_modules\\@parcel\\watcher-linux-arm-musl' ]
113 verbose reify failed optional dependency C:\impresslola\node_modules\@parcel\watcher-linux-arm-glibc
114 silly reify mark deleted [ 'C:\\impresslola\\node_modules\\@parcel\\watcher-linux-arm-glibc' ]
115 verbose reify failed optional dependency C:\impresslola\node_modules\@parcel\watcher-freebsd-x64
116 silly reify mark deleted [ 'C:\\impresslola\\node_modules\\@parcel\\watcher-freebsd-x64' ]
117 verbose reify failed optional dependency C:\impresslola\node_modules\@parcel\watcher-darwin-x64
118 silly reify mark deleted [ 'C:\\impresslola\\node_modules\\@parcel\\watcher-darwin-x64' ]
119 verbose reify failed optional dependency C:\impresslola\node_modules\@parcel\watcher-darwin-arm64
120 silly reify mark deleted [ 'C:\\impresslola\\node_modules\\@parcel\\watcher-darwin-arm64' ]
121 verbose reify failed optional dependency C:\impresslola\node_modules\@parcel\watcher-android-arm64
122 silly reify mark deleted [ 'C:\\impresslola\\node_modules\\@parcel\\watcher-android-arm64' ]
123 verbose reify failed optional dependency C:\impresslola\node_modules\@napi-rs\nice-win32-ia32-msvc
124 silly reify mark deleted [ 'C:\\impresslola\\node_modules\\@napi-rs\\nice-win32-ia32-msvc' ]
125 verbose reify failed optional dependency C:\impresslola\node_modules\@napi-rs\nice-win32-arm64-msvc
126 silly reify mark deleted [ 'C:\\impresslola\\node_modules\\@napi-rs\\nice-win32-arm64-msvc' ]
127 verbose reify failed optional dependency C:\impresslola\node_modules\@napi-rs\nice-linux-x64-musl
128 silly reify mark deleted [ 'C:\\impresslola\\node_modules\\@napi-rs\\nice-linux-x64-musl' ]
129 verbose reify failed optional dependency C:\impresslola\node_modules\@napi-rs\nice-linux-x64-gnu
130 silly reify mark deleted [ 'C:\\impresslola\\node_modules\\@napi-rs\\nice-linux-x64-gnu' ]
131 verbose reify failed optional dependency C:\impresslola\node_modules\@napi-rs\nice-linux-s390x-gnu
132 silly reify mark deleted [ 'C:\\impresslola\\node_modules\\@napi-rs\\nice-linux-s390x-gnu' ]
133 verbose reify failed optional dependency C:\impresslola\node_modules\@napi-rs\nice-linux-riscv64-gnu
134 silly reify mark deleted [ 'C:\\impresslola\\node_modules\\@napi-rs\\nice-linux-riscv64-gnu' ]
135 verbose reify failed optional dependency C:\impresslola\node_modules\@napi-rs\nice-linux-ppc64-gnu
136 silly reify mark deleted [ 'C:\\impresslola\\node_modules\\@napi-rs\\nice-linux-ppc64-gnu' ]
137 verbose reify failed optional dependency C:\impresslola\node_modules\@napi-rs\nice-linux-arm64-musl
138 silly reify mark deleted [ 'C:\\impresslola\\node_modules\\@napi-rs\\nice-linux-arm64-musl' ]
139 verbose reify failed optional dependency C:\impresslola\node_modules\@napi-rs\nice-linux-arm64-gnu
140 silly reify mark deleted [ 'C:\\impresslola\\node_modules\\@napi-rs\\nice-linux-arm64-gnu' ]
141 verbose reify failed optional dependency C:\impresslola\node_modules\@napi-rs\nice-linux-arm-gnueabihf
142 silly reify mark deleted [ 'C:\\impresslola\\node_modules\\@napi-rs\\nice-linux-arm-gnueabihf' ]
143 verbose reify failed optional dependency C:\impresslola\node_modules\@napi-rs\nice-freebsd-x64
144 silly reify mark deleted [ 'C:\\impresslola\\node_modules\\@napi-rs\\nice-freebsd-x64' ]
145 verbose reify failed optional dependency C:\impresslola\node_modules\@napi-rs\nice-darwin-x64
146 silly reify mark deleted [ 'C:\\impresslola\\node_modules\\@napi-rs\\nice-darwin-x64' ]
147 verbose reify failed optional dependency C:\impresslola\node_modules\@napi-rs\nice-darwin-arm64
148 silly reify mark deleted [ 'C:\\impresslola\\node_modules\\@napi-rs\\nice-darwin-arm64' ]
149 verbose reify failed optional dependency C:\impresslola\node_modules\@napi-rs\nice-android-arm64
150 silly reify mark deleted [ 'C:\\impresslola\\node_modules\\@napi-rs\\nice-android-arm64' ]
151 verbose reify failed optional dependency C:\impresslola\node_modules\@napi-rs\nice-android-arm-eabi
152 silly reify mark deleted [ 'C:\\impresslola\\node_modules\\@napi-rs\\nice-android-arm-eabi' ]
153 verbose reify failed optional dependency C:\impresslola\node_modules\@msgpackr-extract\msgpackr-extract-linux-x64
154 silly reify mark deleted [
154 silly reify   'C:\\impresslola\\node_modules\\@msgpackr-extract\\msgpackr-extract-linux-x64'
154 silly reify ]
155 verbose reify failed optional dependency C:\impresslola\node_modules\@msgpackr-extract\msgpackr-extract-linux-arm64
156 silly reify mark deleted [
156 silly reify   'C:\\impresslola\\node_modules\\@msgpackr-extract\\msgpackr-extract-linux-arm64'
156 silly reify ]
157 verbose reify failed optional dependency C:\impresslola\node_modules\@msgpackr-extract\msgpackr-extract-linux-arm
158 silly reify mark deleted [
158 silly reify   'C:\\impresslola\\node_modules\\@msgpackr-extract\\msgpackr-extract-linux-arm'
158 silly reify ]
159 verbose reify failed optional dependency C:\impresslola\node_modules\@msgpackr-extract\msgpackr-extract-darwin-x64
160 silly reify mark deleted [
160 silly reify   'C:\\impresslola\\node_modules\\@msgpackr-extract\\msgpackr-extract-darwin-x64'
160 silly reify ]
161 verbose reify failed optional dependency C:\impresslola\node_modules\@msgpackr-extract\msgpackr-extract-darwin-arm64
162 silly reify mark deleted [
162 silly reify   'C:\\impresslola\\node_modules\\@msgpackr-extract\\msgpackr-extract-darwin-arm64'
162 silly reify ]
163 verbose reify failed optional dependency C:\impresslola\node_modules\@lmdb\lmdb-linux-x64
164 silly reify mark deleted [ 'C:\\impresslola\\node_modules\\@lmdb\\lmdb-linux-x64' ]
165 verbose reify failed optional dependency C:\impresslola\node_modules\@lmdb\lmdb-linux-arm64
166 silly reify mark deleted [ 'C:\\impresslola\\node_modules\\@lmdb\\lmdb-linux-arm64' ]
167 verbose reify failed optional dependency C:\impresslola\node_modules\@lmdb\lmdb-linux-arm
168 silly reify mark deleted [ 'C:\\impresslola\\node_modules\\@lmdb\\lmdb-linux-arm' ]
169 verbose reify failed optional dependency C:\impresslola\node_modules\@lmdb\lmdb-darwin-x64
170 silly reify mark deleted [ 'C:\\impresslola\\node_modules\\@lmdb\\lmdb-darwin-x64' ]
171 verbose reify failed optional dependency C:\impresslola\node_modules\@lmdb\lmdb-darwin-arm64
172 silly reify mark deleted [ 'C:\\impresslola\\node_modules\\@lmdb\\lmdb-darwin-arm64' ]
173 verbose reify failed optional dependency C:\impresslola\node_modules\@esbuild\win32-ia32
174 silly reify mark deleted [ 'C:\\impresslola\\node_modules\\@esbuild\\win32-ia32' ]
175 verbose reify failed optional dependency C:\impresslola\node_modules\@esbuild\win32-arm64
176 silly reify mark deleted [ 'C:\\impresslola\\node_modules\\@esbuild\\win32-arm64' ]
177 verbose reify failed optional dependency C:\impresslola\node_modules\@esbuild\sunos-x64
178 silly reify mark deleted [ 'C:\\impresslola\\node_modules\\@esbuild\\sunos-x64' ]
179 verbose reify failed optional dependency C:\impresslola\node_modules\@esbuild\openbsd-x64
180 silly reify mark deleted [ 'C:\\impresslola\\node_modules\\@esbuild\\openbsd-x64' ]
181 verbose reify failed optional dependency C:\impresslola\node_modules\@esbuild\openbsd-arm64
182 silly reify mark deleted [ 'C:\\impresslola\\node_modules\\@esbuild\\openbsd-arm64' ]
183 verbose reify failed optional dependency C:\impresslola\node_modules\@esbuild\netbsd-x64
184 silly reify mark deleted [ 'C:\\impresslola\\node_modules\\@esbuild\\netbsd-x64' ]
185 verbose reify failed optional dependency C:\impresslola\node_modules\@esbuild\netbsd-arm64
186 silly reify mark deleted [ 'C:\\impresslola\\node_modules\\@esbuild\\netbsd-arm64' ]
187 verbose reify failed optional dependency C:\impresslola\node_modules\@esbuild\linux-x64
188 silly reify mark deleted [ 'C:\\impresslola\\node_modules\\@esbuild\\linux-x64' ]
189 verbose reify failed optional dependency C:\impresslola\node_modules\@esbuild\linux-s390x
190 silly reify mark deleted [ 'C:\\impresslola\\node_modules\\@esbuild\\linux-s390x' ]
191 verbose reify failed optional dependency C:\impresslola\node_modules\@esbuild\linux-riscv64
192 silly reify mark deleted [ 'C:\\impresslola\\node_modules\\@esbuild\\linux-riscv64' ]
193 verbose reify failed optional dependency C:\impresslola\node_modules\@esbuild\linux-ppc64
194 silly reify mark deleted [ 'C:\\impresslola\\node_modules\\@esbuild\\linux-ppc64' ]
195 verbose reify failed optional dependency C:\impresslola\node_modules\@esbuild\linux-mips64el
196 silly reify mark deleted [ 'C:\\impresslola\\node_modules\\@esbuild\\linux-mips64el' ]
197 verbose reify failed optional dependency C:\impresslola\node_modules\@esbuild\linux-loong64
198 silly reify mark deleted [ 'C:\\impresslola\\node_modules\\@esbuild\\linux-loong64' ]
199 verbose reify failed optional dependency C:\impresslola\node_modules\@esbuild\linux-ia32
200 silly reify mark deleted [ 'C:\\impresslola\\node_modules\\@esbuild\\linux-ia32' ]
201 verbose reify failed optional dependency C:\impresslola\node_modules\@esbuild\linux-arm64
202 silly reify mark deleted [ 'C:\\impresslola\\node_modules\\@esbuild\\linux-arm64' ]
203 verbose reify failed optional dependency C:\impresslola\node_modules\@esbuild\linux-arm
204 silly reify mark deleted [ 'C:\\impresslola\\node_modules\\@esbuild\\linux-arm' ]
205 verbose reify failed optional dependency C:\impresslola\node_modules\@esbuild\freebsd-x64
206 silly reify mark deleted [ 'C:\\impresslola\\node_modules\\@esbuild\\freebsd-x64' ]
207 verbose reify failed optional dependency C:\impresslola\node_modules\@esbuild\freebsd-arm64
208 silly reify mark deleted [ 'C:\\impresslola\\node_modules\\@esbuild\\freebsd-arm64' ]
209 verbose reify failed optional dependency C:\impresslola\node_modules\@esbuild\darwin-x64
210 silly reify mark deleted [ 'C:\\impresslola\\node_modules\\@esbuild\\darwin-x64' ]
211 verbose reify failed optional dependency C:\impresslola\node_modules\@esbuild\darwin-arm64
212 silly reify mark deleted [ 'C:\\impresslola\\node_modules\\@esbuild\\darwin-arm64' ]
213 verbose reify failed optional dependency C:\impresslola\node_modules\@esbuild\android-x64
214 silly reify mark deleted [ 'C:\\impresslola\\node_modules\\@esbuild\\android-x64' ]
215 verbose reify failed optional dependency C:\impresslola\node_modules\@esbuild\android-arm64
216 silly reify mark deleted [ 'C:\\impresslola\\node_modules\\@esbuild\\android-arm64' ]
217 verbose reify failed optional dependency C:\impresslola\node_modules\@esbuild\android-arm
218 silly reify mark deleted [ 'C:\\impresslola\\node_modules\\@esbuild\\android-arm' ]
219 verbose reify failed optional dependency C:\impresslola\node_modules\@esbuild\aix-ppc64
220 silly reify mark deleted [ 'C:\\impresslola\\node_modules\\@esbuild\\aix-ppc64' ]
221 verbose reify failed optional dependency C:\impresslola\node_modules\vite\node_modules\@rollup\rollup-win32-ia32-msvc
222 silly reify mark deleted [
222 silly reify   'C:\\impresslola\\node_modules\\vite\\node_modules\\@rollup\\rollup-win32-ia32-msvc'
222 silly reify ]
223 verbose reify failed optional dependency C:\impresslola\node_modules\vite\node_modules\@rollup\rollup-win32-arm64-msvc
224 silly reify mark deleted [
224 silly reify   'C:\\impresslola\\node_modules\\vite\\node_modules\\@rollup\\rollup-win32-arm64-msvc'
224 silly reify ]
225 verbose reify failed optional dependency C:\impresslola\node_modules\vite\node_modules\@rollup\rollup-linux-x64-musl
226 silly reify mark deleted [
226 silly reify   'C:\\impresslola\\node_modules\\vite\\node_modules\\@rollup\\rollup-linux-x64-musl'
226 silly reify ]
227 verbose reify failed optional dependency C:\impresslola\node_modules\vite\node_modules\@rollup\rollup-linux-x64-gnu
228 silly reify mark deleted [
228 silly reify   'C:\\impresslola\\node_modules\\vite\\node_modules\\@rollup\\rollup-linux-x64-gnu'
228 silly reify ]
229 verbose reify failed optional dependency C:\impresslola\node_modules\vite\node_modules\@rollup\rollup-linux-s390x-gnu
230 silly reify mark deleted [
230 silly reify   'C:\\impresslola\\node_modules\\vite\\node_modules\\@rollup\\rollup-linux-s390x-gnu'
230 silly reify ]
231 verbose reify failed optional dependency C:\impresslola\node_modules\vite\node_modules\@rollup\rollup-linux-riscv64-gnu
232 silly reify mark deleted [
232 silly reify   'C:\\impresslola\\node_modules\\vite\\node_modules\\@rollup\\rollup-linux-riscv64-gnu'
232 silly reify ]
233 verbose reify failed optional dependency C:\impresslola\node_modules\vite\node_modules\@rollup\rollup-linux-loongarch64-gnu
234 silly reify mark deleted [
234 silly reify   'C:\\impresslola\\node_modules\\vite\\node_modules\\@rollup\\rollup-linux-loongarch64-gnu'
234 silly reify ]
235 verbose reify failed optional dependency C:\impresslola\node_modules\vite\node_modules\@rollup\rollup-linux-arm64-musl
236 silly reify mark deleted [
236 silly reify   'C:\\impresslola\\node_modules\\vite\\node_modules\\@rollup\\rollup-linux-arm64-musl'
236 silly reify ]
237 verbose reify failed optional dependency C:\impresslola\node_modules\vite\node_modules\@rollup\rollup-linux-arm64-gnu
238 silly reify mark deleted [
238 silly reify   'C:\\impresslola\\node_modules\\vite\\node_modules\\@rollup\\rollup-linux-arm64-gnu'
238 silly reify ]
239 verbose reify failed optional dependency C:\impresslola\node_modules\vite\node_modules\@rollup\rollup-linux-arm-musleabihf
240 silly reify mark deleted [
240 silly reify   'C:\\impresslola\\node_modules\\vite\\node_modules\\@rollup\\rollup-linux-arm-musleabihf'
240 silly reify ]
241 verbose reify failed optional dependency C:\impresslola\node_modules\vite\node_modules\@rollup\rollup-linux-arm-gnueabihf
242 silly reify mark deleted [
242 silly reify   'C:\\impresslola\\node_modules\\vite\\node_modules\\@rollup\\rollup-linux-arm-gnueabihf'
242 silly reify ]
243 verbose reify failed optional dependency C:\impresslola\node_modules\vite\node_modules\@rollup\rollup-freebsd-x64
244 silly reify mark deleted [
244 silly reify   'C:\\impresslola\\node_modules\\vite\\node_modules\\@rollup\\rollup-freebsd-x64'
244 silly reify ]
245 verbose reify failed optional dependency C:\impresslola\node_modules\vite\node_modules\@rollup\rollup-freebsd-arm64
246 silly reify mark deleted [
246 silly reify   'C:\\impresslola\\node_modules\\vite\\node_modules\\@rollup\\rollup-freebsd-arm64'
246 silly reify ]
247 verbose reify failed optional dependency C:\impresslola\node_modules\vite\node_modules\@rollup\rollup-darwin-x64
248 silly reify mark deleted [
248 silly reify   'C:\\impresslola\\node_modules\\vite\\node_modules\\@rollup\\rollup-darwin-x64'
248 silly reify ]
249 verbose reify failed optional dependency C:\impresslola\node_modules\vite\node_modules\@rollup\rollup-darwin-arm64
250 silly reify mark deleted [
250 silly reify   'C:\\impresslola\\node_modules\\vite\\node_modules\\@rollup\\rollup-darwin-arm64'
250 silly reify ]
251 verbose reify failed optional dependency C:\impresslola\node_modules\vite\node_modules\@rollup\rollup-android-arm64
252 silly reify mark deleted [
252 silly reify   'C:\\impresslola\\node_modules\\vite\\node_modules\\@rollup\\rollup-android-arm64'
252 silly reify ]
253 verbose reify failed optional dependency C:\impresslola\node_modules\vite\node_modules\@rollup\rollup-android-arm-eabi
254 silly reify mark deleted [
254 silly reify   'C:\\impresslola\\node_modules\\vite\\node_modules\\@rollup\\rollup-android-arm-eabi'
254 silly reify ]
255 http fetch POST 200 https://registry.npmjs.org/-/npm/v1/security/advisories/bulk 1352ms
256 silly audit report {
256 silly audit report   tmp: [
256 silly audit report     {
256 silly audit report       id: 1106849,
256 silly audit report       url: 'https://github.com/advisories/GHSA-52f5-9888-hmc6',
256 silly audit report       title: 'tmp allows arbitrary temporary file / directory write via symbolic link `dir` parameter',
256 silly audit report       severity: 'low',
256 silly audit report       vulnerable_versions: '<=0.2.3',
256 silly audit report       cwe: [Array],
256 silly audit report       cvss: [Object]
256 silly audit report     }
256 silly audit report   ],
256 silly audit report   'on-headers': [
256 silly audit report     {
256 silly audit report       id: 1106812,
256 silly audit report       url: 'https://github.com/advisories/GHSA-76c9-3jph-rj3q',
256 silly audit report       title: 'on-headers is vulnerable to http response header manipulation',
256 silly audit report       severity: 'low',
256 silly audit report       vulnerable_versions: '<1.1.0',
256 silly audit report       cwe: [Array],
256 silly audit report       cvss: [Object]
256 silly audit report     }
256 silly audit report   ]
256 silly audit report }
257 silly packumentCache corgi:https://registry.npmjs.org/tmp cache-miss
258 silly packumentCache corgi:https://registry.npmjs.org/on-headers cache-miss
259 http fetch GET 200 https://registry.npmjs.org/tmp 101ms (cache revalidated)
260 silly packumentCache corgi:https://registry.npmjs.org/tmp set size:23979 disposed:false
261 http fetch GET 200 https://registry.npmjs.org/on-headers 207ms (cache revalidated)
262 silly packumentCache corgi:https://registry.npmjs.org/on-headers set size:4386 disposed:false
263 silly packumentCache corgi:https://registry.npmjs.org/karma cache-miss
264 silly packumentCache corgi:https://registry.npmjs.org/external-editor cache-miss
265 http fetch GET 200 https://registry.npmjs.org/karma 66ms (cache revalidated)
266 silly packumentCache corgi:https://registry.npmjs.org/karma set size:512452 disposed:false
267 http fetch GET 200 https://registry.npmjs.org/external-editor 88ms (cache revalidated)
268 silly packumentCache corgi:https://registry.npmjs.org/external-editor set size:17808 disposed:false
269 silly packumentCache corgi:https://registry.npmjs.org/compression cache-miss
270 http fetch GET 200 https://registry.npmjs.org/compression 75ms (cache revalidated)
271 silly packumentCache corgi:https://registry.npmjs.org/compression set size:31993 disposed:false
272 silly packumentCache corgi:https://registry.npmjs.org/@inquirer%2feditor cache-miss
273 http fetch GET 200 https://registry.npmjs.org/@inquirer%2feditor 155ms (cache updated)
274 silly packumentCache corgi:https://registry.npmjs.org/@inquirer%2feditor set size:undefined disposed:false
275 silly packumentCache corgi:https://registry.npmjs.org/webpack-dev-server cache-miss
276 http fetch GET 200 https://registry.npmjs.org/webpack-dev-server 84ms (cache revalidated)
277 silly packumentCache corgi:https://registry.npmjs.org/webpack-dev-server set size:455204 disposed:false
278 silly packumentCache corgi:https://registry.npmjs.org/@inquirer%2fprompts cache-miss
279 http fetch GET 200 https://registry.npmjs.org/@inquirer%2fprompts 113ms (cache updated)
280 silly packumentCache corgi:https://registry.npmjs.org/@inquirer%2fprompts set size:undefined disposed:false
281 silly ADD
282 silly ADD
283 silly ADD
284 silly ADD
285 silly ADD
286 silly ADD
287 silly ADD
288 silly ADD
289 silly ADD
290 silly ADD
291 silly ADD
292 silly ADD
293 silly ADD
294 silly ADD
295 silly ADD
296 silly ADD
297 silly ADD
298 silly ADD
299 silly ADD
300 silly ADD
301 silly ADD
302 silly ADD
303 silly ADD
304 silly ADD
305 silly ADD
306 silly ADD
307 silly ADD
308 silly ADD
309 silly ADD
310 silly ADD
311 silly ADD
312 silly ADD
313 silly ADD
314 silly ADD
315 silly ADD
316 silly ADD
317 silly ADD
318 silly ADD
319 silly ADD
320 silly ADD
321 silly ADD
322 silly ADD
323 silly ADD
324 silly ADD
325 silly ADD
326 silly ADD
327 silly ADD
328 silly ADD
329 silly ADD
330 silly ADD
331 silly ADD
332 silly ADD
333 silly ADD
334 silly ADD
335 silly ADD
336 silly ADD
337 silly ADD
338 silly ADD
339 silly ADD
340 silly ADD
341 silly ADD
342 silly ADD
343 silly ADD
344 silly ADD
345 silly ADD
346 silly ADD
347 silly ADD
348 silly ADD
349 silly ADD
350 silly ADD
351 silly ADD
352 silly ADD
353 silly ADD
354 silly ADD
355 silly ADD
356 silly ADD
357 silly ADD
358 silly ADD
359 silly ADD
360 silly ADD
361 silly ADD
362 silly ADD
363 silly ADD
364 silly ADD
365 silly ADD
366 silly ADD
367 silly ADD
368 silly ADD
369 silly ADD
370 silly ADD
371 silly ADD
372 silly ADD
373 silly ADD
374 silly ADD
375 silly ADD
376 silly ADD
377 silly ADD
378 silly ADD
379 silly ADD
380 silly ADD
381 silly ADD
382 silly ADD
383 silly ADD
384 silly ADD
385 silly ADD
386 silly ADD
387 silly ADD
388 silly ADD
389 silly ADD
390 silly ADD
391 silly ADD
392 silly ADD
393 silly ADD
394 silly ADD
395 silly ADD
396 silly ADD
397 silly ADD
398 silly ADD
399 silly ADD
400 verbose cwd C:\impresslola
401 verbose os Windows_NT 10.0.26100
402 verbose node v20.17.0
403 verbose npm  v11.1.0
404 verbose exit 0
405 info ok
