0 verbose cli C:\Program Files\nodejs\node.exe C:\Users\21260\AppData\Roaming\npm\node_modules\npm\bin\npm-cli.js
1 info using npm@11.1.0
2 info using node@v20.17.0
3 silly config load:file:C:\Users\21260\AppData\Roaming\npm\node_modules\npm\npmrc
4 silly config load:file:C:\impresslola\.npmrc
5 silly config load:file:C:\Users\21260\.npmrc
6 silly config load:file:C:\Users\21260\AppData\Roaming\npm\etc\npmrc
7 verbose title npm install @angular/core@latest
8 verbose argv "install" "@angular/core@latest"
9 verbose logfile logs-max:10 dir:C:\impresslola\clear\_logs\2025-08-08T11_29_31_094Z-
10 verbose logfile C:\impresslola\clear\_logs\2025-08-08T11_29_31_094Z-debug-0.log
11 silly logfile start cleaning logs, removing 1 files
12 silly packumentCache heap:4345298944 maxSize:1086324736 maxEntrySize:543162368
13 silly logfile done cleaning log files
14 silly packumentCache corgi:https://registry.npmjs.org/@angular%2fcore cache-miss
15 http fetch GET 200 https://registry.npmjs.org/@angular%2fcore 1168ms (cache miss)
16 silly packumentCache corgi:https://registry.npmjs.org/@angular%2fcore set size:undefined disposed:false
17 silly idealTree buildDeps
18 silly fetch manifest @angular/core@20.1.6
19 silly packumentCache full:https://registry.npmjs.org/@angular%2fcore cache-miss
20 http fetch GET 200 https://registry.npmjs.org/@angular%2fcore 280ms (cache updated)
21 silly packumentCache full:https://registry.npmjs.org/@angular%2fcore set size:undefined disposed:false
22 silly fetch manifest @angular/compiler@^19.2.0
23 silly packumentCache full:https://registry.npmjs.org/@angular%2fcompiler cache-miss
24 http fetch GET 200 https://registry.npmjs.org/@angular%2fcompiler 552ms (cache updated)
25 silly packumentCache full:https://registry.npmjs.org/@angular%2fcompiler set size:undefined disposed:false
26 silly fetch manifest @angular/compiler@20.1.6
27 silly packumentCache full:https://registry.npmjs.org/@angular%2fcompiler cache-miss
28 http cache https://registry.npmjs.org/@angular%2fcompiler 40ms (cache hit)
29 silly packumentCache full:https://registry.npmjs.org/@angular%2fcompiler set size:2462470 disposed:false
30 silly fetch manifest rxjs@~7.8.0
31 silly packumentCache full:https://registry.npmjs.org/rxjs cache-miss
32 http fetch GET 200 https://registry.npmjs.org/rxjs 126ms (cache revalidated)
33 silly packumentCache full:https://registry.npmjs.org/rxjs set size:980097 disposed:false
34 silly fetch manifest zone.js@~0.15.0
35 silly packumentCache full:https://registry.npmjs.org/zone.js cache-miss
36 http fetch GET 200 https://registry.npmjs.org/zone.js 101ms (cache revalidated)
37 silly packumentCache full:https://registry.npmjs.org/zone.js set size:365274 disposed:false
38 silly placeDep ROOT @angular/core@20.1.6 REPLACE for: impress-lola@0.0.0 want: 20.1.6
39 warn ERESOLVE overriding peer dependency {
39 warn ERESOLVE   code: 'ERESOLVE',
39 warn ERESOLVE   edge: {
39 warn ERESOLVE     type: 'peer',
39 warn ERESOLVE     name: '@angular/core',
39 warn ERESOLVE     spec: '19.2.14',
39 warn ERESOLVE     from: {
39 warn ERESOLVE       name: '@angular/animations',
39 warn ERESOLVE       version: '19.2.14',
39 warn ERESOLVE       location: 'node_modules/@angular/animations',
39 warn ERESOLVE       isWorkspace: false,
39 warn ERESOLVE       dependents: [Array]
39 warn ERESOLVE     }
39 warn ERESOLVE   },
39 warn ERESOLVE   dep: {
39 warn ERESOLVE     name: '@angular/core',
39 warn ERESOLVE     version: '20.1.6',
39 warn ERESOLVE     whileInstalling: { name: 'impress-lola', version: '0.0.0', path: 'C:\\impresslola' },
39 warn ERESOLVE     location: 'node_modules/@angular/core',
39 warn ERESOLVE     isWorkspace: false,
39 warn ERESOLVE     dependents: [ [Object] ]
39 warn ERESOLVE   },
39 warn ERESOLVE   force: false,
39 warn ERESOLVE   isMine: true,
39 warn ERESOLVE   strictPeerDeps: false,
39 warn ERESOLVE   current: {
39 warn ERESOLVE     name: '@angular/core',
39 warn ERESOLVE     version: '19.2.14',
39 warn ERESOLVE     location: 'node_modules/@angular/core',
39 warn ERESOLVE     isWorkspace: false,
39 warn ERESOLVE     dependents: [
39 warn ERESOLVE       [Object], [Object],
39 warn ERESOLVE       [Object], [Object],
39 warn ERESOLVE       [Object], [Object],
39 warn ERESOLVE       [Object], [Object],
39 warn ERESOLVE       [Object]
39 warn ERESOLVE     ]
39 warn ERESOLVE   }
39 warn ERESOLVE }
40 warn ERESOLVE overriding peer dependency {
40 warn ERESOLVE   code: 'ERESOLVE',
40 warn ERESOLVE   edge: {
40 warn ERESOLVE     type: 'peer',
40 warn ERESOLVE     name: '@angular/core',
40 warn ERESOLVE     spec: '19.2.14',
40 warn ERESOLVE     from: {
40 warn ERESOLVE       name: '@angular/animations',
40 warn ERESOLVE       version: '19.2.14',
40 warn ERESOLVE       location: 'node_modules/@angular/animations',
40 warn ERESOLVE       isWorkspace: false,
40 warn ERESOLVE       dependents: [Array]
40 warn ERESOLVE     }
40 warn ERESOLVE   },
40 warn ERESOLVE   dep: {
40 warn ERESOLVE     name: '@angular/core',
40 warn ERESOLVE     version: '20.1.6',
40 warn ERESOLVE     whileInstalling: { name: 'impress-lola', version: '0.0.0', path: 'C:\\impresslola' },
40 warn ERESOLVE     location: 'node_modules/@angular/core',
40 warn ERESOLVE     isWorkspace: false,
40 warn ERESOLVE     dependents: [ [Object] ]
40 warn ERESOLVE   },
40 warn ERESOLVE   force: false,
40 warn ERESOLVE   isMine: true,
40 warn ERESOLVE   strictPeerDeps: false,
40 warn ERESOLVE   current: {
40 warn ERESOLVE     name: '@angular/core',
40 warn ERESOLVE     version: '19.2.14',
40 warn ERESOLVE     location: 'node_modules/@angular/core',
40 warn ERESOLVE     isWorkspace: false,
40 warn ERESOLVE     dependents: [
40 warn ERESOLVE       [Object], [Object],
40 warn ERESOLVE       [Object], [Object],
40 warn ERESOLVE       [Object], [Object],
40 warn ERESOLVE       [Object], [Object],
40 warn ERESOLVE       [Object]
40 warn ERESOLVE     ]
40 warn ERESOLVE   }
40 warn ERESOLVE }
41 warn ERESOLVE overriding peer dependency {
41 warn ERESOLVE   code: 'ERESOLVE',
41 warn ERESOLVE   edge: {
41 warn ERESOLVE     type: 'peer',
41 warn ERESOLVE     name: '@angular/core',
41 warn ERESOLVE     spec: '19.2.14',
41 warn ERESOLVE     from: {
41 warn ERESOLVE       name: '@angular/animations',
41 warn ERESOLVE       version: '19.2.14',
41 warn ERESOLVE       location: 'node_modules/@angular/animations',
41 warn ERESOLVE       isWorkspace: false,
41 warn ERESOLVE       dependents: [Array]
41 warn ERESOLVE     }
41 warn ERESOLVE   },
41 warn ERESOLVE   dep: {
41 warn ERESOLVE     name: '@angular/core',
41 warn ERESOLVE     version: '20.1.6',
41 warn ERESOLVE     whileInstalling: { name: 'impress-lola', version: '0.0.0', path: 'C:\\impresslola' },
41 warn ERESOLVE     location: 'node_modules/@angular/core',
41 warn ERESOLVE     isWorkspace: false,
41 warn ERESOLVE     dependents: [ [Object] ]
41 warn ERESOLVE   },
41 warn ERESOLVE   force: false,
41 warn ERESOLVE   isMine: true,
41 warn ERESOLVE   strictPeerDeps: false,
41 warn ERESOLVE   current: {
41 warn ERESOLVE     name: '@angular/core',
41 warn ERESOLVE     version: '19.2.14',
41 warn ERESOLVE     location: 'node_modules/@angular/core',
41 warn ERESOLVE     isWorkspace: false,
41 warn ERESOLVE     dependents: [
41 warn ERESOLVE       [Object], [Object],
41 warn ERESOLVE       [Object], [Object],
41 warn ERESOLVE       [Object], [Object],
41 warn ERESOLVE       [Object], [Object],
41 warn ERESOLVE       [Object]
41 warn ERESOLVE     ]
41 warn ERESOLVE   }
41 warn ERESOLVE }
42 warn ERESOLVE overriding peer dependency {
42 warn ERESOLVE   code: 'ERESOLVE',
42 warn ERESOLVE   edge: {
42 warn ERESOLVE     type: 'peer',
42 warn ERESOLVE     name: '@angular/core',
42 warn ERESOLVE     spec: '19.2.14',
42 warn ERESOLVE     from: {
42 warn ERESOLVE       name: '@angular/animations',
42 warn ERESOLVE       version: '19.2.14',
42 warn ERESOLVE       location: 'node_modules/@angular/animations',
42 warn ERESOLVE       isWorkspace: false,
42 warn ERESOLVE       dependents: [Array]
42 warn ERESOLVE     }
42 warn ERESOLVE   },
42 warn ERESOLVE   dep: {
42 warn ERESOLVE     name: '@angular/core',
42 warn ERESOLVE     version: '20.1.6',
42 warn ERESOLVE     whileInstalling: { name: 'impress-lola', version: '0.0.0', path: 'C:\\impresslola' },
42 warn ERESOLVE     location: 'node_modules/@angular/core',
42 warn ERESOLVE     isWorkspace: false,
42 warn ERESOLVE     dependents: [ [Object] ]
42 warn ERESOLVE   },
42 warn ERESOLVE   force: false,
42 warn ERESOLVE   isMine: true,
42 warn ERESOLVE   strictPeerDeps: false,
42 warn ERESOLVE   current: {
42 warn ERESOLVE     name: '@angular/core',
42 warn ERESOLVE     version: '19.2.14',
42 warn ERESOLVE     location: 'node_modules/@angular/core',
42 warn ERESOLVE     isWorkspace: false,
42 warn ERESOLVE     dependents: [
42 warn ERESOLVE       [Object], [Object],
42 warn ERESOLVE       [Object], [Object],
42 warn ERESOLVE       [Object], [Object],
42 warn ERESOLVE       [Object], [Object],
42 warn ERESOLVE       [Object]
42 warn ERESOLVE     ]
42 warn ERESOLVE   }
42 warn ERESOLVE }
43 warn ERESOLVE overriding peer dependency {
43 warn ERESOLVE   code: 'ERESOLVE',
43 warn ERESOLVE   edge: {
43 warn ERESOLVE     type: 'peer',
43 warn ERESOLVE     name: '@angular/core',
43 warn ERESOLVE     spec: '19.2.14',
43 warn ERESOLVE     from: {
43 warn ERESOLVE       name: '@angular/animations',
43 warn ERESOLVE       version: '19.2.14',
43 warn ERESOLVE       location: 'node_modules/@angular/animations',
43 warn ERESOLVE       isWorkspace: false,
43 warn ERESOLVE       dependents: [Array]
43 warn ERESOLVE     }
43 warn ERESOLVE   },
43 warn ERESOLVE   dep: {
43 warn ERESOLVE     name: '@angular/core',
43 warn ERESOLVE     version: '20.1.6',
43 warn ERESOLVE     whileInstalling: { name: 'impress-lola', version: '0.0.0', path: 'C:\\impresslola' },
43 warn ERESOLVE     location: 'node_modules/@angular/core',
43 warn ERESOLVE     isWorkspace: false,
43 warn ERESOLVE     dependents: [ [Object] ]
43 warn ERESOLVE   },
43 warn ERESOLVE   force: false,
43 warn ERESOLVE   isMine: true,
43 warn ERESOLVE   strictPeerDeps: false,
43 warn ERESOLVE   current: {
43 warn ERESOLVE     name: '@angular/core',
43 warn ERESOLVE     version: '19.2.14',
43 warn ERESOLVE     location: 'node_modules/@angular/core',
43 warn ERESOLVE     isWorkspace: false,
43 warn ERESOLVE     dependents: [
43 warn ERESOLVE       [Object], [Object],
43 warn ERESOLVE       [Object], [Object],
43 warn ERESOLVE       [Object], [Object],
43 warn ERESOLVE       [Object], [Object],
43 warn ERESOLVE       [Object]
43 warn ERESOLVE     ]
43 warn ERESOLVE   }
43 warn ERESOLVE }
44 warn ERESOLVE overriding peer dependency {
44 warn ERESOLVE   code: 'ERESOLVE',
44 warn ERESOLVE   edge: {
44 warn ERESOLVE     type: 'peer',
44 warn ERESOLVE     name: '@angular/core',
44 warn ERESOLVE     spec: '19.2.14',
44 warn ERESOLVE     from: {
44 warn ERESOLVE       name: '@angular/common',
44 warn ERESOLVE       version: '19.2.14',
44 warn ERESOLVE       location: 'node_modules/@angular/common',
44 warn ERESOLVE       isWorkspace: false,
44 warn ERESOLVE       dependents: [Array]
44 warn ERESOLVE     }
44 warn ERESOLVE   },
44 warn ERESOLVE   dep: {
44 warn ERESOLVE     name: '@angular/core',
44 warn ERESOLVE     version: '20.1.6',
44 warn ERESOLVE     whileInstalling: { name: 'impress-lola', version: '0.0.0', path: 'C:\\impresslola' },
44 warn ERESOLVE     location: 'node_modules/@angular/core',
44 warn ERESOLVE     isWorkspace: false,
44 warn ERESOLVE     dependents: [ [Object] ]
44 warn ERESOLVE   },
44 warn ERESOLVE   force: false,
44 warn ERESOLVE   isMine: true,
44 warn ERESOLVE   strictPeerDeps: false,
44 warn ERESOLVE   current: {
44 warn ERESOLVE     name: '@angular/core',
44 warn ERESOLVE     version: '19.2.14',
44 warn ERESOLVE     location: 'node_modules/@angular/core',
44 warn ERESOLVE     isWorkspace: false,
44 warn ERESOLVE     dependents: [
44 warn ERESOLVE       [Object], [Object],
44 warn ERESOLVE       [Object], [Object],
44 warn ERESOLVE       [Object], [Object],
44 warn ERESOLVE       [Object], [Object],
44 warn ERESOLVE       [Object]
44 warn ERESOLVE     ]
44 warn ERESOLVE   }
44 warn ERESOLVE }
45 warn ERESOLVE overriding peer dependency {
45 warn ERESOLVE   code: 'ERESOLVE',
45 warn ERESOLVE   edge: {
45 warn ERESOLVE     type: 'peer',
45 warn ERESOLVE     name: '@angular/core',
45 warn ERESOLVE     spec: '19.2.14',
45 warn ERESOLVE     from: {
45 warn ERESOLVE       name: '@angular/common',
45 warn ERESOLVE       version: '19.2.14',
45 warn ERESOLVE       location: 'node_modules/@angular/common',
45 warn ERESOLVE       isWorkspace: false,
45 warn ERESOLVE       dependents: [Array]
45 warn ERESOLVE     }
45 warn ERESOLVE   },
45 warn ERESOLVE   dep: {
45 warn ERESOLVE     name: '@angular/core',
45 warn ERESOLVE     version: '20.1.6',
45 warn ERESOLVE     whileInstalling: { name: 'impress-lola', version: '0.0.0', path: 'C:\\impresslola' },
45 warn ERESOLVE     location: 'node_modules/@angular/core',
45 warn ERESOLVE     isWorkspace: false,
45 warn ERESOLVE     dependents: [ [Object] ]
45 warn ERESOLVE   },
45 warn ERESOLVE   force: false,
45 warn ERESOLVE   isMine: true,
45 warn ERESOLVE   strictPeerDeps: false,
45 warn ERESOLVE   current: {
45 warn ERESOLVE     name: '@angular/core',
45 warn ERESOLVE     version: '19.2.14',
45 warn ERESOLVE     location: 'node_modules/@angular/core',
45 warn ERESOLVE     isWorkspace: false,
45 warn ERESOLVE     dependents: [
45 warn ERESOLVE       [Object], [Object],
45 warn ERESOLVE       [Object], [Object],
45 warn ERESOLVE       [Object], [Object],
45 warn ERESOLVE       [Object], [Object],
45 warn ERESOLVE       [Object]
45 warn ERESOLVE     ]
45 warn ERESOLVE   }
45 warn ERESOLVE }
46 warn ERESOLVE overriding peer dependency {
46 warn ERESOLVE   code: 'ERESOLVE',
46 warn ERESOLVE   edge: {
46 warn ERESOLVE     type: 'peer',
46 warn ERESOLVE     name: '@angular/core',
46 warn ERESOLVE     spec: '19.2.14',
46 warn ERESOLVE     from: {
46 warn ERESOLVE       name: '@angular/common',
46 warn ERESOLVE       version: '19.2.14',
46 warn ERESOLVE       location: 'node_modules/@angular/common',
46 warn ERESOLVE       isWorkspace: false,
46 warn ERESOLVE       dependents: [Array]
46 warn ERESOLVE     }
46 warn ERESOLVE   },
46 warn ERESOLVE   dep: {
46 warn ERESOLVE     name: '@angular/core',
46 warn ERESOLVE     version: '20.1.6',
46 warn ERESOLVE     whileInstalling: { name: 'impress-lola', version: '0.0.0', path: 'C:\\impresslola' },
46 warn ERESOLVE     location: 'node_modules/@angular/core',
46 warn ERESOLVE     isWorkspace: false,
46 warn ERESOLVE     dependents: [ [Object] ]
46 warn ERESOLVE   },
46 warn ERESOLVE   force: false,
46 warn ERESOLVE   isMine: true,
46 warn ERESOLVE   strictPeerDeps: false,
46 warn ERESOLVE   current: {
46 warn ERESOLVE     name: '@angular/core',
46 warn ERESOLVE     version: '19.2.14',
46 warn ERESOLVE     location: 'node_modules/@angular/core',
46 warn ERESOLVE     isWorkspace: false,
46 warn ERESOLVE     dependents: [
46 warn ERESOLVE       [Object], [Object],
46 warn ERESOLVE       [Object], [Object],
46 warn ERESOLVE       [Object], [Object],
46 warn ERESOLVE       [Object], [Object],
46 warn ERESOLVE       [Object]
46 warn ERESOLVE     ]
46 warn ERESOLVE   }
46 warn ERESOLVE }
47 warn ERESOLVE overriding peer dependency {
47 warn ERESOLVE   code: 'ERESOLVE',
47 warn ERESOLVE   edge: {
47 warn ERESOLVE     type: 'peer',
47 warn ERESOLVE     name: '@angular/core',
47 warn ERESOLVE     spec: '19.2.14',
47 warn ERESOLVE     from: {
47 warn ERESOLVE       name: '@angular/common',
47 warn ERESOLVE       version: '19.2.14',
47 warn ERESOLVE       location: 'node_modules/@angular/common',
47 warn ERESOLVE       isWorkspace: false,
47 warn ERESOLVE       dependents: [Array]
47 warn ERESOLVE     }
47 warn ERESOLVE   },
47 warn ERESOLVE   dep: {
47 warn ERESOLVE     name: '@angular/core',
47 warn ERESOLVE     version: '20.1.6',
47 warn ERESOLVE     whileInstalling: { name: 'impress-lola', version: '0.0.0', path: 'C:\\impresslola' },
47 warn ERESOLVE     location: 'node_modules/@angular/core',
47 warn ERESOLVE     isWorkspace: false,
47 warn ERESOLVE     dependents: [ [Object] ]
47 warn ERESOLVE   },
47 warn ERESOLVE   force: false,
47 warn ERESOLVE   isMine: true,
47 warn ERESOLVE   strictPeerDeps: false,
47 warn ERESOLVE   current: {
47 warn ERESOLVE     name: '@angular/core',
47 warn ERESOLVE     version: '19.2.14',
47 warn ERESOLVE     location: 'node_modules/@angular/core',
47 warn ERESOLVE     isWorkspace: false,
47 warn ERESOLVE     dependents: [
47 warn ERESOLVE       [Object], [Object],
47 warn ERESOLVE       [Object], [Object],
47 warn ERESOLVE       [Object], [Object],
47 warn ERESOLVE       [Object], [Object],
47 warn ERESOLVE       [Object]
47 warn ERESOLVE     ]
47 warn ERESOLVE   }
47 warn ERESOLVE }
48 warn ERESOLVE overriding peer dependency {
48 warn ERESOLVE   code: 'ERESOLVE',
48 warn ERESOLVE   edge: {
48 warn ERESOLVE     type: 'peer',
48 warn ERESOLVE     name: '@angular/core',
48 warn ERESOLVE     spec: '19.2.14',
48 warn ERESOLVE     from: {
48 warn ERESOLVE       name: '@angular/common',
48 warn ERESOLVE       version: '19.2.14',
48 warn ERESOLVE       location: 'node_modules/@angular/common',
48 warn ERESOLVE       isWorkspace: false,
48 warn ERESOLVE       dependents: [Array]
48 warn ERESOLVE     }
48 warn ERESOLVE   },
48 warn ERESOLVE   dep: {
48 warn ERESOLVE     name: '@angular/core',
48 warn ERESOLVE     version: '20.1.6',
48 warn ERESOLVE     whileInstalling: { name: 'impress-lola', version: '0.0.0', path: 'C:\\impresslola' },
48 warn ERESOLVE     location: 'node_modules/@angular/core',
48 warn ERESOLVE     isWorkspace: false,
48 warn ERESOLVE     dependents: [ [Object] ]
48 warn ERESOLVE   },
48 warn ERESOLVE   force: false,
48 warn ERESOLVE   isMine: true,
48 warn ERESOLVE   strictPeerDeps: false,
48 warn ERESOLVE   current: {
48 warn ERESOLVE     name: '@angular/core',
48 warn ERESOLVE     version: '19.2.14',
48 warn ERESOLVE     location: 'node_modules/@angular/core',
48 warn ERESOLVE     isWorkspace: false,
48 warn ERESOLVE     dependents: [
48 warn ERESOLVE       [Object], [Object],
48 warn ERESOLVE       [Object], [Object],
48 warn ERESOLVE       [Object], [Object],
48 warn ERESOLVE       [Object], [Object],
48 warn ERESOLVE       [Object]
48 warn ERESOLVE     ]
48 warn ERESOLVE   }
48 warn ERESOLVE }
49 warn ERESOLVE overriding peer dependency {
49 warn ERESOLVE   code: 'ERESOLVE',
49 warn ERESOLVE   edge: {
49 warn ERESOLVE     type: 'peer',
49 warn ERESOLVE     name: '@angular/core',
49 warn ERESOLVE     spec: '19.2.14',
49 warn ERESOLVE     from: {
49 warn ERESOLVE       name: '@angular/common',
49 warn ERESOLVE       version: '19.2.14',
49 warn ERESOLVE       location: 'node_modules/@angular/common',
49 warn ERESOLVE       isWorkspace: false,
49 warn ERESOLVE       dependents: [Array]
49 warn ERESOLVE     }
49 warn ERESOLVE   },
49 warn ERESOLVE   dep: {
49 warn ERESOLVE     name: '@angular/core',
49 warn ERESOLVE     version: '20.1.6',
49 warn ERESOLVE     whileInstalling: { name: 'impress-lola', version: '0.0.0', path: 'C:\\impresslola' },
49 warn ERESOLVE     location: 'node_modules/@angular/core',
49 warn ERESOLVE     isWorkspace: false,
49 warn ERESOLVE     dependents: [ [Object] ]
49 warn ERESOLVE   },
49 warn ERESOLVE   force: false,
49 warn ERESOLVE   isMine: true,
49 warn ERESOLVE   strictPeerDeps: false,
49 warn ERESOLVE   current: {
49 warn ERESOLVE     name: '@angular/core',
49 warn ERESOLVE     version: '19.2.14',
49 warn ERESOLVE     location: 'node_modules/@angular/core',
49 warn ERESOLVE     isWorkspace: false,
49 warn ERESOLVE     dependents: [
49 warn ERESOLVE       [Object], [Object],
49 warn ERESOLVE       [Object], [Object],
49 warn ERESOLVE       [Object], [Object],
49 warn ERESOLVE       [Object], [Object],
49 warn ERESOLVE       [Object]
49 warn ERESOLVE     ]
49 warn ERESOLVE   }
49 warn ERESOLVE }
50 warn ERESOLVE overriding peer dependency {
50 warn ERESOLVE   code: 'ERESOLVE',
50 warn ERESOLVE   edge: {
50 warn ERESOLVE     type: 'peer',
50 warn ERESOLVE     name: '@angular/core',
50 warn ERESOLVE     spec: '19.2.14',
50 warn ERESOLVE     from: {
50 warn ERESOLVE       name: '@angular/common',
50 warn ERESOLVE       version: '19.2.14',
50 warn ERESOLVE       location: 'node_modules/@angular/common',
50 warn ERESOLVE       isWorkspace: false,
50 warn ERESOLVE       dependents: [Array]
50 warn ERESOLVE     }
50 warn ERESOLVE   },
50 warn ERESOLVE   dep: {
50 warn ERESOLVE     name: '@angular/core',
50 warn ERESOLVE     version: '20.1.6',
50 warn ERESOLVE     whileInstalling: { name: 'impress-lola', version: '0.0.0', path: 'C:\\impresslola' },
50 warn ERESOLVE     location: 'node_modules/@angular/core',
50 warn ERESOLVE     isWorkspace: false,
50 warn ERESOLVE     dependents: [ [Object] ]
50 warn ERESOLVE   },
50 warn ERESOLVE   force: false,
50 warn ERESOLVE   isMine: true,
50 warn ERESOLVE   strictPeerDeps: false,
50 warn ERESOLVE   current: {
50 warn ERESOLVE     name: '@angular/core',
50 warn ERESOLVE     version: '19.2.14',
50 warn ERESOLVE     location: 'node_modules/@angular/core',
50 warn ERESOLVE     isWorkspace: false,
50 warn ERESOLVE     dependents: [
50 warn ERESOLVE       [Object], [Object],
50 warn ERESOLVE       [Object], [Object],
50 warn ERESOLVE       [Object], [Object],
50 warn ERESOLVE       [Object], [Object],
50 warn ERESOLVE       [Object]
50 warn ERESOLVE     ]
50 warn ERESOLVE   }
50 warn ERESOLVE }
51 warn ERESOLVE overriding peer dependency {
51 warn ERESOLVE   code: 'ERESOLVE',
51 warn ERESOLVE   edge: {
51 warn ERESOLVE     type: 'peer',
51 warn ERESOLVE     name: '@angular/core',
51 warn ERESOLVE     spec: '19.2.14',
51 warn ERESOLVE     from: {
51 warn ERESOLVE       name: '@angular/common',
51 warn ERESOLVE       version: '19.2.14',
51 warn ERESOLVE       location: 'node_modules/@angular/common',
51 warn ERESOLVE       isWorkspace: false,
51 warn ERESOLVE       dependents: [Array]
51 warn ERESOLVE     }
51 warn ERESOLVE   },
51 warn ERESOLVE   dep: {
51 warn ERESOLVE     name: '@angular/core',
51 warn ERESOLVE     version: '20.1.6',
51 warn ERESOLVE     whileInstalling: { name: 'impress-lola', version: '0.0.0', path: 'C:\\impresslola' },
51 warn ERESOLVE     location: 'node_modules/@angular/core',
51 warn ERESOLVE     isWorkspace: false,
51 warn ERESOLVE     dependents: [ [Object] ]
51 warn ERESOLVE   },
51 warn ERESOLVE   force: false,
51 warn ERESOLVE   isMine: true,
51 warn ERESOLVE   strictPeerDeps: false,
51 warn ERESOLVE   current: {
51 warn ERESOLVE     name: '@angular/core',
51 warn ERESOLVE     version: '19.2.14',
51 warn ERESOLVE     location: 'node_modules/@angular/core',
51 warn ERESOLVE     isWorkspace: false,
51 warn ERESOLVE     dependents: [
51 warn ERESOLVE       [Object], [Object],
51 warn ERESOLVE       [Object], [Object],
51 warn ERESOLVE       [Object], [Object],
51 warn ERESOLVE       [Object], [Object],
51 warn ERESOLVE       [Object]
51 warn ERESOLVE     ]
51 warn ERESOLVE   }
51 warn ERESOLVE }
52 warn ERESOLVE overriding peer dependency {
52 warn ERESOLVE   code: 'ERESOLVE',
52 warn ERESOLVE   edge: {
52 warn ERESOLVE     type: 'peer',
52 warn ERESOLVE     name: '@angular/core',
52 warn ERESOLVE     spec: '19.2.14',
52 warn ERESOLVE     from: {
52 warn ERESOLVE       name: '@angular/forms',
52 warn ERESOLVE       version: '19.2.14',
52 warn ERESOLVE       location: 'node_modules/@angular/forms',
52 warn ERESOLVE       isWorkspace: false,
52 warn ERESOLVE       dependents: [Array]
52 warn ERESOLVE     }
52 warn ERESOLVE   },
52 warn ERESOLVE   dep: {
52 warn ERESOLVE     name: '@angular/core',
52 warn ERESOLVE     version: '20.1.6',
52 warn ERESOLVE     whileInstalling: { name: 'impress-lola', version: '0.0.0', path: 'C:\\impresslola' },
52 warn ERESOLVE     location: 'node_modules/@angular/core',
52 warn ERESOLVE     isWorkspace: false,
52 warn ERESOLVE     dependents: [ [Object] ]
52 warn ERESOLVE   },
52 warn ERESOLVE   force: false,
52 warn ERESOLVE   isMine: true,
52 warn ERESOLVE   strictPeerDeps: false,
52 warn ERESOLVE   current: {
52 warn ERESOLVE     name: '@angular/core',
52 warn ERESOLVE     version: '19.2.14',
52 warn ERESOLVE     location: 'node_modules/@angular/core',
52 warn ERESOLVE     isWorkspace: false,
52 warn ERESOLVE     dependents: [
52 warn ERESOLVE       [Object], [Object],
52 warn ERESOLVE       [Object], [Object],
52 warn ERESOLVE       [Object], [Object],
52 warn ERESOLVE       [Object], [Object],
52 warn ERESOLVE       [Object]
52 warn ERESOLVE     ]
52 warn ERESOLVE   }
52 warn ERESOLVE }
53 warn ERESOLVE overriding peer dependency {
53 warn ERESOLVE   code: 'ERESOLVE',
53 warn ERESOLVE   edge: {
53 warn ERESOLVE     type: 'peer',
53 warn ERESOLVE     name: '@angular/core',
53 warn ERESOLVE     spec: '19.2.14',
53 warn ERESOLVE     from: {
53 warn ERESOLVE       name: '@angular/platform-browser',
53 warn ERESOLVE       version: '19.2.14',
53 warn ERESOLVE       location: 'node_modules/@angular/platform-browser',
53 warn ERESOLVE       isWorkspace: false,
53 warn ERESOLVE       dependents: [Array]
53 warn ERESOLVE     }
53 warn ERESOLVE   },
53 warn ERESOLVE   dep: {
53 warn ERESOLVE     name: '@angular/core',
53 warn ERESOLVE     version: '20.1.6',
53 warn ERESOLVE     whileInstalling: { name: 'impress-lola', version: '0.0.0', path: 'C:\\impresslola' },
53 warn ERESOLVE     location: 'node_modules/@angular/core',
53 warn ERESOLVE     isWorkspace: false,
53 warn ERESOLVE     dependents: [ [Object] ]
53 warn ERESOLVE   },
53 warn ERESOLVE   force: false,
53 warn ERESOLVE   isMine: true,
53 warn ERESOLVE   strictPeerDeps: false,
53 warn ERESOLVE   current: {
53 warn ERESOLVE     name: '@angular/core',
53 warn ERESOLVE     version: '19.2.14',
53 warn ERESOLVE     location: 'node_modules/@angular/core',
53 warn ERESOLVE     isWorkspace: false,
53 warn ERESOLVE     dependents: [
53 warn ERESOLVE       [Object], [Object],
53 warn ERESOLVE       [Object], [Object],
53 warn ERESOLVE       [Object], [Object],
53 warn ERESOLVE       [Object], [Object],
53 warn ERESOLVE       [Object]
53 warn ERESOLVE     ]
53 warn ERESOLVE   }
53 warn ERESOLVE }
54 warn ERESOLVE overriding peer dependency {
54 warn ERESOLVE   code: 'ERESOLVE',
54 warn ERESOLVE   edge: {
54 warn ERESOLVE     type: 'peer',
54 warn ERESOLVE     name: '@angular/core',
54 warn ERESOLVE     spec: '19.2.14',
54 warn ERESOLVE     from: {
54 warn ERESOLVE       name: '@angular/platform-browser',
54 warn ERESOLVE       version: '19.2.14',
54 warn ERESOLVE       location: 'node_modules/@angular/platform-browser',
54 warn ERESOLVE       isWorkspace: false,
54 warn ERESOLVE       dependents: [Array]
54 warn ERESOLVE     }
54 warn ERESOLVE   },
54 warn ERESOLVE   dep: {
54 warn ERESOLVE     name: '@angular/core',
54 warn ERESOLVE     version: '20.1.6',
54 warn ERESOLVE     whileInstalling: { name: 'impress-lola', version: '0.0.0', path: 'C:\\impresslola' },
54 warn ERESOLVE     location: 'node_modules/@angular/core',
54 warn ERESOLVE     isWorkspace: false,
54 warn ERESOLVE     dependents: [ [Object] ]
54 warn ERESOLVE   },
54 warn ERESOLVE   force: false,
54 warn ERESOLVE   isMine: true,
54 warn ERESOLVE   strictPeerDeps: false,
54 warn ERESOLVE   current: {
54 warn ERESOLVE     name: '@angular/core',
54 warn ERESOLVE     version: '19.2.14',
54 warn ERESOLVE     location: 'node_modules/@angular/core',
54 warn ERESOLVE     isWorkspace: false,
54 warn ERESOLVE     dependents: [
54 warn ERESOLVE       [Object], [Object],
54 warn ERESOLVE       [Object], [Object],
54 warn ERESOLVE       [Object], [Object],
54 warn ERESOLVE       [Object], [Object],
54 warn ERESOLVE       [Object]
54 warn ERESOLVE     ]
54 warn ERESOLVE   }
54 warn ERESOLVE }
55 warn ERESOLVE overriding peer dependency {
55 warn ERESOLVE   code: 'ERESOLVE',
55 warn ERESOLVE   edge: {
55 warn ERESOLVE     type: 'peer',
55 warn ERESOLVE     name: '@angular/core',
55 warn ERESOLVE     spec: '19.2.14',
55 warn ERESOLVE     from: {
55 warn ERESOLVE       name: '@angular/platform-browser',
55 warn ERESOLVE       version: '19.2.14',
55 warn ERESOLVE       location: 'node_modules/@angular/platform-browser',
55 warn ERESOLVE       isWorkspace: false,
55 warn ERESOLVE       dependents: [Array]
55 warn ERESOLVE     }
55 warn ERESOLVE   },
55 warn ERESOLVE   dep: {
55 warn ERESOLVE     name: '@angular/core',
55 warn ERESOLVE     version: '20.1.6',
55 warn ERESOLVE     whileInstalling: { name: 'impress-lola', version: '0.0.0', path: 'C:\\impresslola' },
55 warn ERESOLVE     location: 'node_modules/@angular/core',
55 warn ERESOLVE     isWorkspace: false,
55 warn ERESOLVE     dependents: [ [Object] ]
55 warn ERESOLVE   },
55 warn ERESOLVE   force: false,
55 warn ERESOLVE   isMine: true,
55 warn ERESOLVE   strictPeerDeps: false,
55 warn ERESOLVE   current: {
55 warn ERESOLVE     name: '@angular/core',
55 warn ERESOLVE     version: '19.2.14',
55 warn ERESOLVE     location: 'node_modules/@angular/core',
55 warn ERESOLVE     isWorkspace: false,
55 warn ERESOLVE     dependents: [
55 warn ERESOLVE       [Object], [Object],
55 warn ERESOLVE       [Object], [Object],
55 warn ERESOLVE       [Object], [Object],
55 warn ERESOLVE       [Object], [Object],
55 warn ERESOLVE       [Object]
55 warn ERESOLVE     ]
55 warn ERESOLVE   }
55 warn ERESOLVE }
56 warn ERESOLVE overriding peer dependency {
56 warn ERESOLVE   code: 'ERESOLVE',
56 warn ERESOLVE   edge: {
56 warn ERESOLVE     type: 'peer',
56 warn ERESOLVE     name: '@angular/core',
56 warn ERESOLVE     spec: '19.2.14',
56 warn ERESOLVE     from: {
56 warn ERESOLVE       name: '@angular/platform-browser',
56 warn ERESOLVE       version: '19.2.14',
56 warn ERESOLVE       location: 'node_modules/@angular/platform-browser',
56 warn ERESOLVE       isWorkspace: false,
56 warn ERESOLVE       dependents: [Array]
56 warn ERESOLVE     }
56 warn ERESOLVE   },
56 warn ERESOLVE   dep: {
56 warn ERESOLVE     name: '@angular/core',
56 warn ERESOLVE     version: '20.1.6',
56 warn ERESOLVE     whileInstalling: { name: 'impress-lola', version: '0.0.0', path: 'C:\\impresslola' },
56 warn ERESOLVE     location: 'node_modules/@angular/core',
56 warn ERESOLVE     isWorkspace: false,
56 warn ERESOLVE     dependents: [ [Object] ]
56 warn ERESOLVE   },
56 warn ERESOLVE   force: false,
56 warn ERESOLVE   isMine: true,
56 warn ERESOLVE   strictPeerDeps: false,
56 warn ERESOLVE   current: {
56 warn ERESOLVE     name: '@angular/core',
56 warn ERESOLVE     version: '19.2.14',
56 warn ERESOLVE     location: 'node_modules/@angular/core',
56 warn ERESOLVE     isWorkspace: false,
56 warn ERESOLVE     dependents: [
56 warn ERESOLVE       [Object], [Object],
56 warn ERESOLVE       [Object], [Object],
56 warn ERESOLVE       [Object], [Object],
56 warn ERESOLVE       [Object], [Object],
56 warn ERESOLVE       [Object]
56 warn ERESOLVE     ]
56 warn ERESOLVE   }
56 warn ERESOLVE }
57 warn ERESOLVE overriding peer dependency {
57 warn ERESOLVE   code: 'ERESOLVE',
57 warn ERESOLVE   edge: {
57 warn ERESOLVE     type: 'peer',
57 warn ERESOLVE     name: '@angular/core',
57 warn ERESOLVE     spec: '19.2.14',
57 warn ERESOLVE     from: {
57 warn ERESOLVE       name: '@angular/platform-browser-dynamic',
57 warn ERESOLVE       version: '19.2.14',
57 warn ERESOLVE       location: 'node_modules/@angular/platform-browser-dynamic',
57 warn ERESOLVE       isWorkspace: false,
57 warn ERESOLVE       dependents: [Array]
57 warn ERESOLVE     }
57 warn ERESOLVE   },
57 warn ERESOLVE   dep: {
57 warn ERESOLVE     name: '@angular/core',
57 warn ERESOLVE     version: '20.1.6',
57 warn ERESOLVE     whileInstalling: { name: 'impress-lola', version: '0.0.0', path: 'C:\\impresslola' },
57 warn ERESOLVE     location: 'node_modules/@angular/core',
57 warn ERESOLVE     isWorkspace: false,
57 warn ERESOLVE     dependents: [ [Object] ]
57 warn ERESOLVE   },
57 warn ERESOLVE   force: false,
57 warn ERESOLVE   isMine: true,
57 warn ERESOLVE   strictPeerDeps: false,
57 warn ERESOLVE   current: {
57 warn ERESOLVE     name: '@angular/core',
57 warn ERESOLVE     version: '19.2.14',
57 warn ERESOLVE     location: 'node_modules/@angular/core',
57 warn ERESOLVE     isWorkspace: false,
57 warn ERESOLVE     dependents: [
57 warn ERESOLVE       [Object], [Object],
57 warn ERESOLVE       [Object], [Object],
57 warn ERESOLVE       [Object], [Object],
57 warn ERESOLVE       [Object], [Object],
57 warn ERESOLVE       [Object]
57 warn ERESOLVE     ]
57 warn ERESOLVE   }
57 warn ERESOLVE }
58 warn ERESOLVE overriding peer dependency {
58 warn ERESOLVE   code: 'ERESOLVE',
58 warn ERESOLVE   edge: {
58 warn ERESOLVE     type: 'peer',
58 warn ERESOLVE     name: '@angular/core',
58 warn ERESOLVE     spec: '19.2.14',
58 warn ERESOLVE     from: {
58 warn ERESOLVE       name: '@angular/router',
58 warn ERESOLVE       version: '19.2.14',
58 warn ERESOLVE       location: 'node_modules/@angular/router',
58 warn ERESOLVE       isWorkspace: false,
58 warn ERESOLVE       dependents: [Array]
58 warn ERESOLVE     }
58 warn ERESOLVE   },
58 warn ERESOLVE   dep: {
58 warn ERESOLVE     name: '@angular/core',
58 warn ERESOLVE     version: '20.1.6',
58 warn ERESOLVE     whileInstalling: { name: 'impress-lola', version: '0.0.0', path: 'C:\\impresslola' },
58 warn ERESOLVE     location: 'node_modules/@angular/core',
58 warn ERESOLVE     isWorkspace: false,
58 warn ERESOLVE     dependents: [ [Object] ]
58 warn ERESOLVE   },
58 warn ERESOLVE   force: false,
58 warn ERESOLVE   isMine: true,
58 warn ERESOLVE   strictPeerDeps: false,
58 warn ERESOLVE   current: {
58 warn ERESOLVE     name: '@angular/core',
58 warn ERESOLVE     version: '19.2.14',
58 warn ERESOLVE     location: 'node_modules/@angular/core',
58 warn ERESOLVE     isWorkspace: false,
58 warn ERESOLVE     dependents: [
58 warn ERESOLVE       [Object], [Object],
58 warn ERESOLVE       [Object], [Object],
58 warn ERESOLVE       [Object], [Object],
58 warn ERESOLVE       [Object], [Object],
58 warn ERESOLVE       [Object]
58 warn ERESOLVE     ]
58 warn ERESOLVE   }
58 warn ERESOLVE }
59 verbose stack Error: could not resolve
59 verbose stack     at PlaceDep.failPeerConflict (C:\Users\21260\AppData\Roaming\npm\node_modules\npm\node_modules\@npmcli\arborist\lib\place-dep.js:503:25)
59 verbose stack     at new PlaceDep (C:\Users\21260\AppData\Roaming\npm\node_modules\npm\node_modules\@npmcli\arborist\lib\place-dep.js:157:21)
59 verbose stack     at #buildDepStep (C:\Users\21260\AppData\Roaming\npm\node_modules\npm\node_modules\@npmcli\arborist\lib\arborist\build-ideal-tree.js:920:18)
59 verbose stack     at async Arborist.buildIdealTree (C:\Users\21260\AppData\Roaming\npm\node_modules\npm\node_modules\@npmcli\arborist\lib\arborist\build-ideal-tree.js:181:7)
59 verbose stack     at async Promise.all (index 1)
59 verbose stack     at async Arborist.reify (C:\Users\21260\AppData\Roaming\npm\node_modules\npm\node_modules\@npmcli\arborist\lib\arborist\reify.js:131:5)
59 verbose stack     at async Install.exec (C:\Users\21260\AppData\Roaming\npm\node_modules\npm\lib\commands\install.js:149:5)
59 verbose stack     at async Npm.exec (C:\Users\21260\AppData\Roaming\npm\node_modules\npm\lib\npm.js:207:9)
59 verbose stack     at async module.exports (C:\Users\21260\AppData\Roaming\npm\node_modules\npm\lib\cli\entry.js:67:5)
60 error code ERESOLVE
61 error ERESOLVE could not resolve
62 error
63 error While resolving: @angular/core@20.1.6
63 error Found: @angular/compiler@19.2.14[2m[22m
63 error [2mnode_modules/@angular/compiler[22m
63 error   [95mpeer[39m @angular/compiler@"^19.0.0 || ^19.2.0-next.0" from @angular/build@19.2.15[2m[22m
63 error   [2mnode_modules/@angular/build[22m
63 error     @angular/build@"19.2.15" from @angular-devkit/build-angular@19.2.15[2m[22m
63 error     [2mnode_modules/@angular-devkit/build-angular[22m
63 error       [34mdev[39m @angular-devkit/build-angular@"^19.2.0" from the root project
63 error   [95mpeer[39m @angular/compiler@"19.2.14" from @angular/compiler-cli@19.2.14[2m[22m
63 error   [2mnode_modules/@angular/compiler-cli[22m
63 error     [95mpeer[39m @angular/compiler-cli@"^19.0.0 || ^19.2.0-next.0" from @angular-devkit/build-angular@19.2.15[2m[22m
63 error     [2mnode_modules/@angular-devkit/build-angular[22m
63 error       [34mdev[39m @angular-devkit/build-angular@"^19.2.0" from the root project
63 error     [95mpeer[39m @angular/compiler-cli@"^19.0.0 || ^19.2.0-next.0" from @angular/build@19.2.15[2m[22m
63 error     [2mnode_modules/@angular/build[22m
63 error       @angular/build@"19.2.15" from @angular-devkit/build-angular@19.2.15[2m[22m
63 error       [2mnode_modules/@angular-devkit/build-angular[22m
63 error         [34mdev[39m @angular-devkit/build-angular@"^19.2.0" from the root project
63 error     2 more (@ngtools/webpack, the root project)
63 error   2 more (@angular/platform-browser-dynamic, the root project)
63 error
63 error Could not resolve dependency:
63 error peerOptional @angular/compiler@"20.1.6" from @angular/core@20.1.6[2m[22m
63 error [2mnode_modules/@angular/core[22m
63 error   @angular/core@"20.1.6" from the root project
63 error   [95mpeer[39m @angular/core@"^19.0.0 || ^20.0.0" from @angular/google-maps@19.2.19[2m[22m
63 error   [2mnode_modules/@angular/google-maps[22m
63 error     @angular/google-maps@"^19.2.19" from the root project
63 error   1 more (ngx-swiper-wrapper)
63 error
63 error Conflicting peer dependency: @angular/compiler@20.1.6[2m[22m
63 error [2mnode_modules/@angular/compiler[22m
63 error   peerOptional @angular/compiler@"20.1.6" from @angular/core@20.1.6[2m[22m
63 error   [2mnode_modules/@angular/core[22m
63 error     @angular/core@"20.1.6" from the root project
63 error     [95mpeer[39m @angular/core@"^19.0.0 || ^20.0.0" from @angular/google-maps@19.2.19[2m[22m
63 error     [2mnode_modules/@angular/google-maps[22m
63 error       @angular/google-maps@"^19.2.19" from the root project
63 error     1 more (ngx-swiper-wrapper)
63 error
63 error Fix the upstream dependency conflict, or retry
63 error this command with --force or --legacy-peer-deps
63 error to accept an incorrect (and potentially broken) dependency resolution.
64 error
64 error
64 error For a full report see:
64 error C:\impresslola\clear\_logs\2025-08-08T11_29_31_094Z-eresolve-report.txt
65 silly unfinished npm timer reify 1754652574437
66 silly unfinished npm timer reify:loadTrees 1754652574441
67 silly unfinished npm timer idealTree:buildDeps 1754652576694
68 silly unfinished npm timer idealTree:node_modules/@angular/core 1754652578166
69 verbose cwd C:\impresslola
70 verbose os Windows_NT 10.0.26100
71 verbose node v20.17.0
72 verbose npm  v11.1.0
73 verbose exit 1
74 verbose code 1
75 error A complete log of this run can be found in: C:\impresslola\clear\_logs\2025-08-08T11_29_31_094Z-debug-0.log
