0 verbose cli C:\Program Files\nodejs\node.exe C:\Users\21260\AppData\Roaming\npm\node_modules\npm\bin\npm-cli.js
1 info using npm@11.1.0
2 info using node@v20.17.0
3 silly config load:file:C:\Users\21260\AppData\Roaming\npm\node_modules\npm\npmrc
4 silly config load:file:C:\impresslola\.npmrc
5 silly config load:file:C:\Users\21260\.npmrc
6 silly config load:file:C:\Users\21260\AppData\Roaming\npm\etc\npmrc
7 verbose title npm install
8 verbose argv "install" "--legacy-peer-deps"
9 verbose logfile logs-max:10 dir:C:\impresslola\clear\_logs\2025-08-08T11_38_19_773Z-
10 verbose logfile C:\impresslola\clear\_logs\2025-08-08T11_38_19_773Z-debug-0.log
11 silly logfile start cleaning logs, removing 1 files
12 silly packumentCache heap:4345298944 maxSize:1086324736 maxEntrySize:543162368
13 silly logfile done cleaning log files
14 silly idealTree buildDeps
15 silly reify mark retired [
15 silly reify   'C:\\impresslola\\node_modules\\vite',
15 silly reify   'C:\\impresslola\\node_modules\\.bin\\vite',
15 silly reify   'C:\\impresslola\\node_modules\\.bin\\vite.cmd',
15 silly reify   'C:\\impresslola\\node_modules\\.bin\\vite.ps1'
15 silly reify ]
16 silly reify moves {
16 silly reify   'C:\\impresslola\\node_modules\\vite': 'C:\\impresslola\\node_modules\\.vite-sfgf9bfZ',
16 silly reify   'C:\\impresslola\\node_modules\\.bin\\vite': 'C:\\impresslola\\node_modules\\.bin\\.vite-Q93AFeVo',
16 silly reify   'C:\\impresslola\\node_modules\\.bin\\vite.cmd': 'C:\\impresslola\\node_modules\\.bin\\.vite.cmd-T4PD6o61',
16 silly reify   'C:\\impresslola\\node_modules\\.bin\\vite.ps1': 'C:\\impresslola\\node_modules\\.bin\\.vite.ps1-hQZ3Dq8V'
16 silly reify }
17 silly audit bulk request {
17 silly audit   '@ampproject/remapping': [ '2.3.0' ],
17 silly audit   '@angular-devkit/architect': [ '0.1902.15' ],
17 silly audit   rxjs: [ '7.8.1', '7.8.2' ],
17 silly audit   '@angular-devkit/build-angular': [ '19.2.15' ],
17 silly audit   autoprefixer: [ '10.4.20', '10.4.21' ],
17 silly audit   postcss: [ '8.5.2', '8.5.6' ],
17 silly audit   '@angular-devkit/build-webpack': [ '0.1902.15' ],
17 silly audit   '@angular-devkit/core': [ '19.2.15' ],
17 silly audit   '@angular-devkit/schematics': [ '19.2.15' ],
17 silly audit   '@angular/animations': [ '19.2.14' ],
17 silly audit   '@angular/build': [ '19.2.15' ],
17 silly audit   vite: [ '6.2.7' ],
17 silly audit   '@angular/cli': [ '19.2.15' ],
17 silly audit   '@angular/common': [ '19.2.14' ],
17 silly audit   '@angular/compiler': [ '19.2.14' ],
17 silly audit   '@angular/compiler-cli': [ '19.2.14' ],
17 silly audit   '@babel/core': [ '7.26.9', '7.26.10' ],
17 silly audit   'convert-source-map': [ '2.0.0', '1.9.0' ],
17 silly audit   semver: [ '6.3.1', '5.7.2', '7.7.1' ],
17 silly audit   '@angular/core': [ '19.2.14' ],
17 silly audit   '@angular/forms': [ '19.2.14' ],
17 silly audit   '@angular/google-maps': [ '19.2.19' ],
17 silly audit   '@angular/platform-browser': [ '19.2.14' ],
17 silly audit   '@angular/platform-browser-dynamic': [ '19.2.14' ],
17 silly audit   '@angular/router': [ '19.2.14' ],
17 silly audit   '@babel/code-frame': [ '7.27.1' ],
17 silly audit   '@babel/compat-data': [ '7.28.0' ],
17 silly audit   '@babel/generator': [ '7.26.10', '7.28.0' ],
17 silly audit   '@babel/helper-annotate-as-pure': [ '7.25.9', '7.27.3' ],
17 silly audit   '@babel/helper-compilation-targets': [ '7.27.2' ],
17 silly audit   '@babel/helper-create-class-features-plugin': [ '7.27.1' ],
17 silly audit   '@babel/helper-create-regexp-features-plugin': [ '7.27.1' ],
17 silly audit   '@babel/helper-define-polyfill-provider': [ '0.6.5' ],
17 silly audit   '@babel/helper-globals': [ '7.28.0' ],
17 silly audit   '@babel/helper-member-expression-to-functions': [ '7.27.1' ],
17 silly audit   '@babel/helper-module-imports': [ '7.27.1' ],
17 silly audit   '@babel/helper-module-transforms': [ '7.27.3' ],
17 silly audit   '@babel/helper-optimise-call-expression': [ '7.27.1' ],
17 silly audit   '@babel/helper-plugin-utils': [ '7.27.1' ],
17 silly audit   '@babel/helper-remap-async-to-generator': [ '7.27.1' ],
17 silly audit   '@babel/helper-replace-supers': [ '7.27.1' ],
17 silly audit   '@babel/helper-skip-transparent-expression-wrappers': [ '7.27.1' ],
17 silly audit   '@babel/helper-split-export-declaration': [ '7.24.7' ],
17 silly audit   '@babel/helper-string-parser': [ '7.27.1' ],
17 silly audit   '@babel/helper-validator-identifier': [ '7.27.1' ],
17 silly audit   '@babel/helper-validator-option': [ '7.27.1' ],
17 silly audit   '@babel/helper-wrap-function': [ '7.27.1' ],
17 silly audit   '@babel/helpers': [ '7.27.6' ],
17 silly audit   '@babel/parser': [ '7.28.0' ],
17 silly audit   '@babel/plugin-bugfix-firefox-class-in-computed-class-key': [ '7.27.1' ],
17 silly audit   '@babel/plugin-bugfix-safari-class-field-initializer-scope': [ '7.27.1' ],
17 silly audit   '@babel/plugin-bugfix-safari-id-destructuring-collision-in-function-expression': [ '7.27.1' ],
17 silly audit   '@babel/plugin-bugfix-v8-spread-parameters-in-optional-chaining': [ '7.27.1' ],
17 silly audit   '@babel/plugin-bugfix-v8-static-class-fields-redefine-readonly': [ '7.27.1' ],
17 silly audit   '@babel/plugin-proposal-private-property-in-object': [ '7.21.0-placeholder-for-preset-env.2' ],
17 silly audit   '@babel/plugin-syntax-import-assertions': [ '7.27.1' ],
17 silly audit   '@babel/plugin-syntax-import-attributes': [ '7.26.0' ],
17 silly audit   '@babel/plugin-syntax-unicode-sets-regex': [ '7.18.6' ],
17 silly audit   '@babel/plugin-transform-arrow-functions': [ '7.27.1' ],
17 silly audit   '@babel/plugin-transform-async-generator-functions': [ '7.26.8' ],
17 silly audit   '@babel/plugin-transform-async-to-generator': [ '7.25.9' ],
17 silly audit   '@babel/plugin-transform-block-scoped-functions': [ '7.27.1' ],
17 silly audit   '@babel/plugin-transform-block-scoping': [ '7.28.0' ],
17 silly audit   '@babel/plugin-transform-class-properties': [ '7.27.1' ],
17 silly audit   '@babel/plugin-transform-class-static-block': [ '7.27.1' ],
17 silly audit   '@babel/plugin-transform-classes': [ '7.28.0' ],
17 silly audit   '@babel/plugin-transform-computed-properties': [ '7.27.1' ],
17 silly audit   '@babel/plugin-transform-destructuring': [ '7.28.0' ],
17 silly audit   '@babel/plugin-transform-dotall-regex': [ '7.27.1' ],
17 silly audit   '@babel/plugin-transform-duplicate-keys': [ '7.27.1' ],
17 silly audit   '@babel/plugin-transform-duplicate-named-capturing-groups-regex': [ '7.27.1' ],
17 silly audit   '@babel/plugin-transform-dynamic-import': [ '7.27.1' ],
17 silly audit   '@babel/plugin-transform-exponentiation-operator': [ '7.27.1' ],
17 silly audit   '@babel/plugin-transform-export-namespace-from': [ '7.27.1' ],
17 silly audit   '@babel/plugin-transform-for-of': [ '7.27.1' ],
17 silly audit   '@babel/plugin-transform-function-name': [ '7.27.1' ],
17 silly audit   '@babel/plugin-transform-json-strings': [ '7.27.1' ],
17 silly audit   '@babel/plugin-transform-literals': [ '7.27.1' ],
17 silly audit   '@babel/plugin-transform-logical-assignment-operators': [ '7.27.1' ],
17 silly audit   '@babel/plugin-transform-member-expression-literals': [ '7.27.1' ],
17 silly audit   '@babel/plugin-transform-modules-amd': [ '7.27.1' ],
17 silly audit   '@babel/plugin-transform-modules-commonjs': [ '7.27.1' ],
17 silly audit   '@babel/plugin-transform-modules-systemjs': [ '7.27.1' ],
17 silly audit   '@babel/plugin-transform-modules-umd': [ '7.27.1' ],
17 silly audit   '@babel/plugin-transform-named-capturing-groups-regex': [ '7.27.1' ],
17 silly audit   '@babel/plugin-transform-new-target': [ '7.27.1' ],
17 silly audit   '@babel/plugin-transform-nullish-coalescing-operator': [ '7.27.1' ],
17 silly audit   '@babel/plugin-transform-numeric-separator': [ '7.27.1' ],
17 silly audit   '@babel/plugin-transform-object-rest-spread': [ '7.28.0' ],
17 silly audit   '@babel/plugin-transform-object-super': [ '7.27.1' ],
17 silly audit   '@babel/plugin-transform-optional-catch-binding': [ '7.27.1' ],
17 silly audit   '@babel/plugin-transform-optional-chaining': [ '7.27.1' ],
17 silly audit   '@babel/plugin-transform-parameters': [ '7.27.7' ],
17 silly audit   '@babel/plugin-transform-private-methods': [ '7.27.1' ],
17 silly audit   '@babel/plugin-transform-private-property-in-object': [ '7.27.1' ],
17 silly audit   '@babel/plugin-transform-property-literals': [ '7.27.1' ],
17 silly audit   '@babel/plugin-transform-regenerator': [ '7.28.0' ],
17 silly audit   '@babel/plugin-transform-regexp-modifiers': [ '7.27.1' ],
17 silly audit   '@babel/plugin-transform-reserved-words': [ '7.27.1' ],
17 silly audit   '@babel/plugin-transform-runtime': [ '7.26.10' ],
17 silly audit   '@babel/plugin-transform-shorthand-properties': [ '7.27.1' ],
17 silly audit   '@babel/plugin-transform-spread': [ '7.27.1' ],
17 silly audit   '@babel/plugin-transform-sticky-regex': [ '7.27.1' ],
17 silly audit   '@babel/plugin-transform-template-literals': [ '7.27.1' ],
17 silly audit   '@babel/plugin-transform-typeof-symbol': [ '7.27.1' ],
17 silly audit   '@babel/plugin-transform-unicode-escapes': [ '7.27.1' ],
17 silly audit   '@babel/plugin-transform-unicode-property-regex': [ '7.27.1' ],
17 silly audit   '@babel/plugin-transform-unicode-regex': [ '7.27.1' ],
17 silly audit   '@babel/plugin-transform-unicode-sets-regex': [ '7.27.1' ],
17 silly audit   '@babel/preset-env': [ '7.26.9' ],
17 silly audit   '@babel/preset-modules': [ '0.1.6-no-external-plugins' ],
17 silly audit   '@babel/runtime': [ '7.26.10' ],
17 silly audit   '@babel/template': [ '7.27.2' ],
17 silly audit   '@babel/traverse': [ '7.28.0' ],
17 silly audit   '@babel/types': [ '7.28.0' ],
17 silly audit   '@colors/colors': [ '1.5.0' ],
17 silly audit   '@discoveryjs/json-ext': [ '0.6.3' ],
17 silly audit   '@esbuild/aix-ppc64': [ '0.25.4' ],
17 silly audit   '@esbuild/android-arm': [ '0.25.4' ],
17 silly audit   '@esbuild/android-arm64': [ '0.25.4' ],
17 silly audit   '@esbuild/android-x64': [ '0.25.4' ],
17 silly audit   '@esbuild/darwin-arm64': [ '0.25.4' ],
17 silly audit   '@esbuild/darwin-x64': [ '0.25.4' ],
17 silly audit   '@esbuild/freebsd-arm64': [ '0.25.4' ],
17 silly audit   '@esbuild/freebsd-x64': [ '0.25.4' ],
17 silly audit   '@esbuild/linux-arm': [ '0.25.4' ],
17 silly audit   '@esbuild/linux-arm64': [ '0.25.4' ],
17 silly audit   '@esbuild/linux-ia32': [ '0.25.4' ],
17 silly audit   '@esbuild/linux-loong64': [ '0.25.4' ],
17 silly audit   '@esbuild/linux-mips64el': [ '0.25.4' ],
17 silly audit   '@esbuild/linux-ppc64': [ '0.25.4' ],
17 silly audit   '@esbuild/linux-riscv64': [ '0.25.4' ],
17 silly audit   '@esbuild/linux-s390x': [ '0.25.4' ],
17 silly audit   '@esbuild/linux-x64': [ '0.25.4' ],
17 silly audit   '@esbuild/netbsd-arm64': [ '0.25.4' ],
17 silly audit   '@esbuild/netbsd-x64': [ '0.25.4' ],
17 silly audit   '@esbuild/openbsd-arm64': [ '0.25.4' ],
17 silly audit   '@esbuild/openbsd-x64': [ '0.25.4' ],
17 silly audit   '@esbuild/sunos-x64': [ '0.25.4' ],
17 silly audit   '@esbuild/win32-arm64': [ '0.25.4' ],
17 silly audit   '@esbuild/win32-ia32': [ '0.25.4' ],
17 silly audit   '@esbuild/win32-x64': [ '0.25.4' ],
17 silly audit   '@fortawesome/fontawesome-free': [ '7.0.0' ],
17 silly audit   '@inquirer/checkbox': [ '4.1.9' ],
17 silly audit   '@inquirer/confirm': [ '5.1.6' ],
17 silly audit   '@inquirer/core': [ '10.1.14' ],
17 silly audit   '@inquirer/editor': [ '4.2.14' ],
17 silly audit   '@inquirer/expand': [ '4.0.16' ],
17 silly audit   '@inquirer/figures': [ '1.0.12' ],
17 silly audit   '@inquirer/input': [ '4.2.0' ],
17 silly audit   '@inquirer/number': [ '3.0.16' ],
17 silly audit   '@inquirer/password': [ '4.0.16' ],
17 silly audit   '@inquirer/prompts': [ '7.3.2' ],
17 silly audit   '@inquirer/rawlist': [ '4.1.4' ],
17 silly audit   '@inquirer/search': [ '3.0.16' ],
17 silly audit   '@inquirer/select': [ '4.2.4' ],
17 silly audit   '@inquirer/type': [ '3.0.7', '1.5.5' ],
17 silly audit   '@isaacs/cliui': [ '8.0.2' ],
17 silly audit   'ansi-styles': [ '6.2.1', '4.3.0' ],
17 silly audit   'emoji-regex': [ '9.2.2', '8.0.0', '10.4.0' ],
17 silly audit   'string-width': [ '5.1.2', '4.2.3', '7.2.0' ],
17 silly audit   'wrap-ansi': [ '8.1.0', '7.0.0', '9.0.0', '6.2.0' ],
17 silly audit   '@isaacs/fs-minipass': [ '4.0.1' ],
17 silly audit   '@istanbuljs/schema': [ '0.1.3' ],
17 silly audit   '@jridgewell/gen-mapping': [ '0.3.12' ],
17 silly audit   '@jridgewell/resolve-uri': [ '3.1.2' ],
17 silly audit   '@jridgewell/source-map': [ '0.3.10' ],
17 silly audit   '@jridgewell/sourcemap-codec': [ '1.5.4' ],
17 silly audit   '@jridgewell/trace-mapping': [ '0.3.29' ],
17 silly audit   '@jsonjoy.com/base64': [ '1.1.2' ],
17 silly audit   '@jsonjoy.com/json-pack': [ '1.2.0' ],
17 silly audit   '@jsonjoy.com/util': [ '1.6.0' ],
17 silly audit   '@leichtgewicht/ip-codec': [ '2.0.5' ],
17 silly audit   '@listr2/prompt-adapter-inquirer': [ '2.0.18' ],
17 silly audit   'mute-stream': [ '1.0.0', '2.0.0' ],
17 silly audit   '@lmdb/lmdb-darwin-arm64': [ '3.2.6' ],
17 silly audit   '@lmdb/lmdb-darwin-x64': [ '3.2.6' ],
17 silly audit   '@lmdb/lmdb-linux-arm': [ '3.2.6' ],
17 silly audit   '@lmdb/lmdb-linux-arm64': [ '3.2.6' ],
17 silly audit   '@lmdb/lmdb-linux-x64': [ '3.2.6' ],
17 silly audit   '@lmdb/lmdb-win32-x64': [ '3.2.6' ],
17 silly audit   '@mapbox/jsonlint-lines-primitives': [ '2.0.2' ],
17 silly audit   '@mapbox/mapbox-gl-supported': [ '3.0.0' ],
17 silly audit   '@mapbox/point-geometry': [ '1.1.0' ],
17 silly audit   '@mapbox/tiny-sdf': [ '2.0.7' ],
17 silly audit   '@mapbox/unitbezier': [ '0.0.1' ],
17 silly audit   '@mapbox/vector-tile': [ '2.0.4' ],
17 silly audit   '@mapbox/whoots-js': [ '3.1.0' ],
17 silly audit   '@msgpackr-extract/msgpackr-extract-darwin-arm64': [ '3.0.3' ],
17 silly audit   '@msgpackr-extract/msgpackr-extract-darwin-x64': [ '3.0.3' ],
17 silly audit   '@msgpackr-extract/msgpackr-extract-linux-arm': [ '3.0.3' ],
17 silly audit   '@msgpackr-extract/msgpackr-extract-linux-arm64': [ '3.0.3' ],
17 silly audit   '@msgpackr-extract/msgpackr-extract-linux-x64': [ '3.0.3' ],
17 silly audit   '@msgpackr-extract/msgpackr-extract-win32-x64': [ '3.0.3' ],
17 silly audit   '@napi-rs/nice': [ '1.0.4' ],
17 silly audit   '@napi-rs/nice-android-arm-eabi': [ '1.0.4' ],
17 silly audit   '@napi-rs/nice-android-arm64': [ '1.0.4' ],
17 silly audit   '@napi-rs/nice-darwin-arm64': [ '1.0.4' ],
17 silly audit   '@napi-rs/nice-darwin-x64': [ '1.0.4' ],
17 silly audit   '@napi-rs/nice-freebsd-x64': [ '1.0.4' ],
17 silly audit   '@napi-rs/nice-linux-arm-gnueabihf': [ '1.0.4' ],
17 silly audit   '@napi-rs/nice-linux-arm64-gnu': [ '1.0.4' ],
17 silly audit   '@napi-rs/nice-linux-arm64-musl': [ '1.0.4' ],
17 silly audit   '@napi-rs/nice-linux-ppc64-gnu': [ '1.0.4' ],
17 silly audit   '@napi-rs/nice-linux-riscv64-gnu': [ '1.0.4' ],
17 silly audit   '@napi-rs/nice-linux-s390x-gnu': [ '1.0.4' ],
17 silly audit   '@napi-rs/nice-linux-x64-gnu': [ '1.0.4' ],
17 silly audit   '@napi-rs/nice-linux-x64-musl': [ '1.0.4' ],
17 silly audit   '@napi-rs/nice-win32-arm64-msvc': [ '1.0.4' ],
17 silly audit   '@napi-rs/nice-win32-ia32-msvc': [ '1.0.4' ],
17 silly audit   '@napi-rs/nice-win32-x64-msvc': [ '1.0.4' ],
17 silly audit   '@ngtools/webpack': [ '19.2.15' ],
17 silly audit   '@nodelib/fs.scandir': [ '2.1.5' ],
17 silly audit   '@nodelib/fs.stat': [ '2.0.5' ],
17 silly audit   '@nodelib/fs.walk': [ '1.2.8' ],
17 silly audit   '@npmcli/agent': [ '3.0.0' ],
17 silly audit   'lru-cache': [ '10.4.3', '5.1.1' ],
17 silly audit   '@npmcli/fs': [ '4.0.0' ],
17 silly audit   '@npmcli/git': [ '6.0.3' ],
17 silly audit   isexe: [ '3.1.1', '2.0.0' ],
17 silly audit   which: [ '5.0.0', '2.0.2', '1.3.1' ],
17 silly audit   '@npmcli/installed-package-contents': [ '3.0.0' ],
17 silly audit   '@npmcli/node-gyp': [ '4.0.0' ],
17 silly audit   '@npmcli/package-json': [ '6.2.0' ],
17 silly audit   'brace-expansion': [ '2.0.2', '1.1.12' ],
17 silly audit   glob: [ '10.4.5', '7.2.3' ],
17 silly audit   minimatch: [ '9.0.5', '3.1.2' ],
17 silly audit   '@npmcli/promise-spawn': [ '8.0.2' ],
17 silly audit   '@npmcli/redact': [ '3.2.2' ],
17 silly audit   '@npmcli/run-script': [ '9.1.0' ],
17 silly audit   '@parcel/watcher': [ '2.5.1' ],
17 silly audit   '@parcel/watcher-android-arm64': [ '2.5.1' ],
17 silly audit   '@parcel/watcher-darwin-arm64': [ '2.5.1' ],
17 silly audit   '@parcel/watcher-darwin-x64': [ '2.5.1' ],
17 silly audit   '@parcel/watcher-freebsd-x64': [ '2.5.1' ],
17 silly audit   '@parcel/watcher-linux-arm-glibc': [ '2.5.1' ],
17 silly audit   '@parcel/watcher-linux-arm-musl': [ '2.5.1' ],
17 silly audit   '@parcel/watcher-linux-arm64-glibc': [ '2.5.1' ],
17 silly audit   '@parcel/watcher-linux-arm64-musl': [ '2.5.1' ],
17 silly audit   '@parcel/watcher-linux-x64-glibc': [ '2.5.1' ],
17 silly audit   '@parcel/watcher-linux-x64-musl': [ '2.5.1' ],
17 silly audit   '@parcel/watcher-win32-arm64': [ '2.5.1' ],
17 silly audit   '@parcel/watcher-win32-ia32': [ '2.5.1' ],
17 silly audit   '@parcel/watcher-win32-x64': [ '2.5.1' ],
17 silly audit   'detect-libc': [ '1.0.3', '2.0.4' ],
17 silly audit   'node-addon-api': [ '7.1.1', '6.1.0' ],
17 silly audit   '@pkgjs/parseargs': [ '0.11.0' ],
17 silly audit   '@popperjs/core': [ '2.11.8' ],
17 silly audit   '@rollup/rollup-android-arm-eabi': [ '4.34.8' ],
17 silly audit   '@rollup/rollup-android-arm64': [ '4.34.8' ],
17 silly audit   '@rollup/rollup-darwin-arm64': [ '4.34.8' ],
17 silly audit   '@rollup/rollup-darwin-x64': [ '4.34.8' ],
17 silly audit   '@rollup/rollup-freebsd-arm64': [ '4.34.8' ],
17 silly audit   '@rollup/rollup-freebsd-x64': [ '4.34.8' ],
17 silly audit   '@rollup/rollup-linux-arm-gnueabihf': [ '4.34.8' ],
17 silly audit   '@rollup/rollup-linux-arm-musleabihf': [ '4.34.8' ],
17 silly audit   '@rollup/rollup-linux-arm64-gnu': [ '4.34.8' ],
17 silly audit   '@rollup/rollup-linux-arm64-musl': [ '4.34.8' ],
17 silly audit   '@rollup/rollup-linux-loongarch64-gnu': [ '4.34.8' ],
17 silly audit   '@rollup/rollup-linux-powerpc64le-gnu': [ '4.34.8' ],
17 silly audit   '@rollup/rollup-linux-riscv64-gnu': [ '4.34.8' ],
17 silly audit   '@rollup/rollup-linux-s390x-gnu': [ '4.34.8' ],
17 silly audit   '@rollup/rollup-linux-x64-gnu': [ '4.34.8' ],
17 silly audit   '@rollup/rollup-linux-x64-musl': [ '4.34.8' ],
17 silly audit   '@rollup/rollup-win32-arm64-msvc': [ '4.34.8' ],
17 silly audit   '@rollup/rollup-win32-ia32-msvc': [ '4.34.8' ],
17 silly audit   '@rollup/rollup-win32-x64-msvc': [ '4.34.8' ],
17 silly audit   '@schematics/angular': [ '19.2.15' ],
17 silly audit   '@sigstore/bundle': [ '3.1.0' ],
17 silly audit   '@sigstore/core': [ '2.0.0' ],
17 silly audit   '@sigstore/protobuf-specs': [ '0.4.3' ],
17 silly audit   '@sigstore/sign': [ '3.1.0' ],
17 silly audit   '@sigstore/tuf': [ '3.1.1' ],
17 silly audit   '@sigstore/verify': [ '2.1.1' ],
17 silly audit   '@sindresorhus/merge-streams': [ '2.3.0' ],
17 silly audit   '@socket.io/component-emitter': [ '3.1.2' ],
17 silly audit   '@tufjs/canonical-json': [ '2.0.0' ],
17 silly audit   '@tufjs/models': [ '3.0.1' ],
17 silly audit   '@types/aos': [ '3.0.7' ],
17 silly audit   '@types/body-parser': [ '1.19.6' ],
17 silly audit   '@types/bonjour': [ '3.5.13' ],
17 silly audit   '@types/connect': [ '3.4.38' ],
17 silly audit   '@types/connect-history-api-fallback': [ '1.5.4' ],
17 silly audit   '@types/cors': [ '2.8.19' ],
17 silly audit   '@types/eslint': [ '9.6.1' ],
17 silly audit   '@types/eslint-scope': [ '3.7.7' ],
17 silly audit   '@types/estree': [ '1.0.6' ],
17 silly audit   '@types/express': [ '4.17.23' ],
17 silly audit   '@types/express-serve-static-core': [ '4.19.6' ],
17 silly audit   '@types/geojson': [ '7946.0.16' ],
17 silly audit   '@types/geojson-vt': [ '3.2.5' ],
17 silly audit   '@types/google.maps': [ '3.58.1' ],
17 silly audit   '@types/http-errors': [ '2.0.5' ],
17 silly audit   '@types/http-proxy': [ '1.17.16' ],
17 silly audit   '@types/jasmine': [ '5.1.8' ],
17 silly audit   '@types/json-schema': [ '7.0.15' ],
17 silly audit   '@types/leaflet': [ '1.9.20' ],
17 silly audit   '@types/mapbox__point-geometry': [ '0.1.4' ],
17 silly audit   '@types/mapbox-gl': [ '3.4.1' ],
17 silly audit   '@types/mime': [ '1.3.5' ],
17 silly audit   '@types/node': [ '24.0.10' ],
17 silly audit   '@types/node-forge': [ '1.3.12' ],
17 silly audit   '@types/pbf': [ '3.0.5' ],
17 silly audit   '@types/qs': [ '6.14.0' ],
17 silly audit   '@types/range-parser': [ '1.2.7' ],
17 silly audit   '@types/retry': [ '0.12.2' ],
17 silly audit   '@types/send': [ '0.17.5' ],
17 silly audit   '@types/serve-index': [ '1.9.4' ],
17 silly audit   '@types/serve-static': [ '1.15.8' ],
17 silly audit   '@types/sockjs': [ '0.3.36' ],
17 silly audit   '@types/supercluster': [ '7.1.3' ],
17 silly audit   '@types/ws': [ '8.18.1' ],
17 silly audit   '@vitejs/plugin-basic-ssl': [ '1.2.0' ],
17 silly audit   '@webassemblyjs/ast': [ '1.14.1' ],
17 silly audit   '@webassemblyjs/floating-point-hex-parser': [ '1.13.2' ],
17 silly audit   '@webassemblyjs/helper-api-error': [ '1.13.2' ],
17 silly audit   '@webassemblyjs/helper-buffer': [ '1.14.1' ],
17 silly audit   '@webassemblyjs/helper-numbers': [ '1.13.2' ],
17 silly audit   '@webassemblyjs/helper-wasm-bytecode': [ '1.13.2' ],
17 silly audit   '@webassemblyjs/helper-wasm-section': [ '1.14.1' ],
17 silly audit   '@webassemblyjs/ieee754': [ '1.13.2' ],
17 silly audit   '@webassemblyjs/leb128': [ '1.13.2' ],
17 silly audit   '@webassemblyjs/utf8': [ '1.13.2' ],
17 silly audit   '@webassemblyjs/wasm-edit': [ '1.14.1' ],
17 silly audit   '@webassemblyjs/wasm-gen': [ '1.14.1' ],
17 silly audit   '@webassemblyjs/wasm-opt': [ '1.14.1' ],
17 silly audit   '@webassemblyjs/wasm-parser': [ '1.14.1' ],
17 silly audit   '@webassemblyjs/wast-printer': [ '1.14.1' ],
17 silly audit   '@xtuc/ieee754': [ '1.2.0' ],
17 silly audit   '@xtuc/long': [ '4.2.2' ],
17 silly audit   '@yarnpkg/lockfile': [ '1.1.0' ],
17 silly audit   abbrev: [ '3.0.1' ],
17 silly audit   accepts: [ '1.3.8' ],
17 silly audit   negotiator: [ '0.6.3', '0.6.4', '1.0.0' ],
17 silly audit   acorn: [ '8.15.0' ],
17 silly audit   'adjust-sourcemap-loader': [ '4.0.0' ],
17 silly audit   'loader-utils': [ '2.0.4', '3.3.1' ],
17 silly audit   'agent-base': [ '7.1.3' ],
17 silly audit   ajv: [ '8.17.1' ],
17 silly audit   'ajv-formats': [ '3.0.1', '2.1.1' ],
17 silly audit   'ajv-keywords': [ '5.1.0' ],
17 silly audit   'ansi-colors': [ '4.1.3' ],
17 silly audit   'ansi-escapes': [ '4.3.2', '7.0.0' ],
17 silly audit   'ansi-html-community': [ '0.0.8' ],
17 silly audit   'ansi-regex': [ '6.1.0', '5.0.1' ],
17 silly audit   anymatch: [ '3.1.3' ],
17 silly audit   picomatch: [ '2.3.1', '4.0.2' ],
17 silly audit   aos: [ '2.3.4' ],
17 silly audit   argparse: [ '2.0.1' ],
17 silly audit   'array-flatten': [ '1.1.1' ],
17 silly audit   'babel-loader': [ '9.2.1' ],
17 silly audit   'babel-plugin-polyfill-corejs2': [ '0.4.14' ],
17 silly audit   'babel-plugin-polyfill-corejs3': [ '0.11.1' ],
17 silly audit   'babel-plugin-polyfill-regenerator': [ '0.6.5' ],
17 silly audit   'balanced-match': [ '1.0.2' ],
17 silly audit   'base64-js': [ '1.5.1' ],
17 silly audit   base64id: [ '2.0.0' ],
17 silly audit   batch: [ '0.6.1' ],
17 silly audit   beasties: [ '0.3.2' ],
17 silly audit   'big.js': [ '5.2.2' ],
17 silly audit   'binary-extensions': [ '2.3.0' ],
17 silly audit   bl: [ '4.1.0' ],
17 silly audit   'body-parser': [ '1.20.3' ],
17 silly audit   debug: [ '2.6.9', '4.4.1', '4.3.7' ],
17 silly audit   ms: [ '2.0.0', '2.1.3' ],
17 silly audit   'bonjour-service': [ '1.3.0' ],
17 silly audit   boolbase: [ '1.0.0' ],
17 silly audit   bootstrap: [ '5.3.7' ],
17 silly audit   braces: [ '3.0.3' ],
17 silly audit   browserslist: [ '4.25.1' ],
17 silly audit   buffer: [ '5.7.1' ],
17 silly audit   'buffer-from': [ '1.1.2' ],
17 silly audit   'bundle-name': [ '4.1.0' ],
17 silly audit   bytes: [ '3.1.2' ],
17 silly audit   cacache: [ '19.0.1' ],
17 silly audit   chownr: [ '3.0.0', '2.0.0' ],
17 silly audit   mkdirp: [ '3.0.1', '0.5.6', '1.0.4' ],
17 silly audit   tar: [ '7.4.3', '6.2.1' ],
17 silly audit   yallist: [ '5.0.0', '4.0.0', '3.1.1' ],
17 silly audit   'call-bind-apply-helpers': [ '1.0.2' ],
17 silly audit   'call-bound': [ '1.0.4' ],
17 silly audit   callsites: [ '3.1.0' ],
17 silly audit   'caniuse-lite': [ '1.0.30001727' ],
17 silly audit   chalk: [ '4.1.2' ],
17 silly audit   chardet: [ '0.7.0' ],
17 silly audit   'cheap-ruler': [ '4.0.0' ],
17 silly audit   chokidar: [ '4.0.3', '3.6.0' ],
17 silly audit   'chrome-trace-event': [ '1.0.4' ],
17 silly audit   'classlist-polyfill': [ '1.2.0' ],
17 silly audit   'cli-cursor': [ '5.0.0', '3.1.0' ],
17 silly audit   'cli-spinners': [ '2.9.2' ],
17 silly audit   'cli-truncate': [ '4.0.0' ],
17 silly audit   'cli-width': [ '4.1.0' ],
17 silly audit   cliui: [ '8.0.1', '7.0.4' ],
17 silly audit   'is-fullwidth-code-point': [ '3.0.0', '4.0.0', '5.0.0' ],
17 silly audit   'strip-ansi': [ '6.0.1', '7.1.0' ],
17 silly audit   clone: [ '1.0.4' ],
17 silly audit   'clone-deep': [ '4.0.1' ],
17 silly audit   'is-plain-object': [ '2.0.4', '5.0.0' ],
17 silly audit   'color-convert': [ '2.0.1' ],
17 silly audit   'color-name': [ '1.1.4' ],
17 silly audit   colorette: [ '2.0.20' ],
17 silly audit   commander: [ '2.20.3' ],
17 silly audit   'common-path-prefix': [ '3.0.0' ],
17 silly audit   compressible: [ '2.0.18' ],
17 silly audit   compression: [ '1.8.0' ],
17 silly audit   'concat-map': [ '0.0.1' ],
17 silly audit   connect: [ '3.7.0' ],
17 silly audit   'connect-history-api-fallback': [ '2.0.0' ],
17 silly audit   'content-disposition': [ '0.5.4' ],
17 silly audit   'content-type': [ '1.0.5' ],
17 silly audit   cookie: [ '0.7.2', '0.7.1' ],
17 silly audit   'cookie-signature': [ '1.0.6' ],
17 silly audit   'copy-anything': [ '2.0.6' ],
17 silly audit   'copy-webpack-plugin': [ '12.0.2' ],
17 silly audit   'core-js-compat': [ '3.44.0' ],
17 silly audit   'core-util-is': [ '1.0.3' ],
17 silly audit   cors: [ '2.8.5' ],
17 silly audit   cosmiconfig: [ '9.0.0' ],
17 silly audit   'cross-spawn': [ '7.0.6' ],
17 silly audit   'css-loader': [ '7.1.2' ],
17 silly audit   'css-select': [ '5.2.2' ],
17 silly audit   'css-what': [ '6.2.2' ],
17 silly audit   csscolorparser: [ '1.0.3' ],
17 silly audit   cssesc: [ '3.0.0' ],
17 silly audit   'custom-event': [ '1.0.1' ],
17 silly audit   'date-format': [ '4.0.14' ],
17 silly audit   'default-browser': [ '5.2.1' ],
17 silly audit   'default-browser-id': [ '5.0.0' ],
17 silly audit   defaults: [ '1.0.4' ],
17 silly audit   'define-lazy-prop': [ '3.0.0' ],
17 silly audit   depd: [ '2.0.0', '1.1.2' ],
17 silly audit   destroy: [ '1.2.0' ],
17 silly audit   'detect-node': [ '2.1.0' ],
17 silly audit   di: [ '0.0.1' ],
17 silly audit   'dns-packet': [ '5.6.1' ],
17 silly audit   'dom-serialize': [ '2.2.1' ],
17 silly audit   'dom-serializer': [ '2.0.0' ],
17 silly audit   domelementtype: [ '2.3.0' ],
17 silly audit   domhandler: [ '5.0.3' ],
17 silly audit   domutils: [ '3.2.2' ],
17 silly audit   'dunder-proto': [ '1.0.1' ],
17 silly audit   earcut: [ '3.0.2' ],
17 silly audit   eastasianwidth: [ '0.2.0' ],
17 silly audit   'ee-first': [ '1.1.1' ],
17 silly audit   'electron-to-chromium': [ '1.5.179' ],
17 silly audit   'emojis-list': [ '3.0.0' ],
17 silly audit   encodeurl: [ '1.0.2', '2.0.0' ],
17 silly audit   encoding: [ '0.1.13' ],
17 silly audit   'iconv-lite': [ '0.6.3', '0.4.24' ],
17 silly audit   'engine.io': [ '6.6.4' ],
17 silly audit   'engine.io-parser': [ '5.2.3' ],
17 silly audit   'enhanced-resolve': [ '5.18.2' ],
17 silly audit   ent: [ '2.2.2' ],
17 silly audit   entities: [ '4.5.0', '6.0.1' ],
17 silly audit   'env-paths': [ '2.2.1' ],
17 silly audit   environment: [ '1.1.0' ],
17 silly audit   'err-code': [ '2.0.3' ],
17 silly audit   errno: [ '0.1.8' ],
17 silly audit   'error-ex': [ '1.3.2' ],
17 silly audit   'es-define-property': [ '1.0.1' ],
17 silly audit   'es-errors': [ '1.3.0' ],
17 silly audit   'es-module-lexer': [ '1.7.0' ],
17 silly audit   'es-object-atoms': [ '1.1.1' ],
17 silly audit   esbuild: [ '0.25.4' ],
17 silly audit   'esbuild-wasm': [ '0.25.4' ],
17 silly audit   escalade: [ '3.2.0' ],
17 silly audit   'escape-html': [ '1.0.3' ],
17 silly audit   'eslint-scope': [ '5.1.1' ],
17 silly audit   esrecurse: [ '4.3.0' ],
17 silly audit   estraverse: [ '5.3.0', '4.3.0' ],
17 silly audit   esutils: [ '2.0.3' ],
17 silly audit   etag: [ '1.8.1' ],
17 silly audit   eventemitter3: [ '4.0.7', '5.0.1' ],
17 silly audit   events: [ '3.3.0' ],
17 silly audit   'exponential-backoff': [ '3.1.2' ],
17 silly audit   express: [ '4.21.2' ],
17 silly audit   finalhandler: [ '1.3.1', '1.1.2' ],
17 silly audit   statuses: [ '2.0.1', '1.5.0' ],
17 silly audit   extend: [ '3.0.2' ],
17 silly audit   'external-editor': [ '3.1.0' ],
17 silly audit   'fast-deep-equal': [ '3.1.3' ],
17 silly audit   'fast-glob': [ '3.3.3' ],
17 silly audit   'glob-parent': [ '5.1.2', '6.0.2' ],
17 silly audit   'fast-uri': [ '3.0.6' ],
17 silly audit   fastq: [ '1.19.1' ],
17 silly audit   'faye-websocket': [ '0.11.4' ],
17 silly audit   fdir: [ '6.4.6' ],
17 silly audit   'fill-range': [ '7.1.1' ],
17 silly audit   'on-finished': [ '2.3.0', '2.4.1' ],
17 silly audit   'find-cache-dir': [ '4.0.0' ],
17 silly audit   'find-up': [ '6.3.0' ],
17 silly audit   flat: [ '5.0.2' ],
17 silly audit   flatted: [ '3.3.3' ],
17 silly audit   'follow-redirects': [ '1.15.9' ],
17 silly audit   'foreground-child': [ '3.3.1' ],
17 silly audit   forwarded: [ '0.2.0' ],
17 silly audit   'fraction.js': [ '4.3.7' ],
17 silly audit   fresh: [ '0.5.2' ],
17 silly audit   'fs-extra': [ '8.1.0' ],
17 silly audit   'fs-minipass': [ '3.0.3', '2.1.0' ],
17 silly audit   'fs.realpath': [ '1.0.0' ],
17 silly audit   fsevents: [ '2.3.3' ],
17 silly audit   'function-bind': [ '1.1.2' ],
17 silly audit   gensync: [ '1.0.0-beta.2' ],
17 silly audit   'geojson-vt': [ '4.0.2' ],
17 silly audit   'get-caller-file': [ '2.0.5' ],
17 silly audit   'get-east-asian-width': [ '1.3.0' ],
17 silly audit   'get-intrinsic': [ '1.3.0' ],
17 silly audit   'get-proto': [ '1.0.1' ],
17 silly audit   'gl-matrix': [ '3.4.3' ],
17 silly audit   'glob-to-regexp': [ '0.4.1' ],
17 silly audit   globby: [ '14.1.0' ],
17 silly audit   gopd: [ '1.2.0' ],
17 silly audit   'graceful-fs': [ '4.2.11' ],
17 silly audit   'grid-index': [ '1.1.0' ],
17 silly audit   'handle-thing': [ '2.0.1' ],
17 silly audit   'has-flag': [ '4.0.0' ],
17 silly audit   'has-symbols': [ '1.1.0' ],
17 silly audit   'has-tostringtag': [ '1.0.2' ],
17 silly audit   hasown: [ '2.0.2' ],
17 silly audit   'hosted-git-info': [ '8.1.0' ],
17 silly audit   'hpack.js': [ '2.1.6' ],
17 silly audit   'readable-stream': [ '2.3.8', '3.6.2' ],
17 silly audit   'safe-buffer': [ '5.1.2', '5.2.1' ],
17 silly audit   string_decoder: [ '1.1.1', '1.3.0' ],
17 silly audit   'html-escaper': [ '2.0.2' ],
17 silly audit   htmlparser2: [ '10.0.0' ],
17 silly audit   'http-cache-semantics': [ '4.2.0' ],
17 silly audit   'http-deceiver': [ '1.2.7' ],
17 silly audit   'http-errors': [ '2.0.0', '1.6.3' ],
17 silly audit   'http-parser-js': [ '0.5.10' ],
17 silly audit   'http-proxy': [ '1.18.1' ],
17 silly audit   'http-proxy-agent': [ '7.0.2' ],
17 silly audit   'http-proxy-middleware': [ '3.0.5', '2.0.9' ],
17 silly audit   'https-proxy-agent': [ '7.0.6' ],
17 silly audit   hyperdyperid: [ '1.2.0' ],
17 silly audit   'icss-utils': [ '5.1.0' ],
17 silly audit   ieee754: [ '1.2.1' ],
17 silly audit   ignore: [ '7.0.5' ],
17 silly audit   'ignore-walk': [ '7.0.0' ],
17 silly audit   'image-size': [ '0.5.5' ],
17 silly audit   immutable: [ '5.1.3' ],
17 silly audit   'import-fresh': [ '3.3.1' ],
17 silly audit   imurmurhash: [ '0.1.4' ],
17 silly audit   inflight: [ '1.0.6' ],
17 silly audit   inherits: [ '2.0.4', '2.0.3' ],
17 silly audit   ini: [ '5.0.0' ],
17 silly audit   'ip-address': [ '9.0.5' ],
17 silly audit   'ipaddr.js': [ '2.2.0', '1.9.1' ],
17 silly audit   'is-arrayish': [ '0.2.1' ],
17 silly audit   'is-binary-path': [ '2.1.0' ],
17 silly audit   'is-core-module': [ '2.16.1' ],
17 silly audit   'is-docker': [ '3.0.0' ],
17 silly audit   'is-extglob': [ '2.1.1' ],
17 silly audit   'is-glob': [ '4.0.3' ],
17 silly audit   'is-inside-container': [ '1.0.0' ],
17 silly audit   'is-interactive': [ '1.0.0' ],
17 silly audit   'is-network-error': [ '1.1.0' ],
17 silly audit   'is-number': [ '7.0.0' ],
17 silly audit   'is-plain-obj': [ '3.0.0' ],
17 silly audit   'is-regex': [ '1.2.1' ],
17 silly audit   'is-unicode-supported': [ '0.1.0' ],
17 silly audit   'is-what': [ '3.14.1' ],
17 silly audit   'is-wsl': [ '3.1.0' ],
17 silly audit   isarray: [ '1.0.0' ],
17 silly audit   isbinaryfile: [ '4.0.10' ],
17 silly audit   isobject: [ '3.0.1' ],
17 silly audit   'istanbul-lib-coverage': [ '3.2.2' ],
17 silly audit   'istanbul-lib-instrument': [ '6.0.3', '5.2.1' ],
17 silly audit   'istanbul-lib-report': [ '3.0.1' ],
17 silly audit   'istanbul-lib-source-maps': [ '4.0.1' ],
17 silly audit   'source-map': [ '0.6.1', '0.7.4' ],
17 silly audit   'istanbul-reports': [ '3.1.7' ],
17 silly audit   jackspeak: [ '3.4.3' ],
17 silly audit   'jasmine-core': [ '5.6.0', '4.6.1' ],
17 silly audit   'jest-worker': [ '27.5.1' ],
17 silly audit   'supports-color': [ '8.1.1', '7.2.0' ],
17 silly audit   jiti: [ '1.21.7' ],
17 silly audit   'js-tokens': [ '4.0.0' ],
17 silly audit   'js-yaml': [ '4.1.0' ],
17 silly audit   jsbn: [ '1.1.0' ],
17 silly audit   jsesc: [ '3.1.0', '3.0.2' ],
17 silly audit   'json-parse-even-better-errors': [ '4.0.0', '2.3.1' ],
17 silly audit   'json-schema-traverse': [ '1.0.0' ],
17 silly audit   json5: [ '2.2.3' ],
17 silly audit   'jsonc-parser': [ '3.3.1' ],
17 silly audit   jsonfile: [ '4.0.0' ],
17 silly audit   jsonparse: [ '1.3.1' ],
17 silly audit   karma: [ '6.4.4' ],
17 silly audit   'karma-chrome-launcher': [ '3.2.0' ],
17 silly audit   'karma-coverage': [ '2.2.1' ],
17 silly audit   'karma-jasmine': [ '5.1.0' ],
17 silly audit   'karma-jasmine-html-reporter': [ '2.1.0' ],
17 silly audit   'karma-source-map-support': [ '1.4.0' ],
17 silly audit   readdirp: [ '3.6.0', '4.1.2' ],
17 silly audit   tmp: [ '0.2.3', '0.0.33' ],
17 silly audit   yargs: [ '16.2.0', '17.7.2' ],
17 silly audit   'yargs-parser': [ '20.2.9', '21.1.1' ],
17 silly audit   kdbush: [ '4.0.2' ],
17 silly audit   'kind-of': [ '6.0.3' ],
17 silly audit   'launch-editor': [ '2.10.0' ],
17 silly audit   leaflet: [ '1.9.4' ],
17 silly audit   less: [ '4.2.2' ],
17 silly audit   'less-loader': [ '12.2.0' ],
17 silly audit   'make-dir': [ '2.1.0', '4.0.0' ],
17 silly audit   mime: [ '1.6.0', '2.6.0' ],
17 silly audit   'license-webpack-plugin': [ '4.0.2' ],
17 silly audit   'lines-and-columns': [ '1.2.4' ],
17 silly audit   listr2: [ '8.2.5' ],
17 silly audit   lmdb: [ '3.2.6' ],
17 silly audit   'loader-runner': [ '4.3.0' ],
17 silly audit   'locate-path': [ '7.2.0' ],
17 silly audit   lodash: [ '4.17.21' ],
17 silly audit   'lodash.debounce': [ '4.0.8' ],
17 silly audit   'lodash.throttle': [ '4.1.1' ],
17 silly audit   'log-symbols': [ '4.1.0' ],
17 silly audit   'log-update': [ '6.1.0' ],
17 silly audit   'slice-ansi': [ '7.1.0', '5.0.0' ],
17 silly audit   log4js: [ '6.9.1' ],
17 silly audit   'magic-string': [ '0.30.17' ],
17 silly audit   'make-fetch-happen': [ '14.0.3' ],
17 silly audit   'mapbox-gl': [ '3.14.0' ],
17 silly audit   'martinez-polygon-clipping': [ '0.7.4' ],
17 silly audit   tinyqueue: [ '1.2.3', '3.0.0' ],
17 silly audit   'math-intrinsics': [ '1.1.0' ],
17 silly audit   'media-typer': [ '0.3.0' ],
17 silly audit   memfs: [ '4.17.2' ],
17 silly audit   'merge-descriptors': [ '1.0.3' ],
17 silly audit   'merge-stream': [ '2.0.0' ],
17 silly audit   merge2: [ '1.4.1' ],
17 silly audit   methods: [ '1.1.2' ],
17 silly audit   micromatch: [ '4.0.8' ],
17 silly audit   'mime-db': [ '1.52.0' ],
17 silly audit   'mime-types': [ '2.1.35' ],
17 silly audit   'mimic-fn': [ '2.1.0' ],
17 silly audit   'mimic-function': [ '5.0.1' ],
17 silly audit   'mini-css-extract-plugin': [ '2.9.2' ],
17 silly audit   'minimalistic-assert': [ '1.0.1' ],
17 silly audit   minimist: [ '1.2.8' ],
17 silly audit   minipass: [ '7.1.2', '3.3.6', '5.0.0' ],
17 silly audit   'minipass-collect': [ '2.0.1' ],
17 silly audit   'minipass-fetch': [ '4.0.1' ],
17 silly audit   'minipass-flush': [ '1.0.5' ],
17 silly audit   'minipass-pipeline': [ '1.2.4' ],
17 silly audit   'minipass-sized': [ '1.0.3' ],
17 silly audit   minizlib: [ '3.0.2', '2.1.2' ],
17 silly audit   mrmime: [ '2.0.1' ],
17 silly audit   msgpackr: [ '1.11.4' ],
17 silly audit   'msgpackr-extract': [ '3.0.3' ],
17 silly audit   'multicast-dns': [ '7.2.5' ],
17 silly audit   'murmurhash-js': [ '1.0.0' ],
17 silly audit   nanoid: [ '3.3.11' ],
17 silly audit   needle: [ '3.3.1' ],
17 silly audit   'neo-async': [ '2.6.2' ],
17 silly audit   'ngx-swiper-wrapper': [ '10.0.0' ],
17 silly audit   'node-forge': [ '1.3.1' ],
17 silly audit   'node-gyp': [ '11.2.0' ],
17 silly audit   'node-gyp-build-optional-packages': [ '5.2.2' ],
17 silly audit   'node-releases': [ '2.0.19' ],
17 silly audit   nopt: [ '8.1.0' ],
17 silly audit   'normalize-path': [ '3.0.0' ],
17 silly audit   'normalize-range': [ '0.1.2' ],
17 silly audit   'npm-bundled': [ '4.0.0' ],
17 silly audit   'npm-install-checks': [ '7.1.1' ],
17 silly audit   'npm-normalize-package-bin': [ '4.0.0' ],
17 silly audit   'npm-package-arg': [ '12.0.2' ],
17 silly audit   'npm-packlist': [ '9.0.0' ],
17 silly audit   'npm-pick-manifest': [ '10.0.0' ],
17 silly audit   'npm-registry-fetch': [ '18.0.2' ],
17 silly audit   'nth-check': [ '2.1.1' ],
17 silly audit   'object-assign': [ '4.1.1' ],
17 silly audit   'object-inspect': [ '1.13.4' ],
17 silly audit   obuf: [ '1.1.2' ],
17 silly audit   'on-headers': [ '1.0.2' ],
17 silly audit   once: [ '1.4.0' ],
17 silly audit   onetime: [ '7.0.0', '5.1.2' ],
17 silly audit   open: [ '10.1.0' ],
17 silly audit   ora: [ '5.4.1' ],
17 silly audit   'restore-cursor': [ '3.1.0', '5.1.0' ],
17 silly audit   'signal-exit': [ '3.0.7', '4.1.0' ],
17 silly audit   'ordered-binary': [ '1.6.0' ],
17 silly audit   'os-tmpdir': [ '1.0.2' ],
17 silly audit   'p-limit': [ '4.0.0' ],
17 silly audit   'p-locate': [ '6.0.0' ],
17 silly audit   'p-map': [ '7.0.3' ],
17 silly audit   'p-retry': [ '6.2.1' ],
17 silly audit   retry: [ '0.13.1', '0.12.0' ],
17 silly audit   'package-json-from-dist': [ '1.0.1' ],
17 silly audit   pacote: [ '20.0.0' ],
17 silly audit   'parent-module': [ '1.0.1' ],
17 silly audit   'parse-json': [ '5.2.0' ],
17 silly audit   'parse-node-version': [ '1.0.1' ],
17 silly audit   parse5: [ '7.3.0' ],
17 silly audit   'parse5-html-rewriting-stream': [ '7.0.0' ],
17 silly audit   'parse5-sax-parser': [ '7.0.0' ],
17 silly audit   parseurl: [ '1.3.3' ],
17 silly audit   'path-exists': [ '5.0.0' ],
17 silly audit   'path-is-absolute': [ '1.0.1' ],
17 silly audit   'path-key': [ '3.1.1' ],
17 silly audit   'path-parse': [ '1.0.7' ],
17 silly audit   'path-scurry': [ '1.11.1' ],
17 silly audit   'path-to-regexp': [ '0.1.12' ],
17 silly audit   'path-type': [ '6.0.0' ],
17 silly audit   pbf: [ '4.0.1' ],
17 silly audit   picocolors: [ '1.1.1' ],
17 silly audit   pify: [ '4.0.1' ],
17 silly audit   piscina: [ '4.8.0' ],
17 silly audit   'pkg-dir': [ '7.0.0' ],
17 silly audit   'postcss-loader': [ '8.1.1' ],
17 silly audit   'postcss-media-query-parser': [ '0.2.3' ],
17 silly audit   'postcss-modules-extract-imports': [ '3.1.0' ],
17 silly audit   'postcss-modules-local-by-default': [ '4.2.0' ],
17 silly audit   'postcss-modules-scope': [ '3.2.1' ],
17 silly audit   'postcss-modules-values': [ '4.0.0' ],
17 silly audit   'postcss-selector-parser': [ '7.1.0' ],
17 silly audit   'postcss-value-parser': [ '4.2.0' ],
17 silly audit   potpack: [ '2.1.0' ],
17 silly audit   'proc-log': [ '5.0.0' ],
17 silly audit   'process-nextick-args': [ '2.0.1' ],
17 silly audit   'promise-retry': [ '2.0.1' ],
17 silly audit   'protocol-buffers-schema': [ '3.6.0' ],
17 silly audit   'proxy-addr': [ '2.0.7' ],
17 silly audit   prr: [ '1.0.1' ],
17 silly audit   punycode: [ '1.4.1' ],
17 silly audit   qjobs: [ '1.2.0' ],
17 silly audit   qs: [ '6.13.0' ],
17 silly audit   'queue-microtask': [ '1.2.3' ],
17 silly audit   quickselect: [ '3.0.0' ],
17 silly audit   randombytes: [ '2.1.0' ],
17 silly audit   'range-parser': [ '1.2.1' ],
17 silly audit   'raw-body': [ '2.5.2' ],
17 silly audit   'reflect-metadata': [ '0.2.2' ],
17 silly audit   regenerate: [ '1.4.2' ],
17 silly audit   'regenerate-unicode-properties': [ '10.2.0' ],
17 silly audit   'regenerator-runtime': [ '0.14.1' ],
17 silly audit   'regex-parser': [ '2.3.1' ],
17 silly audit   'regexpu-core': [ '6.2.0' ],
17 silly audit   regjsgen: [ '0.8.0' ],
17 silly audit   regjsparser: [ '0.12.0' ],
17 silly audit   'require-directory': [ '2.1.1' ],
17 silly audit   'require-from-string': [ '2.0.2' ],
17 silly audit   'requires-port': [ '1.0.0' ],
17 silly audit   resolve: [ '1.22.10' ],
17 silly audit   'resolve-from': [ '4.0.0' ],
17 silly audit   'resolve-protobuf-schema': [ '2.1.0' ],
17 silly audit   'resolve-url-loader': [ '5.0.0' ],
17 silly audit   reusify: [ '1.1.0' ],
17 silly audit   rfdc: [ '1.4.1' ],
17 silly audit   rimraf: [ '3.0.2' ],
17 silly audit   'robust-predicates': [ '2.0.4' ],
17 silly audit   rollup: [ '4.34.8' ],
17 silly audit   'run-applescript': [ '7.0.0' ],
17 silly audit   'run-parallel': [ '1.2.0' ],
17 silly audit   'safe-regex-test': [ '1.1.0' ],
17 silly audit   'safer-buffer': [ '2.1.2' ],
17 silly audit   sass: [ '1.85.0' ],
17 silly audit   'sass-loader': [ '16.0.5' ],
17 silly audit   sax: [ '1.4.1' ],
17 silly audit   'schema-utils': [ '4.3.2' ],
17 silly audit   'select-hose': [ '2.0.0' ],
17 silly audit   selfsigned: [ '2.4.1' ],
17 silly audit   send: [ '0.19.0' ],
17 silly audit   'serialize-javascript': [ '6.0.2' ],
17 silly audit   'serialize-to-js': [ '3.1.2' ],
17 silly audit   'serve-index': [ '1.9.1' ],
17 silly audit   setprototypeof: [ '1.1.0', '1.2.0' ],
17 silly audit   'serve-static': [ '1.16.2' ],
17 silly audit   'shallow-clone': [ '3.0.1' ],
17 silly audit   'shebang-command': [ '2.0.0' ],
17 silly audit   'shebang-regex': [ '3.0.0' ],
17 silly audit   'shell-quote': [ '1.8.3' ],
17 silly audit   'side-channel': [ '1.1.0' ],
17 silly audit   'side-channel-list': [ '1.0.0' ],
17 silly audit   'side-channel-map': [ '1.0.1' ],
17 silly audit   'side-channel-weakmap': [ '1.0.2' ],
17 silly audit   sigstore: [ '3.1.0' ],
17 silly audit   slash: [ '5.1.0' ],
17 silly audit   'smart-buffer': [ '4.2.0' ],
17 silly audit   'socket.io': [ '4.8.1' ],
17 silly audit   'socket.io-adapter': [ '2.5.5' ],
17 silly audit   'socket.io-parser': [ '4.2.4' ],
17 silly audit   sockjs: [ '0.3.24' ],
17 silly audit   socks: [ '2.8.5' ],
17 silly audit   'socks-proxy-agent': [ '8.0.5' ],
17 silly audit   'source-map-js': [ '1.2.1' ],
17 silly audit   'source-map-loader': [ '5.0.0' ],
17 silly audit   'source-map-support': [ '0.5.21' ],
17 silly audit   'spdx-correct': [ '3.2.0' ],
17 silly audit   'spdx-exceptions': [ '2.5.0' ],
17 silly audit   'spdx-expression-parse': [ '3.0.1' ],
17 silly audit   'spdx-license-ids': [ '3.0.21' ],
17 silly audit   spdy: [ '4.0.2' ],
17 silly audit   'spdy-transport': [ '3.0.0' ],
17 silly audit   splaytree: [ '0.1.4' ],
17 silly audit   'sprintf-js': [ '1.1.3' ],
17 silly audit   ssri: [ '12.0.0' ],
17 silly audit   streamroller: [ '3.1.5' ],
17 silly audit   supercluster: [ '8.0.1' ],
17 silly audit   'supports-preserve-symlinks-flag': [ '1.0.0' ],
17 silly audit   swiper: [ '11.2.10' ],
17 silly audit   'symbol-observable': [ '4.0.0' ],
17 silly audit   tailwindcss: [ '4.1.11' ],
17 silly audit   tapable: [ '2.2.2' ],
17 silly audit   terser: [ '5.39.0' ],
17 silly audit   'terser-webpack-plugin': [ '5.3.14' ],
17 silly audit   thingies: [ '1.21.0' ],
17 silly audit   thunky: [ '1.1.0' ],
17 silly audit   tinyglobby: [ '0.2.14' ],
17 silly audit   'to-regex-range': [ '5.0.1' ],
17 silly audit   toidentifier: [ '1.0.1' ],
17 silly audit   'tree-dump': [ '1.0.3' ],
17 silly audit   'tree-kill': [ '1.2.2' ],
17 silly audit   tslib: [ '2.8.1' ],
17 silly audit   'tuf-js': [ '3.1.0' ],
17 silly audit   'type-fest': [ '0.21.3' ],
17 silly audit   'type-is': [ '1.6.18' ],
17 silly audit   'typed-assert': [ '1.0.9' ],
17 silly audit   typescript: [ '5.7.3' ],
17 silly audit   'ua-parser-js': [ '0.7.40' ],
17 silly audit   'undici-types': [ '7.8.0' ],
17 silly audit   'unicode-canonical-property-names-ecmascript': [ '2.0.1' ],
17 silly audit   'unicode-match-property-ecmascript': [ '2.0.0' ],
17 silly audit   'unicode-match-property-value-ecmascript': [ '2.2.0' ],
17 silly audit   'unicode-property-aliases-ecmascript': [ '2.1.0' ],
17 silly audit   'unicorn-magic': [ '0.3.0' ],
17 silly audit   'unique-filename': [ '4.0.0' ],
17 silly audit   'unique-slug': [ '5.0.0' ],
17 silly audit   universalify: [ '0.1.2' ],
17 silly audit   unpipe: [ '1.0.0' ],
17 silly audit   'update-browserslist-db': [ '1.1.3' ],
17 silly audit   'util-deprecate': [ '1.0.2' ],
17 silly audit   'utils-merge': [ '1.0.1' ],
17 silly audit   uuid: [ '8.3.2' ],
17 silly audit   'validate-npm-package-license': [ '3.0.4' ],
17 silly audit   'validate-npm-package-name': [ '6.0.1' ],
17 silly audit   vary: [ '1.1.2' ],
17 silly audit   'void-elements': [ '2.0.1' ],
17 silly audit   watchpack: [ '2.4.2' ],
17 silly audit   wbuf: [ '1.7.3' ],
17 silly audit   wcwidth: [ '1.0.1' ],
17 silly audit   'weak-lru-cache': [ '1.2.2' ],
17 silly audit   webpack: [ '5.98.0' ],
17 silly audit   'webpack-dev-middleware': [ '7.4.2' ],
17 silly audit   'webpack-dev-server': [ '5.2.2' ],
17 silly audit   ws: [ '8.18.3', '8.17.1' ],
17 silly audit   'webpack-merge': [ '6.0.1' ],
17 silly audit   'webpack-sources': [ '3.3.3' ],
17 silly audit   'webpack-subresource-integrity': [ '5.1.0' ],
17 silly audit   'websocket-driver': [ '0.7.4' ],
17 silly audit   'websocket-extensions': [ '0.1.4' ],
17 silly audit   wildcard: [ '2.0.1' ],
17 silly audit   wrappy: [ '1.0.2' ],
17 silly audit   y18n: [ '5.0.8' ],
17 silly audit   'yocto-queue': [ '1.2.1' ],
17 silly audit   'yoctocolors-cjs': [ '2.1.2' ],
17 silly audit   'zone.js': [ '0.15.1' ]
17 silly audit }
18 verbose reify failed optional dependency C:\impresslola\node_modules\fsevents
19 silly reify mark deleted [ 'C:\\impresslola\\node_modules\\fsevents' ]
20 verbose reify failed optional dependency C:\impresslola\node_modules\@rollup\rollup-win32-ia32-msvc
21 silly reify mark deleted [ 'C:\\impresslola\\node_modules\\@rollup\\rollup-win32-ia32-msvc' ]
22 verbose reify failed optional dependency C:\impresslola\node_modules\@rollup\rollup-win32-arm64-msvc
23 silly reify mark deleted [ 'C:\\impresslola\\node_modules\\@rollup\\rollup-win32-arm64-msvc' ]
24 verbose reify failed optional dependency C:\impresslola\node_modules\@rollup\rollup-linux-x64-musl
25 silly reify mark deleted [ 'C:\\impresslola\\node_modules\\@rollup\\rollup-linux-x64-musl' ]
26 verbose reify failed optional dependency C:\impresslola\node_modules\@rollup\rollup-linux-x64-gnu
27 silly reify mark deleted [ 'C:\\impresslola\\node_modules\\@rollup\\rollup-linux-x64-gnu' ]
28 verbose reify failed optional dependency C:\impresslola\node_modules\@rollup\rollup-linux-s390x-gnu
29 silly reify mark deleted [ 'C:\\impresslola\\node_modules\\@rollup\\rollup-linux-s390x-gnu' ]
30 verbose reify failed optional dependency C:\impresslola\node_modules\@rollup\rollup-linux-riscv64-gnu
31 silly reify mark deleted [ 'C:\\impresslola\\node_modules\\@rollup\\rollup-linux-riscv64-gnu' ]
32 verbose reify failed optional dependency C:\impresslola\node_modules\@rollup\rollup-linux-powerpc64le-gnu
33 silly reify mark deleted [
33 silly reify   'C:\\impresslola\\node_modules\\@rollup\\rollup-linux-powerpc64le-gnu'
33 silly reify ]
34 verbose reify failed optional dependency C:\impresslola\node_modules\@rollup\rollup-linux-loongarch64-gnu
35 silly reify mark deleted [
35 silly reify   'C:\\impresslola\\node_modules\\@rollup\\rollup-linux-loongarch64-gnu'
35 silly reify ]
36 verbose reify failed optional dependency C:\impresslola\node_modules\@rollup\rollup-linux-arm64-musl
37 silly reify mark deleted [ 'C:\\impresslola\\node_modules\\@rollup\\rollup-linux-arm64-musl' ]
38 verbose reify failed optional dependency C:\impresslola\node_modules\@rollup\rollup-linux-arm64-gnu
39 silly reify mark deleted [ 'C:\\impresslola\\node_modules\\@rollup\\rollup-linux-arm64-gnu' ]
40 verbose reify failed optional dependency C:\impresslola\node_modules\@rollup\rollup-linux-arm-musleabihf
41 silly reify mark deleted [
41 silly reify   'C:\\impresslola\\node_modules\\@rollup\\rollup-linux-arm-musleabihf'
41 silly reify ]
42 verbose reify failed optional dependency C:\impresslola\node_modules\@rollup\rollup-linux-arm-gnueabihf
43 silly reify mark deleted [
43 silly reify   'C:\\impresslola\\node_modules\\@rollup\\rollup-linux-arm-gnueabihf'
43 silly reify ]
44 verbose reify failed optional dependency C:\impresslola\node_modules\@rollup\rollup-freebsd-x64
45 silly reify mark deleted [ 'C:\\impresslola\\node_modules\\@rollup\\rollup-freebsd-x64' ]
46 verbose reify failed optional dependency C:\impresslola\node_modules\@rollup\rollup-freebsd-arm64
47 silly reify mark deleted [ 'C:\\impresslola\\node_modules\\@rollup\\rollup-freebsd-arm64' ]
48 verbose reify failed optional dependency C:\impresslola\node_modules\@rollup\rollup-darwin-x64
49 silly reify mark deleted [ 'C:\\impresslola\\node_modules\\@rollup\\rollup-darwin-x64' ]
50 verbose reify failed optional dependency C:\impresslola\node_modules\@rollup\rollup-darwin-arm64
51 silly reify mark deleted [ 'C:\\impresslola\\node_modules\\@rollup\\rollup-darwin-arm64' ]
52 verbose reify failed optional dependency C:\impresslola\node_modules\@rollup\rollup-android-arm64
53 silly reify mark deleted [ 'C:\\impresslola\\node_modules\\@rollup\\rollup-android-arm64' ]
54 verbose reify failed optional dependency C:\impresslola\node_modules\@rollup\rollup-android-arm-eabi
55 silly reify mark deleted [ 'C:\\impresslola\\node_modules\\@rollup\\rollup-android-arm-eabi' ]
56 verbose reify failed optional dependency C:\impresslola\node_modules\@parcel\watcher-win32-ia32
57 silly reify mark deleted [ 'C:\\impresslola\\node_modules\\@parcel\\watcher-win32-ia32' ]
58 verbose reify failed optional dependency C:\impresslola\node_modules\@parcel\watcher-win32-arm64
59 silly reify mark deleted [ 'C:\\impresslola\\node_modules\\@parcel\\watcher-win32-arm64' ]
60 verbose reify failed optional dependency C:\impresslola\node_modules\@parcel\watcher-linux-x64-musl
61 silly reify mark deleted [ 'C:\\impresslola\\node_modules\\@parcel\\watcher-linux-x64-musl' ]
62 verbose reify failed optional dependency C:\impresslola\node_modules\@parcel\watcher-linux-x64-glibc
63 silly reify mark deleted [ 'C:\\impresslola\\node_modules\\@parcel\\watcher-linux-x64-glibc' ]
64 verbose reify failed optional dependency C:\impresslola\node_modules\@parcel\watcher-linux-arm64-musl
65 silly reify mark deleted [ 'C:\\impresslola\\node_modules\\@parcel\\watcher-linux-arm64-musl' ]
66 verbose reify failed optional dependency C:\impresslola\node_modules\@parcel\watcher-linux-arm64-glibc
67 silly reify mark deleted [ 'C:\\impresslola\\node_modules\\@parcel\\watcher-linux-arm64-glibc' ]
68 verbose reify failed optional dependency C:\impresslola\node_modules\@parcel\watcher-linux-arm-musl
69 silly reify mark deleted [ 'C:\\impresslola\\node_modules\\@parcel\\watcher-linux-arm-musl' ]
70 verbose reify failed optional dependency C:\impresslola\node_modules\@parcel\watcher-linux-arm-glibc
71 silly reify mark deleted [ 'C:\\impresslola\\node_modules\\@parcel\\watcher-linux-arm-glibc' ]
72 verbose reify failed optional dependency C:\impresslola\node_modules\@parcel\watcher-freebsd-x64
73 silly reify mark deleted [ 'C:\\impresslola\\node_modules\\@parcel\\watcher-freebsd-x64' ]
74 verbose reify failed optional dependency C:\impresslola\node_modules\@parcel\watcher-darwin-x64
75 silly reify mark deleted [ 'C:\\impresslola\\node_modules\\@parcel\\watcher-darwin-x64' ]
76 verbose reify failed optional dependency C:\impresslola\node_modules\@parcel\watcher-darwin-arm64
77 silly reify mark deleted [ 'C:\\impresslola\\node_modules\\@parcel\\watcher-darwin-arm64' ]
78 verbose reify failed optional dependency C:\impresslola\node_modules\@parcel\watcher-android-arm64
79 silly reify mark deleted [ 'C:\\impresslola\\node_modules\\@parcel\\watcher-android-arm64' ]
80 verbose reify failed optional dependency C:\impresslola\node_modules\@napi-rs\nice-win32-ia32-msvc
81 silly reify mark deleted [ 'C:\\impresslola\\node_modules\\@napi-rs\\nice-win32-ia32-msvc' ]
82 verbose reify failed optional dependency C:\impresslola\node_modules\@napi-rs\nice-win32-arm64-msvc
83 silly reify mark deleted [ 'C:\\impresslola\\node_modules\\@napi-rs\\nice-win32-arm64-msvc' ]
84 verbose reify failed optional dependency C:\impresslola\node_modules\@napi-rs\nice-linux-x64-musl
85 silly reify mark deleted [ 'C:\\impresslola\\node_modules\\@napi-rs\\nice-linux-x64-musl' ]
86 verbose reify failed optional dependency C:\impresslola\node_modules\@napi-rs\nice-linux-x64-gnu
87 silly reify mark deleted [ 'C:\\impresslola\\node_modules\\@napi-rs\\nice-linux-x64-gnu' ]
88 verbose reify failed optional dependency C:\impresslola\node_modules\@napi-rs\nice-linux-s390x-gnu
89 silly reify mark deleted [ 'C:\\impresslola\\node_modules\\@napi-rs\\nice-linux-s390x-gnu' ]
90 verbose reify failed optional dependency C:\impresslola\node_modules\@napi-rs\nice-linux-riscv64-gnu
91 silly reify mark deleted [ 'C:\\impresslola\\node_modules\\@napi-rs\\nice-linux-riscv64-gnu' ]
92 verbose reify failed optional dependency C:\impresslola\node_modules\@napi-rs\nice-linux-ppc64-gnu
93 silly reify mark deleted [ 'C:\\impresslola\\node_modules\\@napi-rs\\nice-linux-ppc64-gnu' ]
94 verbose reify failed optional dependency C:\impresslola\node_modules\@napi-rs\nice-linux-arm64-musl
95 silly reify mark deleted [ 'C:\\impresslola\\node_modules\\@napi-rs\\nice-linux-arm64-musl' ]
96 verbose reify failed optional dependency C:\impresslola\node_modules\@napi-rs\nice-linux-arm64-gnu
97 silly reify mark deleted [ 'C:\\impresslola\\node_modules\\@napi-rs\\nice-linux-arm64-gnu' ]
98 verbose reify failed optional dependency C:\impresslola\node_modules\@napi-rs\nice-linux-arm-gnueabihf
99 silly reify mark deleted [ 'C:\\impresslola\\node_modules\\@napi-rs\\nice-linux-arm-gnueabihf' ]
100 verbose reify failed optional dependency C:\impresslola\node_modules\@napi-rs\nice-freebsd-x64
101 silly reify mark deleted [ 'C:\\impresslola\\node_modules\\@napi-rs\\nice-freebsd-x64' ]
102 verbose reify failed optional dependency C:\impresslola\node_modules\@napi-rs\nice-darwin-x64
103 silly reify mark deleted [ 'C:\\impresslola\\node_modules\\@napi-rs\\nice-darwin-x64' ]
104 verbose reify failed optional dependency C:\impresslola\node_modules\@napi-rs\nice-darwin-arm64
105 silly reify mark deleted [ 'C:\\impresslola\\node_modules\\@napi-rs\\nice-darwin-arm64' ]
106 verbose reify failed optional dependency C:\impresslola\node_modules\@napi-rs\nice-android-arm64
107 silly reify mark deleted [ 'C:\\impresslola\\node_modules\\@napi-rs\\nice-android-arm64' ]
108 verbose reify failed optional dependency C:\impresslola\node_modules\@napi-rs\nice-android-arm-eabi
109 silly reify mark deleted [ 'C:\\impresslola\\node_modules\\@napi-rs\\nice-android-arm-eabi' ]
110 verbose reify failed optional dependency C:\impresslola\node_modules\@msgpackr-extract\msgpackr-extract-linux-x64
111 silly reify mark deleted [
111 silly reify   'C:\\impresslola\\node_modules\\@msgpackr-extract\\msgpackr-extract-linux-x64'
111 silly reify ]
112 verbose reify failed optional dependency C:\impresslola\node_modules\@msgpackr-extract\msgpackr-extract-linux-arm64
113 silly reify mark deleted [
113 silly reify   'C:\\impresslola\\node_modules\\@msgpackr-extract\\msgpackr-extract-linux-arm64'
113 silly reify ]
114 verbose reify failed optional dependency C:\impresslola\node_modules\@msgpackr-extract\msgpackr-extract-linux-arm
115 silly reify mark deleted [
115 silly reify   'C:\\impresslola\\node_modules\\@msgpackr-extract\\msgpackr-extract-linux-arm'
115 silly reify ]
116 verbose reify failed optional dependency C:\impresslola\node_modules\@msgpackr-extract\msgpackr-extract-darwin-x64
117 silly reify mark deleted [
117 silly reify   'C:\\impresslola\\node_modules\\@msgpackr-extract\\msgpackr-extract-darwin-x64'
117 silly reify ]
118 verbose reify failed optional dependency C:\impresslola\node_modules\@msgpackr-extract\msgpackr-extract-darwin-arm64
119 silly reify mark deleted [
119 silly reify   'C:\\impresslola\\node_modules\\@msgpackr-extract\\msgpackr-extract-darwin-arm64'
119 silly reify ]
120 verbose reify failed optional dependency C:\impresslola\node_modules\@lmdb\lmdb-linux-x64
121 silly reify mark deleted [ 'C:\\impresslola\\node_modules\\@lmdb\\lmdb-linux-x64' ]
122 verbose reify failed optional dependency C:\impresslola\node_modules\@lmdb\lmdb-linux-arm64
123 silly reify mark deleted [ 'C:\\impresslola\\node_modules\\@lmdb\\lmdb-linux-arm64' ]
124 verbose reify failed optional dependency C:\impresslola\node_modules\@lmdb\lmdb-linux-arm
125 silly reify mark deleted [ 'C:\\impresslola\\node_modules\\@lmdb\\lmdb-linux-arm' ]
126 verbose reify failed optional dependency C:\impresslola\node_modules\@lmdb\lmdb-darwin-x64
127 silly reify mark deleted [ 'C:\\impresslola\\node_modules\\@lmdb\\lmdb-darwin-x64' ]
128 verbose reify failed optional dependency C:\impresslola\node_modules\@lmdb\lmdb-darwin-arm64
129 silly reify mark deleted [ 'C:\\impresslola\\node_modules\\@lmdb\\lmdb-darwin-arm64' ]
130 verbose reify failed optional dependency C:\impresslola\node_modules\@esbuild\win32-ia32
131 silly reify mark deleted [ 'C:\\impresslola\\node_modules\\@esbuild\\win32-ia32' ]
132 verbose reify failed optional dependency C:\impresslola\node_modules\@esbuild\win32-arm64
133 silly reify mark deleted [ 'C:\\impresslola\\node_modules\\@esbuild\\win32-arm64' ]
134 verbose reify failed optional dependency C:\impresslola\node_modules\@esbuild\sunos-x64
135 silly reify mark deleted [ 'C:\\impresslola\\node_modules\\@esbuild\\sunos-x64' ]
136 verbose reify failed optional dependency C:\impresslola\node_modules\@esbuild\openbsd-x64
137 silly reify mark deleted [ 'C:\\impresslola\\node_modules\\@esbuild\\openbsd-x64' ]
138 verbose reify failed optional dependency C:\impresslola\node_modules\@esbuild\openbsd-arm64
139 silly reify mark deleted [ 'C:\\impresslola\\node_modules\\@esbuild\\openbsd-arm64' ]
140 verbose reify failed optional dependency C:\impresslola\node_modules\@esbuild\netbsd-x64
141 silly reify mark deleted [ 'C:\\impresslola\\node_modules\\@esbuild\\netbsd-x64' ]
142 verbose reify failed optional dependency C:\impresslola\node_modules\@esbuild\netbsd-arm64
143 silly reify mark deleted [ 'C:\\impresslola\\node_modules\\@esbuild\\netbsd-arm64' ]
144 verbose reify failed optional dependency C:\impresslola\node_modules\@esbuild\linux-x64
145 silly reify mark deleted [ 'C:\\impresslola\\node_modules\\@esbuild\\linux-x64' ]
146 verbose reify failed optional dependency C:\impresslola\node_modules\@esbuild\linux-s390x
147 silly reify mark deleted [ 'C:\\impresslola\\node_modules\\@esbuild\\linux-s390x' ]
148 verbose reify failed optional dependency C:\impresslola\node_modules\@esbuild\linux-riscv64
149 silly reify mark deleted [ 'C:\\impresslola\\node_modules\\@esbuild\\linux-riscv64' ]
150 verbose reify failed optional dependency C:\impresslola\node_modules\@esbuild\linux-ppc64
151 silly reify mark deleted [ 'C:\\impresslola\\node_modules\\@esbuild\\linux-ppc64' ]
152 verbose reify failed optional dependency C:\impresslola\node_modules\@esbuild\linux-mips64el
153 silly reify mark deleted [ 'C:\\impresslola\\node_modules\\@esbuild\\linux-mips64el' ]
154 verbose reify failed optional dependency C:\impresslola\node_modules\@esbuild\linux-loong64
155 silly reify mark deleted [ 'C:\\impresslola\\node_modules\\@esbuild\\linux-loong64' ]
156 verbose reify failed optional dependency C:\impresslola\node_modules\@esbuild\linux-ia32
157 silly reify mark deleted [ 'C:\\impresslola\\node_modules\\@esbuild\\linux-ia32' ]
158 verbose reify failed optional dependency C:\impresslola\node_modules\@esbuild\linux-arm64
159 silly reify mark deleted [ 'C:\\impresslola\\node_modules\\@esbuild\\linux-arm64' ]
160 verbose reify failed optional dependency C:\impresslola\node_modules\@esbuild\linux-arm
161 silly reify mark deleted [ 'C:\\impresslola\\node_modules\\@esbuild\\linux-arm' ]
162 verbose reify failed optional dependency C:\impresslola\node_modules\@esbuild\freebsd-x64
163 silly reify mark deleted [ 'C:\\impresslola\\node_modules\\@esbuild\\freebsd-x64' ]
164 verbose reify failed optional dependency C:\impresslola\node_modules\@esbuild\freebsd-arm64
165 silly reify mark deleted [ 'C:\\impresslola\\node_modules\\@esbuild\\freebsd-arm64' ]
166 verbose reify failed optional dependency C:\impresslola\node_modules\@esbuild\darwin-x64
167 silly reify mark deleted [ 'C:\\impresslola\\node_modules\\@esbuild\\darwin-x64' ]
168 verbose reify failed optional dependency C:\impresslola\node_modules\@esbuild\darwin-arm64
169 silly reify mark deleted [ 'C:\\impresslola\\node_modules\\@esbuild\\darwin-arm64' ]
170 verbose reify failed optional dependency C:\impresslola\node_modules\@esbuild\android-x64
171 silly reify mark deleted [ 'C:\\impresslola\\node_modules\\@esbuild\\android-x64' ]
172 verbose reify failed optional dependency C:\impresslola\node_modules\@esbuild\android-arm64
173 silly reify mark deleted [ 'C:\\impresslola\\node_modules\\@esbuild\\android-arm64' ]
174 verbose reify failed optional dependency C:\impresslola\node_modules\@esbuild\android-arm
175 silly reify mark deleted [ 'C:\\impresslola\\node_modules\\@esbuild\\android-arm' ]
176 verbose reify failed optional dependency C:\impresslola\node_modules\@esbuild\aix-ppc64
177 silly reify mark deleted [ 'C:\\impresslola\\node_modules\\@esbuild\\aix-ppc64' ]
178 http fetch POST 200 https://registry.npmjs.org/-/npm/v1/security/advisories/bulk 1323ms
179 silly audit report {
179 silly audit report   tmp: [
179 silly audit report     {
179 silly audit report       id: 1106849,
179 silly audit report       url: 'https://github.com/advisories/GHSA-52f5-9888-hmc6',
179 silly audit report       title: 'tmp allows arbitrary temporary file / directory write via symbolic link `dir` parameter',
179 silly audit report       severity: 'low',
179 silly audit report       vulnerable_versions: '<=0.2.3',
179 silly audit report       cwe: [Array],
179 silly audit report       cvss: [Object]
179 silly audit report     }
179 silly audit report   ],
179 silly audit report   'on-headers': [
179 silly audit report     {
179 silly audit report       id: 1106812,
179 silly audit report       url: 'https://github.com/advisories/GHSA-76c9-3jph-rj3q',
179 silly audit report       title: 'on-headers is vulnerable to http response header manipulation',
179 silly audit report       severity: 'low',
179 silly audit report       vulnerable_versions: '<1.1.0',
179 silly audit report       cwe: [Array],
179 silly audit report       cvss: [Object]
179 silly audit report     }
179 silly audit report   ]
179 silly audit report }
180 silly packumentCache corgi:https://registry.npmjs.org/tmp cache-miss
181 silly packumentCache corgi:https://registry.npmjs.org/on-headers cache-miss
182 http fetch GET 200 https://registry.npmjs.org/tmp 648ms (cache miss)
183 silly packumentCache corgi:https://registry.npmjs.org/tmp set size:undefined disposed:false
184 http fetch GET 200 https://registry.npmjs.org/on-headers 848ms (cache revalidated)
185 silly packumentCache corgi:https://registry.npmjs.org/on-headers set size:4386 disposed:false
186 silly packumentCache corgi:https://registry.npmjs.org/karma cache-miss
187 silly packumentCache corgi:https://registry.npmjs.org/external-editor cache-miss
188 http fetch GET 200 https://registry.npmjs.org/karma 144ms (cache miss)
189 silly packumentCache corgi:https://registry.npmjs.org/karma set size:undefined disposed:false
190 http fetch GET 200 https://registry.npmjs.org/external-editor 219ms (cache miss)
191 silly packumentCache corgi:https://registry.npmjs.org/external-editor set size:undefined disposed:false
192 silly packumentCache corgi:https://registry.npmjs.org/compression cache-miss
193 http fetch GET 200 https://registry.npmjs.org/compression 118ms (cache revalidated)
194 silly packumentCache corgi:https://registry.npmjs.org/compression set size:31993 disposed:false
195 silly packumentCache corgi:https://registry.npmjs.org/@inquirer%2feditor cache-miss
196 http fetch GET 200 https://registry.npmjs.org/@inquirer%2feditor 176ms (cache miss)
197 silly packumentCache corgi:https://registry.npmjs.org/@inquirer%2feditor set size:undefined disposed:false
198 silly packumentCache corgi:https://registry.npmjs.org/webpack-dev-server cache-miss
199 http fetch GET 200 https://registry.npmjs.org/webpack-dev-server 103ms (cache revalidated)
200 silly packumentCache corgi:https://registry.npmjs.org/webpack-dev-server set size:455204 disposed:false
201 silly packumentCache corgi:https://registry.npmjs.org/@inquirer%2fprompts cache-miss
202 http fetch GET 200 https://registry.npmjs.org/@inquirer%2fprompts 191ms (cache miss)
203 silly packumentCache corgi:https://registry.npmjs.org/@inquirer%2fprompts set size:undefined disposed:false
204 silly packumentCache corgi:https://registry.npmjs.org/@angular%2fcli cache-miss
205 http fetch GET 200 https://registry.npmjs.org/@angular%2fcli 1205ms (cache miss)
206 silly packumentCache corgi:https://registry.npmjs.org/@angular%2fcli set size:undefined disposed:false
207 silly ADD
208 silly ADD
209 silly ADD
210 silly ADD
211 silly ADD
212 silly ADD
213 silly ADD
214 silly ADD
215 silly ADD
216 silly ADD
217 silly ADD
218 silly ADD
219 silly ADD
220 silly ADD
221 silly ADD
222 silly ADD
223 silly ADD
224 silly ADD
225 silly ADD
226 silly ADD
227 silly ADD
228 silly ADD
229 silly ADD
230 silly ADD
231 silly ADD
232 silly ADD
233 silly ADD
234 silly ADD
235 silly ADD
236 silly ADD
237 silly ADD
238 silly ADD
239 silly ADD
240 silly ADD
241 silly ADD
242 silly ADD
243 silly ADD
244 silly ADD
245 silly ADD
246 silly ADD
247 silly ADD
248 silly ADD
249 silly ADD
250 silly ADD
251 silly ADD
252 silly ADD
253 silly ADD
254 silly ADD
255 silly ADD
256 silly ADD
257 silly ADD
258 silly ADD
259 silly ADD
260 silly ADD
261 silly ADD
262 silly ADD
263 silly ADD
264 silly ADD
265 silly ADD
266 silly ADD
267 silly ADD
268 silly ADD
269 silly ADD
270 silly ADD
271 silly ADD
272 silly ADD
273 silly ADD
274 silly ADD
275 silly ADD
276 silly ADD
277 silly ADD
278 silly ADD
279 silly ADD
280 silly ADD
281 silly ADD
282 silly ADD
283 silly ADD
284 silly ADD
285 silly ADD
286 silly ADD
287 silly REMOVE node_modules/vite
288 silly REMOVE node_modules/vite/node_modules/rollup
289 silly REMOVE node_modules/vite/node_modules/@types/estree
290 silly REMOVE node_modules/vite/node_modules/@rollup/rollup-win32-x64-msvc
291 verbose cwd C:\impresslola
292 verbose os Windows_NT 10.0.26100
293 verbose node v20.17.0
294 verbose npm  v11.1.0
295 verbose exit 0
296 info ok
