0 verbose cli C:\Program Files\nodejs\node.exe C:\Users\21260\AppData\Roaming\npm\node_modules\npm\bin\npm-cli.js
1 info using npm@11.1.0
2 info using node@v20.17.0
3 silly config load:file:C:\Users\21260\AppData\Roaming\npm\node_modules\npm\npmrc
4 silly config load:file:C:\impresslola\.npmrc
5 silly config load:file:C:\Users\21260\.npmrc
6 silly config load:file:C:\Users\21260\AppData\Roaming\npm\etc\npmrc
7 verbose title npm run build
8 verbose argv "run" "build"
9 verbose logfile logs-max:10 dir:C:\impresslola\clear\_logs\2025-08-31T18_25_22_815Z-
10 verbose logfile C:\impresslola\clear\_logs\2025-08-31T18_25_22_815Z-debug-0.log
11 silly logfile start cleaning logs, removing 2 files
12 silly logfile error removing log file C:\impresslola\clear\_logs\2025-08-31T14_22_25_191Z-debug-0.log [Error: EPERM: operation not permitted, lstat 'C:\impresslola\clear\_logs\2025-08-31T14_22_25_191Z-debug-0.log'] {
12 silly logfile   errno: -4048,
12 silly logfile   code: 'EPERM',
12 silly logfile   syscall: 'lstat',
12 silly logfile   path: 'C:\\impresslola\\clear\\_logs\\2025-08-31T14_22_25_191Z-debug-0.log'
12 silly logfile }
13 silly logfile done cleaning log files
14 verbose cwd C:\impresslola
15 verbose os Windows_NT 10.0.26100
16 verbose node v20.17.0
17 verbose npm  v11.1.0
18 verbose exit 0
19 info ok
